Component: Arm Compiler for Embedded 6.18 Tool: armlink [5e4cc100]

==============================================================================

Section Cross References

    startup_stm32wb55xx_cm4.o(RESET) refers to startup_stm32wb55xx_cm4.o(STACK) for __initial_sp
    startup_stm32wb55xx_cm4.o(RESET) refers to startup_stm32wb55xx_cm4.o(.text) for Reset_Handler
    startup_stm32wb55xx_cm4.o(RESET) refers to stm32wbxx_it.o(.text.NMI_Handler) for NMI_Handler
    startup_stm32wb55xx_cm4.o(RESET) refers to stm32wbxx_it.o(.text.HardFault_Handler) for HardFault_Handler
    startup_stm32wb55xx_cm4.o(RESET) refers to stm32wbxx_it.o(.text.MemManage_Handler) for MemManage_Handler
    startup_stm32wb55xx_cm4.o(RESET) refers to stm32wbxx_it.o(.text.BusFault_Handler) for BusFault_Handler
    startup_stm32wb55xx_cm4.o(RESET) refers to stm32wbxx_it.o(.text.UsageFault_Handler) for UsageFault_Handler
    startup_stm32wb55xx_cm4.o(RESET) refers to stm32wbxx_it.o(.text.SVC_Handler) for SVC_Handler
    startup_stm32wb55xx_cm4.o(RESET) refers to stm32wbxx_it.o(.text.DebugMon_Handler) for DebugMon_Handler
    startup_stm32wb55xx_cm4.o(RESET) refers to stm32wbxx_it.o(.text.PendSV_Handler) for PendSV_Handler
    startup_stm32wb55xx_cm4.o(RESET) refers to stm32wbxx_it.o(.text.SysTick_Handler) for SysTick_Handler
    startup_stm32wb55xx_cm4.o(.text) refers to system_stm32wbxx.o(.text.SystemInit) for SystemInit
    startup_stm32wb55xx_cm4.o(.text) refers to entry.o(.ARM.Collect$$$$00000000) for __main
    main.o(.text.fputc) refers to usart.o(.bss.huart1) for huart1
    main.o(.text.fputc) refers to stm32wbxx_hal_uart.o(.text.HAL_UART_Transmit) for HAL_UART_Transmit
    main.o(.ARM.exidx.text.fputc) refers to main.o(.text.fputc) for [Anonymous Symbol]
    main.o(.text.main) refers to stm32wbxx_hal.o(.text.HAL_Init) for HAL_Init
    main.o(.text.main) refers to main.o(.text.SystemClock_Config) for SystemClock_Config
    main.o(.text.main) refers to main.o(.text.PeriphCommonClock_Config) for PeriphCommonClock_Config
    main.o(.text.main) refers to stm32wbxx_hal_gpio.o(.text.HAL_GPIO_WritePin) for HAL_GPIO_WritePin
    main.o(.text.main) refers to gpio.o(.text.MX_GPIO_Init) for MX_GPIO_Init
    main.o(.text.main) refers to usart.o(.text.MX_USART1_UART_Init) for MX_USART1_UART_Init
    main.o(.text.main) refers to main.o(.rodata.str1.1) for .L.str
    main.o(.text.main) refers to printfa.o(i.__0printf) for printf
    main.o(.text.main) refers to stm32wbxx_hal.o(.text.HAL_Delay) for HAL_Delay
    main.o(.ARM.exidx.text.main) refers to main.o(.text.main) for [Anonymous Symbol]
    main.o(.text.SystemClock_Config) refers to memseta.o(.text) for __aeabi_memclr4
    main.o(.text.SystemClock_Config) refers to stm32wbxx_hal_rcc.o(.text.HAL_RCC_OscConfig) for HAL_RCC_OscConfig
    main.o(.text.SystemClock_Config) refers to main.o(.text.Error_Handler) for Error_Handler
    main.o(.text.SystemClock_Config) refers to stm32wbxx_hal_rcc.o(.text.HAL_RCC_ClockConfig) for HAL_RCC_ClockConfig
    main.o(.ARM.exidx.text.SystemClock_Config) refers to main.o(.text.SystemClock_Config) for [Anonymous Symbol]
    main.o(.text.PeriphCommonClock_Config) refers to memseta.o(.text) for __aeabi_memclr4
    main.o(.text.PeriphCommonClock_Config) refers to stm32wbxx_hal_rcc_ex.o(.text.HAL_RCCEx_PeriphCLKConfig) for HAL_RCCEx_PeriphCLKConfig
    main.o(.text.PeriphCommonClock_Config) refers to main.o(.text.Error_Handler) for Error_Handler
    main.o(.ARM.exidx.text.PeriphCommonClock_Config) refers to main.o(.text.PeriphCommonClock_Config) for [Anonymous Symbol]
    main.o(.ARM.exidx.text.Error_Handler) refers to main.o(.text.Error_Handler) for [Anonymous Symbol]
    gpio.o(.text.MX_GPIO_Init) refers to gpio.o(.text.LL_AHB2_GRP1_EnableClock) for LL_AHB2_GRP1_EnableClock
    gpio.o(.text.MX_GPIO_Init) refers to stm32wbxx_hal_gpio.o(.text.HAL_GPIO_WritePin) for HAL_GPIO_WritePin
    gpio.o(.text.MX_GPIO_Init) refers to stm32wbxx_hal_gpio.o(.text.HAL_GPIO_Init) for HAL_GPIO_Init
    gpio.o(.ARM.exidx.text.MX_GPIO_Init) refers to gpio.o(.text.MX_GPIO_Init) for [Anonymous Symbol]
    gpio.o(.ARM.exidx.text.LL_AHB2_GRP1_EnableClock) refers to gpio.o(.text.LL_AHB2_GRP1_EnableClock) for [Anonymous Symbol]
    usart.o(.text.MX_USART1_UART_Init) refers to usart.o(.bss.huart1) for huart1
    usart.o(.text.MX_USART1_UART_Init) refers to stm32wbxx_hal_uart.o(.text.HAL_UART_Init) for HAL_UART_Init
    usart.o(.text.MX_USART1_UART_Init) refers to main.o(.text.Error_Handler) for Error_Handler
    usart.o(.text.MX_USART1_UART_Init) refers to stm32wbxx_hal_uart_ex.o(.text.HAL_UARTEx_SetTxFifoThreshold) for HAL_UARTEx_SetTxFifoThreshold
    usart.o(.text.MX_USART1_UART_Init) refers to stm32wbxx_hal_uart_ex.o(.text.HAL_UARTEx_SetRxFifoThreshold) for HAL_UARTEx_SetRxFifoThreshold
    usart.o(.text.MX_USART1_UART_Init) refers to stm32wbxx_hal_uart_ex.o(.text.HAL_UARTEx_DisableFifoMode) for HAL_UARTEx_DisableFifoMode
[...]
    Removing stm32wbxx_hal_uart.o(.text.UART_DMAReceiveCplt), (248 bytes).
    Removing stm32wbxx_hal_uart.o(.ARM.exidx.text.UART_DMAReceiveCplt), (8 bytes).
    Removing stm32wbxx_hal_uart.o(.text.UART_DMARxHalfCplt), (54 bytes).
    Removing stm32wbxx_hal_uart.o(.ARM.exidx.text.UART_DMARxHalfCplt), (8 bytes).
    Removing stm32wbxx_hal_uart_ex.o(.text), (0 bytes).
    Removing stm32wbxx_hal_uart_ex.o(.text.HAL_RS485Ex_Init), (208 bytes).
    Removing stm32wbxx_hal_uart_ex.o(.ARM.exidx.text.HAL_RS485Ex_Init), (8 bytes).
    Removing stm32wbxx_hal_uart_ex.o(.text.HAL_UARTEx_WakeupCallback), (8 bytes).
    Removing stm32wbxx_hal_uart_ex.o(.ARM.exidx.text.HAL_UARTEx_WakeupCallback), (8 bytes).
    Removing stm32wbxx_hal_uart_ex.o(.text.HAL_UARTEx_RxFifoFullCallback), (8 bytes).
    Removing stm32wbxx_hal_uart_ex.o(.ARM.exidx.text.HAL_UARTEx_RxFifoFullCallback), (8 bytes).
    Removing stm32wbxx_hal_uart_ex.o(.text.HAL_UARTEx_TxFifoEmptyCallback), (8 bytes).
    Removing stm32wbxx_hal_uart_ex.o(.ARM.exidx.text.HAL_UARTEx_TxFifoEmptyCallback), (8 bytes).
    Removing stm32wbxx_hal_uart_ex.o(.text.HAL_MultiProcessorEx_AddressLength_Set), (94 bytes).
    Removing stm32wbxx_hal_uart_ex.o(.ARM.exidx.text.HAL_MultiProcessorEx_AddressLength_Set), (8 bytes).
    Removing stm32wbxx_hal_uart_ex.o(.text.HAL_UARTEx_StopModeWakeUpSourceConfig), (200 bytes).
    Removing stm32wbxx_hal_uart_ex.o(.ARM.exidx.text.HAL_UARTEx_StopModeWakeUpSourceConfig), (8 bytes).
    Removing stm32wbxx_hal_uart_ex.o(.text.UARTEx_Wakeup_AddressConfig), (58 bytes).
    Removing stm32wbxx_hal_uart_ex.o(.ARM.exidx.text.UARTEx_Wakeup_AddressConfig), (8 bytes).
    Removing stm32wbxx_hal_uart_ex.o(.text.HAL_UARTEx_EnableStopMode), (104 bytes).
    Removing stm32wbxx_hal_uart_ex.o(.ARM.exidx.text.HAL_UARTEx_EnableStopMode), (8 bytes).
    Removing stm32wbxx_hal_uart_ex.o(.text.HAL_UARTEx_DisableStopMode), (104 bytes).
    Removing stm32wbxx_hal_uart_ex.o(.ARM.exidx.text.HAL_UARTEx_DisableStopMode), (8 bytes).
    Removing stm32wbxx_hal_uart_ex.o(.text.HAL_UARTEx_EnableFifoMode), (134 bytes).
    Removing stm32wbxx_hal_uart_ex.o(.ARM.exidx.text.HAL_UARTEx_EnableFifoMode), (8 bytes).
    Removing stm32wbxx_hal_uart_ex.o(.ARM.exidx.text.UARTEx_SetNbDataToProcess), (8 bytes).
    Removing stm32wbxx_hal_uart_ex.o(.ARM.exidx.text.HAL_UARTEx_DisableFifoMode), (8 bytes).
    Removing stm32wbxx_hal_uart_ex.o(.ARM.exidx.text.HAL_UARTEx_SetTxFifoThreshold), (8 bytes).
    Removing stm32wbxx_hal_uart_ex.o(.ARM.exidx.text.HAL_UARTEx_SetRxFifoThreshold), (8 bytes).
    Removing stm32wbxx_hal_uart_ex.o(.text.HAL_UARTEx_ReceiveToIdle), (560 bytes).
    Removing stm32wbxx_hal_uart_ex.o(.ARM.exidx.text.HAL_UARTEx_ReceiveToIdle), (8 bytes).
    Removing stm32wbxx_hal_uart_ex.o(.text.HAL_UARTEx_ReceiveToIdle_IT), (168 bytes).
    Removing stm32wbxx_hal_uart_ex.o(.ARM.exidx.text.HAL_UARTEx_ReceiveToIdle_IT), (8 bytes).
    Removing stm32wbxx_hal_uart_ex.o(.text.HAL_UARTEx_ReceiveToIdle_DMA), (176 bytes).
    Removing stm32wbxx_hal_uart_ex.o(.ARM.exidx.text.HAL_UARTEx_ReceiveToIdle_DMA), (8 bytes).
    Removing stm32wbxx_hal_uart_ex.o(.text.HAL_UARTEx_GetRxEventType), (12 bytes).
    Removing stm32wbxx_hal_uart_ex.o(.ARM.exidx.text.HAL_UARTEx_GetRxEventType), (8 bytes).
    Removing system_stm32wbxx.o(.text), (0 bytes).
    Removing system_stm32wbxx.o(.ARM.exidx.text.SystemInit), (8 bytes).
    Removing system_stm32wbxx.o(.text.SystemCoreClockUpdate), (326 bytes).
    Removing system_stm32wbxx.o(.ARM.exidx.text.SystemCoreClockUpdate), (8 bytes).
    Removing system_stm32wbxx.o(.rodata.SmpsPrescalerTable), (96 bytes).

1069 unused section(s) (total 51358 bytes) removed from the image.

==============================================================================

Image Symbol Table

    Local Symbols

    Symbol Name                              Value     Ov Type        Size  Object(Section)

    ../clib/division.s                       0x00000000   Number         0  aeabi_sdiv.o ABSOLUTE
    ../clib/microlib/division.c              0x00000000   Number         0  uldiv.o ABSOLUTE
    ../clib/microlib/division.c              0x00000000   Number         0  uidiv.o ABSOLUTE
    ../clib/microlib/init/entry.s            0x00000000   Number         0  entry.o ABSOLUTE
    ../clib/microlib/init/entry.s            0x00000000   Number         0  entry2.o ABSOLUTE
    ../clib/microlib/init/entry.s            0x00000000   Number         0  entry5.o ABSOLUTE
    ../clib/microlib/init/entry.s            0x00000000   Number         0  entry7a.o ABSOLUTE
    ../clib/microlib/init/entry.s            0x00000000   Number         0  entry7b.o ABSOLUTE
    ../clib/microlib/init/entry.s            0x00000000   Number         0  entry8a.o ABSOLUTE
    ../clib/microlib/init/entry.s            0x00000000   Number         0  entry8b.o ABSOLUTE
    ../clib/microlib/init/entry.s            0x00000000   Number         0  entry9a.o ABSOLUTE
    ../clib/microlib/init/entry.s            0x00000000   Number         0  entry9b.o ABSOLUTE
    ../clib/microlib/init/entry.s            0x00000000   Number         0  entry10a.o ABSOLUTE
    ../clib/microlib/init/entry.s            0x00000000   Number         0  entry10b.o ABSOLUTE
    ../clib/microlib/init/entry.s            0x00000000   Number         0  entry11a.o ABSOLUTE
    ../clib/microlib/init/entry.s            0x00000000   Number         0  entry11b.o ABSOLUTE
    ../clib/microlib/longlong.c              0x00000000   Number         0  llshl.o ABSOLUTE
    ../clib/microlib/longlong.c              0x00000000   Number         0  llushr.o ABSOLUTE
    ../clib/microlib/longlong.c              0x00000000   Number         0  llsshr.o ABSOLUTE
    ../clib/microlib/printf/printf.c         0x00000000   Number         0  printfa.o ABSOLUTE
    ../clib/microlib/stdio/streams.c         0x00000000   Number         0  stdout.o ABSOLUTE
    ../clib/microlib/string/memset.c         0x00000000   Number         0  memseta.o ABSOLUTE
    ../clib/microlib/stubs.s                 0x00000000   Number         0  iusefp.o ABSOLUTE
    ../fplib/microlib/fpadd.c                0x00000000   Number         0  dadd.o ABSOLUTE
    ../fplib/microlib/fpdiv.c                0x00000000   Number         0  ddiv.o ABSOLUTE
    ../fplib/microlib/fpepilogue.c           0x00000000   Number         0  depilogue.o ABSOLUTE
    ../fplib/microlib/fpfix.c                0x00000000   Number         0  dfixul.o ABSOLUTE
    ../fplib/microlib/fpmul.c                0x00000000   Number         0  dmul.o ABSOLUTE
    cdrcmple.s                               0x00000000   Number         0  cdrcmple.o ABSOLUTE
    dc.s                                     0x00000000   Number         0  dc.o ABSOLUTE
    gpio.c                                   0x00000000   Number         0  gpio.o ABSOLUTE
    handlers.s                               0x00000000   Number         0  handlers.o ABSOLUTE
    init.s                                   0x00000000   Number         0  init.o ABSOLUTE
    main.c                                   0x00000000   Number         0  main.o ABSOLUTE
    memorymap.c                              0x00000000   Number         0  memorymap.o ABSOLUTE
    startup_stm32wb55xx_cm4.s                0x00000000   Number         0  startup_stm32wb55xx_cm4.o ABSOLUTE
    stm32wbxx_hal.c                          0x00000000   Number         0  stm32wbxx_hal.o ABSOLUTE
    stm32wbxx_hal_cortex.c                   0x00000000   Number         0  stm32wbxx_hal_cortex.o ABSOLUTE
    stm32wbxx_hal_dma.c                      0x00000000   Number         0  stm32wbxx_hal_dma.o ABSOLUTE
    stm32wbxx_hal_dma_ex.c                   0x00000000   Number         0  stm32wbxx_hal_dma_ex.o ABSOLUTE
    stm32wbxx_hal_exti.c                     0x00000000   Number         0  stm32wbxx_hal_exti.o ABSOLUTE
    stm32wbxx_hal_flash.c                    0x00000000   Number         0  stm32wbxx_hal_flash.o ABSOLUTE
    stm32wbxx_hal_flash_ex.c                 0x00000000   Number         0  stm32wbxx_hal_flash_ex.o ABSOLUTE
    stm32wbxx_hal_gpio.c                     0x00000000   Number         0  stm32wbxx_hal_gpio.o ABSOLUTE
    stm32wbxx_hal_hsem.c                     0x00000000   Number         0  stm32wbxx_hal_hsem.o ABSOLUTE
    stm32wbxx_hal_msp.c                      0x00000000   Number         0  stm32wbxx_hal_msp.o ABSOLUTE
    stm32wbxx_hal_pwr.c                      0x00000000   Number         0  stm32wbxx_hal_pwr.o ABSOLUTE
    stm32wbxx_hal_pwr_ex.c                   0x00000000   Number         0  stm32wbxx_hal_pwr_ex.o ABSOLUTE
    stm32wbxx_hal_rcc.c                      0x00000000   Number         0  stm32wbxx_hal_rcc.o ABSOLUTE
    stm32wbxx_hal_rcc_ex.c                   0x00000000   Number         0  stm32wbxx_hal_rcc_ex.o ABSOLUTE
    stm32wbxx_hal_tim.c                      0x00000000   Number         0  stm32wbxx_hal_tim.o ABSOLUTE
    stm32wbxx_hal_tim_ex.c                   0x00000000   Number         0  stm32wbxx_hal_tim_ex.o ABSOLUTE
    stm32wbxx_hal_uart.c                     0x00000000   Number         0  stm32wbxx_hal_uart.o ABSOLUTE
    stm32wbxx_hal_uart_ex.c                  0x00000000   Number         0  stm32wbxx_hal_uart_ex.o ABSOLUTE
    stm32wbxx_it.c                           0x00000000   Number         0  stm32wbxx_it.o ABSOLUTE
    stm32wbxx_ll_rcc.c                       0x00000000   Number         0  stm32wbxx_ll_rcc.o ABSOLUTE
    system_stm32wbxx.c                       0x00000000   Number         0  system_stm32wbxx.o ABSOLUTE
    usart.c                                  0x00000000   Number         0  usart.o ABSOLUTE
    RESET                                    0x08000000   Section      316  startup_stm32wb55xx_cm4.o(RESET)
    .ARM.Collect$$$$00000000                 0x0800013c   Section        0  entry.o(.ARM.Collect$$$$00000000)
    .ARM.Collect$$$$00000001                 0x0800013c   Section        4  entry2.o(.ARM.Collect$$$$00000001)
    .ARM.Collect$$$$00000004                 0x08000140   Section        4  entry5.o(.ARM.Collect$$$$00000004)
    .ARM.Collect$$$$00000008                 0x08000144   Section        0  entry7b.o(.ARM.Collect$$$$00000008)
    .ARM.Collect$$$$0000000A                 0x08000144   Section        0  entry8b.o(.ARM.Collect$$$$0000000A)
    .ARM.Collect$$$$0000000B                 0x08000144   Section        8  entry9a.o(.ARM.Collect$$$$0000000B)
    __lit__00000000                          0x0800014c   Data           4  entry2.o(.ARM.Collect$$$$00002712)
    .ARM.Collect$$$$0000000D                 0x0800014c   Section        0  entry10a.o(.ARM.Collect$$$$0000000D)
    .ARM.Collect$$$$0000000F                 0x0800014c   Section        0  entry11a.o(.ARM.Collect$$$$0000000F)
    .ARM.Collect$$$$00002712                 0x0800014c   Section        4  entry2.o(.ARM.Collect$$$$00002712)
    $v0                                      0x08000150   Number         0  startup_stm32wb55xx_cm4.o(.text)
    .text                                    0x08000150   Section       36  startup_stm32wb55xx_cm4.o(.text)
    .text                                    0x08000174   Section        0  uldiv.o(.text)
    .text                                    0x080001d6   Section        0  memseta.o(.text)
    .text                                    0x080001fa   Section        0  uidiv.o(.text)
    .text                                    0x08000226   Section        0  llshl.o(.text)
    .text                                    0x08000244   Section        0  llushr.o(.text)
    .text                                    0x08000264   Section        0  iusefp.o(.text)
    .text                                    0x08000264   Section        0  dadd.o(.text)
    .text                                    0x080003b2   Section        0  dmul.o(.text)
    .text                                    0x08000496   Section        0  ddiv.o(.text)
    .text                                    0x08000574   Section        0  dfixul.o(.text)
    .text                                    0x080005a4   Section       48  cdrcmple.o(.text)
    .text                                    0x080005d4   Section       36  init.o(.text)
    .text                                    0x080005f8   Section        0  llsshr.o(.text)
    .text                                    0x0800061c   Section        0  depilogue.o(.text)
    [Anonymous Symbol]                       0x080006d8   Section        0  stm32wbxx_it.o(.text.BusFault_Handler)
    [Anonymous Symbol]                       0x080006dc   Section        0  stm32wbxx_it.o(.text.DebugMon_Handler)
    [Anonymous Symbol]                       0x080006e0   Section        0  main.o(.text.Error_Handler)
    [Anonymous Symbol]                       0x080006f0   Section        0  stm32wbxx_hal.o(.text.HAL_Delay)
    [Anonymous Symbol]                       0x08000734   Section        0  stm32wbxx_hal_gpio.o(.text.HAL_GPIO_Init)
    [Anonymous Symbol]                       0x08000a64   Section        0  stm32wbxx_hal_gpio.o(.text.HAL_GPIO_WritePin)
    [Anonymous Symbol]                       0x08000a90   Section        0  stm32wbxx_hal.o(.text.HAL_GetTick)
    [Anonymous Symbol]                       0x08000a9c   Section        0  stm32wbxx_hal.o(.text.HAL_GetTickPrio)
    [Anonymous Symbol]                       0x08000aa8   Section        0  stm32wbxx_hal.o(.text.HAL_IncTick)
    [Anonymous Symbol]                       0x08000ac4   Section        0  stm32wbxx_hal.o(.text.HAL_Init)
    [Anonymous Symbol]                       0x08000b04   Section        0  stm32wbxx_hal.o(.text.HAL_InitTick)
    [Anonymous Symbol]                       0x08000b88   Section        0  stm32wbxx_hal_msp.o(.text.HAL_MspInit)
    [Anonymous Symbol]                       0x08000b8c   Section        0  stm32wbxx_hal_cortex.o(.text.HAL_NVIC_SetPriority)
    [Anonymous Symbol]                       0x08000bbc   Section        0  stm32wbxx_hal_cortex.o(.text.HAL_NVIC_SetPriorityGrouping)
    [Anonymous Symbol]                       0x08000bcc   Section        0  stm32wbxx_hal_pwr_ex.o(.text.HAL_PWREx_GetVoltageRange)
    [Anonymous Symbol]                       0x08000bdc   Section        0  stm32wbxx_hal_pwr.o(.text.HAL_PWR_EnableBkUpAccess)
    [Anonymous Symbol]                       0x08000bf0   Section        0  stm32wbxx_hal_rcc_ex.o(.text.HAL_RCCEx_PeriphCLKConfig)
    [Anonymous Symbol]                       0x08000f10   Section        0  stm32wbxx_hal_rcc.o(.text.HAL_RCC_ClockConfig)
    [Anonymous Symbol]                       0x080011f8   Section        0  stm32wbxx_hal_rcc.o(.text.HAL_RCC_GetHCLKFreq)
    [Anonymous Symbol]                       0x08001224   Section        0  stm32wbxx_hal_rcc.o(.text.HAL_RCC_GetPCLK1Freq)
    [Anonymous Symbol]                       0x08001250   Section        0  stm32wbxx_hal_rcc.o(.text.HAL_RCC_GetPCLK2Freq)
    [Anonymous Symbol]                       0x0800127c   Section        0  stm32wbxx_hal_rcc.o(.text.HAL_RCC_GetSysClockFreq)
    [Anonymous Symbol]                       0x08001394   Section        0  stm32wbxx_hal_rcc.o(.text.HAL_RCC_OscConfig)
    [Anonymous Symbol]                       0x08001b64   Section        0  stm32wbxx_hal_cortex.o(.text.HAL_SYSTICK_Config)
    [Anonymous Symbol]                       0x08001b74   Section        0  stm32wbxx_hal_uart_ex.o(.text.HAL_UARTEx_DisableFifoMode)
    [Anonymous Symbol]                       0x08001bf0   Section        0  stm32wbxx_hal_uart_ex.o(.text.HAL_UARTEx_SetRxFifoThreshold)
    [Anonymous Symbol]                       0x08001c7c   Section        0  stm32wbxx_hal_uart_ex.o(.text.HAL_UARTEx_SetTxFifoThreshold)
    [Anonymous Symbol]                       0x08001d08   Section        0  stm32wbxx_hal_uart.o(.text.HAL_UART_Init)
    [Anonymous Symbol]                       0x08001db4   Section        0  usart.o(.text.HAL_UART_MspInit)
    [Anonymous Symbol]                       0x08001e30   Section        0  stm32wbxx_hal_uart.o(.text.HAL_UART_Transmit)
    [Anonymous Symbol]                       0x08001f68   Section        0  stm32wbxx_it.o(.text.HardFault_Handler)
    LL_AHB2_GRP1_EnableClock                 0x08001f6d   Thumb Code    32  gpio.o(.text.LL_AHB2_GRP1_EnableClock)
    [Anonymous Symbol]                       0x08001f6c   Section        0  gpio.o(.text.LL_AHB2_GRP1_EnableClock)
    LL_AHB2_GRP1_EnableClock                 0x08001f8d   Thumb Code    32  usart.o(.text.LL_AHB2_GRP1_EnableClock)
    [Anonymous Symbol]                       0x08001f8c   Section        0  usart.o(.text.LL_AHB2_GRP1_EnableClock)
    LL_APB2_GRP1_EnableClock                 0x08001fad   Thumb Code    32  usart.o(.text.LL_APB2_GRP1_EnableClock)
    [Anonymous Symbol]                       0x08001fac   Section        0  usart.o(.text.LL_APB2_GRP1_EnableClock)
    LL_C2_RCC_SetAHBPrescaler                0x08001fcd   Thumb Code    28  stm32wbxx_hal_rcc.o(.text.LL_C2_RCC_SetAHBPrescaler)
    [Anonymous Symbol]                       0x08001fcc   Section        0  stm32wbxx_hal_rcc.o(.text.LL_C2_RCC_SetAHBPrescaler)
    LL_RCC_ForceBackupDomainReset            0x08001fe9   Thumb Code    16  stm32wbxx_hal_rcc_ex.o(.text.LL_RCC_ForceBackupDomainReset)
    [Anonymous Symbol]                       0x08001fe8   Section        0  stm32wbxx_hal_rcc_ex.o(.text.LL_RCC_ForceBackupDomainReset)
    LL_RCC_GetAHB4Prescaler                  0x08001ff9   Thumb Code    18  stm32wbxx_hal_rcc.o(.text.LL_RCC_GetAHB4Prescaler)
    [Anonymous Symbol]                       0x08001ff8   Section        0  stm32wbxx_hal_rcc.o(.text.LL_RCC_GetAHB4Prescaler)
    LL_RCC_GetAHBPrescaler                   0x0800200d   Thumb Code    14  stm32wbxx_hal_rcc.o(.text.LL_RCC_GetAHBPrescaler)
    [Anonymous Symbol]                       0x0800200c   Section        0  stm32wbxx_hal_rcc.o(.text.LL_RCC_GetAHBPrescaler)
    LL_RCC_GetAPB1Prescaler                  0x0800201d   Thumb Code    14  stm32wbxx_hal_rcc.o(.text.LL_RCC_GetAPB1Prescaler)
    [Anonymous Symbol]                       0x0800201c   Section        0  stm32wbxx_hal_rcc.o(.text.LL_RCC_GetAPB1Prescaler)
    LL_RCC_GetAPB2Prescaler                  0x0800202d   Thumb Code    14  stm32wbxx_hal_rcc.o(.text.LL_RCC_GetAPB2Prescaler)
    [Anonymous Symbol]                       0x0800202c   Section        0  stm32wbxx_hal_rcc.o(.text.LL_RCC_GetAPB2Prescaler)
    LL_RCC_GetLPUARTClockSource              0x0800203d   Thumb Code    20  stm32wbxx_hal_uart.o(.text.LL_RCC_GetLPUARTClockSource)
    [Anonymous Symbol]                       0x0800203c   Section        0  stm32wbxx_hal_uart.o(.text.LL_RCC_GetLPUARTClockSource)
    LL_RCC_GetRTCClockSource                 0x08002051   Thumb Code    14  stm32wbxx_hal_rcc_ex.o(.text.LL_RCC_GetRTCClockSource)
    [Anonymous Symbol]                       0x08002050   Section        0  stm32wbxx_hal_rcc_ex.o(.text.LL_RCC_GetRTCClockSource)
    LL_RCC_GetSysClkSource                   0x08002061   Thumb Code    14  stm32wbxx_hal_rcc.o(.text.LL_RCC_GetSysClkSource)
    [Anonymous Symbol]                       0x08002060   Section        0  stm32wbxx_hal_rcc.o(.text.LL_RCC_GetSysClkSource)
    LL_RCC_GetUSARTClockSource               0x08002071   Thumb Code    20  stm32wbxx_hal_uart.o(.text.LL_RCC_GetUSARTClockSource)
    [Anonymous Symbol]                       0x08002070   Section        0  stm32wbxx_hal_uart.o(.text.LL_RCC_GetUSARTClockSource)
    LL_RCC_HSE_Disable                       0x08002085   Thumb Code    14  stm32wbxx_hal_rcc.o(.text.LL_RCC_HSE_Disable)
    [Anonymous Symbol]                       0x08002084   Section        0  stm32wbxx_hal_rcc.o(.text.LL_RCC_HSE_Disable)
    LL_RCC_HSE_Enable                        0x08002095   Thumb Code    14  stm32wbxx_hal_rcc.o(.text.LL_RCC_HSE_Enable)
    [Anonymous Symbol]                       0x08002094   Section        0  stm32wbxx_hal_rcc.o(.text.LL_RCC_HSE_Enable)
    LL_RCC_HSE_IsEnabledDiv2                 0x080020a5   Thumb Code    12  stm32wbxx_hal_rcc.o(.text.LL_RCC_HSE_IsEnabledDiv2)
    [Anonymous Symbol]                       0x080020a4   Section        0  stm32wbxx_hal_rcc.o(.text.LL_RCC_HSE_IsEnabledDiv2)
    LL_RCC_HSE_IsReady                       0x080020b1   Thumb Code    12  stm32wbxx_hal_rcc.o(.text.LL_RCC_HSE_IsReady)
    [Anonymous Symbol]                       0x080020b0   Section        0  stm32wbxx_hal_rcc.o(.text.LL_RCC_HSE_IsReady)
    LL_RCC_HSI48_Disable                     0x080020bd   Thumb Code    16  stm32wbxx_hal_rcc.o(.text.LL_RCC_HSI48_Disable)
    [Anonymous Symbol]                       0x080020bc   Section        0  stm32wbxx_hal_rcc.o(.text.LL_RCC_HSI48_Disable)
    LL_RCC_HSI48_Enable                      0x080020cd   Thumb Code    16  stm32wbxx_hal_rcc.o(.text.LL_RCC_HSI48_Enable)
    [Anonymous Symbol]                       0x080020cc   Section        0  stm32wbxx_hal_rcc.o(.text.LL_RCC_HSI48_Enable)
    LL_RCC_HSI48_IsReady                     0x080020dd   Thumb Code    14  stm32wbxx_hal_rcc.o(.text.LL_RCC_HSI48_IsReady)
    [Anonymous Symbol]                       0x080020dc   Section        0  stm32wbxx_hal_rcc.o(.text.LL_RCC_HSI48_IsReady)
    LL_RCC_HSI_Disable                       0x080020ed   Thumb Code    14  stm32wbxx_hal_rcc.o(.text.LL_RCC_HSI_Disable)
    [Anonymous Symbol]                       0x080020ec   Section        0  stm32wbxx_hal_rcc.o(.text.LL_RCC_HSI_Disable)
    LL_RCC_HSI_Enable                        0x080020fd   Thumb Code    14  stm32wbxx_hal_rcc.o(.text.LL_RCC_HSI_Enable)
    [Anonymous Symbol]                       0x080020fc   Section        0  stm32wbxx_hal_rcc.o(.text.LL_RCC_HSI_Enable)
    LL_RCC_HSI_IsReady                       0x0800210d   Thumb Code    12  stm32wbxx_hal_rcc.o(.text.LL_RCC_HSI_IsReady)
    [Anonymous Symbol]                       0x0800210c   Section        0  stm32wbxx_hal_rcc.o(.text.LL_RCC_HSI_IsReady)
    LL_RCC_HSI_SetCalibTrimming              0x08002119   Thumb Code    28  stm32wbxx_hal_rcc.o(.text.LL_RCC_HSI_SetCalibTrimming)
    [Anonymous Symbol]                       0x08002118   Section        0  stm32wbxx_hal_rcc.o(.text.LL_RCC_HSI_SetCalibTrimming)
    LL_RCC_IsActiveFlag_C2HPRE               0x08002135   Thumb Code    16  stm32wbxx_hal_rcc.o(.text.LL_RCC_IsActiveFlag_C2HPRE)
    [Anonymous Symbol]                       0x08002134   Section        0  stm32wbxx_hal_rcc.o(.text.LL_RCC_IsActiveFlag_C2HPRE)
    LL_RCC_IsActiveFlag_HPRE                 0x08002145   Thumb Code    14  stm32wbxx_hal_rcc.o(.text.LL_RCC_IsActiveFlag_HPRE)
    [Anonymous Symbol]                       0x08002144   Section        0  stm32wbxx_hal_rcc.o(.text.LL_RCC_IsActiveFlag_HPRE)
    LL_RCC_IsActiveFlag_PPRE1                0x08002155   Thumb Code    14  stm32wbxx_hal_rcc.o(.text.LL_RCC_IsActiveFlag_PPRE1)
    [Anonymous Symbol]                       0x08002154   Section        0  stm32wbxx_hal_rcc.o(.text.LL_RCC_IsActiveFlag_PPRE1)
    LL_RCC_IsActiveFlag_PPRE2                0x08002165   Thumb Code    14  stm32wbxx_hal_rcc.o(.text.LL_RCC_IsActiveFlag_PPRE2)
    [Anonymous Symbol]                       0x08002164   Section        0  stm32wbxx_hal_rcc.o(.text.LL_RCC_IsActiveFlag_PPRE2)
    LL_RCC_IsActiveFlag_SHDHPRE              0x08002175   Thumb Code    16  stm32wbxx_hal_rcc.o(.text.LL_RCC_IsActiveFlag_SHDHPRE)
    [Anonymous Symbol]                       0x08002174   Section        0  stm32wbxx_hal_rcc.o(.text.LL_RCC_IsActiveFlag_SHDHPRE)
    LL_RCC_LSE_Disable                       0x08002185   Thumb Code    16  stm32wbxx_hal_rcc.o(.text.LL_RCC_LSE_Disable)
    [Anonymous Symbol]                       0x08002184   Section        0  stm32wbxx_hal_rcc.o(.text.LL_RCC_LSE_Disable)
    LL_RCC_LSE_DisableBypass                 0x08002195   Thumb Code    16  stm32wbxx_hal_rcc.o(.text.LL_RCC_LSE_DisableBypass)
    [Anonymous Symbol]                       0x08002194   Section        0  stm32wbxx_hal_rcc.o(.text.LL_RCC_LSE_DisableBypass)
    LL_RCC_LSE_Enable                        0x080021a5   Thumb Code    16  stm32wbxx_hal_rcc.o(.text.LL_RCC_LSE_Enable)
    [Anonymous Symbol]                       0x080021a4   Section        0  stm32wbxx_hal_rcc.o(.text.LL_RCC_LSE_Enable)
    LL_RCC_LSE_EnableBypass                  0x080021b5   Thumb Code    16  stm32wbxx_hal_rcc.o(.text.LL_RCC_LSE_EnableBypass)
    [Anonymous Symbol]                       0x080021b4   Section        0  stm32wbxx_hal_rcc.o(.text.LL_RCC_LSE_EnableBypass)
    LL_RCC_LSE_IsEnabled                     0x080021c5   Thumb Code    14  stm32wbxx_hal_rcc_ex.o(.text.LL_RCC_LSE_IsEnabled)
    [Anonymous Symbol]                       0x080021c4   Section        0  stm32wbxx_hal_rcc_ex.o(.text.LL_RCC_LSE_IsEnabled)
    LL_RCC_LSE_IsReady                       0x080021d5   Thumb Code    14  stm32wbxx_hal_rcc.o(.text.LL_RCC_LSE_IsReady)
    [Anonymous Symbol]                       0x080021d4   Section        0  stm32wbxx_hal_rcc.o(.text.LL_RCC_LSE_IsReady)
    LL_RCC_LSE_IsReady                       0x080021e5   Thumb Code    14  stm32wbxx_hal_rcc_ex.o(.text.LL_RCC_LSE_IsReady)
    [Anonymous Symbol]                       0x080021e4   Section        0  stm32wbxx_hal_rcc_ex.o(.text.LL_RCC_LSE_IsReady)
    LL_RCC_LSI1_Disable                      0x080021f5   Thumb Code    16  stm32wbxx_hal_rcc.o(.text.LL_RCC_LSI1_Disable)
    [Anonymous Symbol]                       0x080021f4   Section        0  stm32wbxx_hal_rcc.o(.text.LL_RCC_LSI1_Disable)
    LL_RCC_LSI1_Enable                       0x08002205   Thumb Code    16  stm32wbxx_hal_rcc.o(.text.LL_RCC_LSI1_Enable)
    [Anonymous Symbol]                       0x08002204   Section        0  stm32wbxx_hal_rcc.o(.text.LL_RCC_LSI1_Enable)
    LL_RCC_LSI1_IsReady                      0x08002215   Thumb Code    14  stm32wbxx_hal_rcc.o(.text.LL_RCC_LSI1_IsReady)
    [Anonymous Symbol]                       0x08002214   Section        0  stm32wbxx_hal_rcc.o(.text.LL_RCC_LSI1_IsReady)
    LL_RCC_LSI2_Disable                      0x08002225   Thumb Code    16  stm32wbxx_hal_rcc.o(.text.LL_RCC_LSI2_Disable)
    [Anonymous Symbol]                       0x08002224   Section        0  stm32wbxx_hal_rcc.o(.text.LL_RCC_LSI2_Disable)
    LL_RCC_LSI2_Enable                       0x08002235   Thumb Code    16  stm32wbxx_hal_rcc.o(.text.LL_RCC_LSI2_Enable)
    [Anonymous Symbol]                       0x08002234   Section        0  stm32wbxx_hal_rcc.o(.text.LL_RCC_LSI2_Enable)
    LL_RCC_LSI2_IsReady                      0x08002245   Thumb Code    14  stm32wbxx_hal_rcc.o(.text.LL_RCC_LSI2_IsReady)
    [Anonymous Symbol]                       0x08002244   Section        0  stm32wbxx_hal_rcc.o(.text.LL_RCC_LSI2_IsReady)
    LL_RCC_LSI2_SetTrimming                  0x08002255   Thumb Code    28  stm32wbxx_hal_rcc.o(.text.LL_RCC_LSI2_SetTrimming)
    [Anonymous Symbol]                       0x08002254   Section        0  stm32wbxx_hal_rcc.o(.text.LL_RCC_LSI2_SetTrimming)
    LL_RCC_MSI_Disable                       0x08002271   Thumb Code    14  stm32wbxx_hal_rcc.o(.text.LL_RCC_MSI_Disable)
    [Anonymous Symbol]                       0x08002270   Section        0  stm32wbxx_hal_rcc.o(.text.LL_RCC_MSI_Disable)
    LL_RCC_MSI_Enable                        0x08002281   Thumb Code    14  stm32wbxx_hal_rcc.o(.text.LL_RCC_MSI_Enable)
    [Anonymous Symbol]                       0x08002280   Section        0  stm32wbxx_hal_rcc.o(.text.LL_RCC_MSI_Enable)
    LL_RCC_MSI_GetRange                      0x08002291   Thumb Code    34  stm32wbxx_hal_rcc.o(.text.LL_RCC_MSI_GetRange)
    [Anonymous Symbol]                       0x08002290   Section        0  stm32wbxx_hal_rcc.o(.text.LL_RCC_MSI_GetRange)
    LL_RCC_MSI_IsReady                       0x080022b5   Thumb Code    12  stm32wbxx_hal_rcc.o(.text.LL_RCC_MSI_IsReady)
    [Anonymous Symbol]                       0x080022b4   Section        0  stm32wbxx_hal_rcc.o(.text.LL_RCC_MSI_IsReady)
    LL_RCC_MSI_SetCalibTrimming              0x080022c1   Thumb Code    28  stm32wbxx_hal_rcc.o(.text.LL_RCC_MSI_SetCalibTrimming)
    [Anonymous Symbol]                       0x080022c0   Section        0  stm32wbxx_hal_rcc.o(.text.LL_RCC_MSI_SetCalibTrimming)
    LL_RCC_MSI_SetRange                      0x080022dd   Thumb Code    24  stm32wbxx_hal_rcc.o(.text.LL_RCC_MSI_SetRange)
    [Anonymous Symbol]                       0x080022dc   Section        0  stm32wbxx_hal_rcc.o(.text.LL_RCC_MSI_SetRange)
    LL_RCC_PLLSAI1_Disable                   0x080022f5   Thumb Code    14  stm32wbxx_hal_rcc_ex.o(.text.LL_RCC_PLLSAI1_Disable)
    [Anonymous Symbol]                       0x080022f4   Section        0  stm32wbxx_hal_rcc_ex.o(.text.LL_RCC_PLLSAI1_Disable)
    LL_RCC_PLLSAI1_Enable                    0x08002305   Thumb Code    14  stm32wbxx_hal_rcc_ex.o(.text.LL_RCC_PLLSAI1_Enable)
    [Anonymous Symbol]                       0x08002304   Section        0  stm32wbxx_hal_rcc_ex.o(.text.LL_RCC_PLLSAI1_Enable)
    LL_RCC_PLLSAI1_IsReady                   0x08002315   Thumb Code    12  stm32wbxx_hal_rcc_ex.o(.text.LL_RCC_PLLSAI1_IsReady)
    [Anonymous Symbol]                       0x08002314   Section        0  stm32wbxx_hal_rcc_ex.o(.text.LL_RCC_PLLSAI1_IsReady)
    LL_RCC_PLL_Disable                       0x08002321   Thumb Code    14  stm32wbxx_hal_rcc.o(.text.LL_RCC_PLL_Disable)
    [Anonymous Symbol]                       0x08002320   Section        0  stm32wbxx_hal_rcc.o(.text.LL_RCC_PLL_Disable)
    LL_RCC_PLL_Enable                        0x08002331   Thumb Code    14  stm32wbxx_hal_rcc.o(.text.LL_RCC_PLL_Enable)
    [Anonymous Symbol]                       0x08002330   Section        0  stm32wbxx_hal_rcc.o(.text.LL_RCC_PLL_Enable)
    LL_RCC_PLL_GetDivider                    0x08002341   Thumb Code    14  stm32wbxx_hal_rcc.o(.text.LL_RCC_PLL_GetDivider)
    [Anonymous Symbol]                       0x08002340   Section        0  stm32wbxx_hal_rcc.o(.text.LL_RCC_PLL_GetDivider)
    LL_RCC_PLL_GetMainSource                 0x08002351   Thumb Code    14  stm32wbxx_hal_rcc.o(.text.LL_RCC_PLL_GetMainSource)
    [Anonymous Symbol]                       0x08002350   Section        0  stm32wbxx_hal_rcc.o(.text.LL_RCC_PLL_GetMainSource)
    LL_RCC_PLL_GetN                          0x08002361   Thumb Code    14  stm32wbxx_hal_rcc.o(.text.LL_RCC_PLL_GetN)
    [Anonymous Symbol]                       0x08002360   Section        0  stm32wbxx_hal_rcc.o(.text.LL_RCC_PLL_GetN)
    LL_RCC_PLL_GetR                          0x08002371   Thumb Code    14  stm32wbxx_hal_rcc.o(.text.LL_RCC_PLL_GetR)
    [Anonymous Symbol]                       0x08002370   Section        0  stm32wbxx_hal_rcc.o(.text.LL_RCC_PLL_GetR)
    LL_RCC_PLL_IsReady                       0x08002381   Thumb Code    12  stm32wbxx_hal_rcc.o(.text.LL_RCC_PLL_IsReady)
    [Anonymous Symbol]                       0x08002380   Section        0  stm32wbxx_hal_rcc.o(.text.LL_RCC_PLL_IsReady)
    LL_RCC_ReleaseBackupDomainReset          0x0800238d   Thumb Code    16  stm32wbxx_hal_rcc_ex.o(.text.LL_RCC_ReleaseBackupDomainReset)
    [Anonymous Symbol]                       0x0800238c   Section        0  stm32wbxx_hal_rcc_ex.o(.text.LL_RCC_ReleaseBackupDomainReset)
    LL_RCC_SetADCClockSource                 0x0800239d   Thumb Code    26  stm32wbxx_hal_rcc_ex.o(.text.LL_RCC_SetADCClockSource)
    [Anonymous Symbol]                       0x0800239c   Section        0  stm32wbxx_hal_rcc_ex.o(.text.LL_RCC_SetADCClockSource)
    LL_RCC_SetAHB4Prescaler                  0x080023b9   Thumb Code    30  stm32wbxx_hal_rcc.o(.text.LL_RCC_SetAHB4Prescaler)
    [Anonymous Symbol]                       0x080023b8   Section        0  stm32wbxx_hal_rcc.o(.text.LL_RCC_SetAHB4Prescaler)
    LL_RCC_SetAHBPrescaler                   0x080023d9   Thumb Code    26  stm32wbxx_hal_rcc.o(.text.LL_RCC_SetAHBPrescaler)
    [Anonymous Symbol]                       0x080023d8   Section        0  stm32wbxx_hal_rcc.o(.text.LL_RCC_SetAHBPrescaler)
    LL_RCC_SetAPB1Prescaler                  0x080023f5   Thumb Code    26  stm32wbxx_hal_rcc.o(.text.LL_RCC_SetAPB1Prescaler)
    [Anonymous Symbol]                       0x080023f4   Section        0  stm32wbxx_hal_rcc.o(.text.LL_RCC_SetAPB1Prescaler)
    LL_RCC_SetAPB2Prescaler                  0x08002411   Thumb Code    26  stm32wbxx_hal_rcc.o(.text.LL_RCC_SetAPB2Prescaler)
    [Anonymous Symbol]                       0x08002410   Section        0  stm32wbxx_hal_rcc.o(.text.LL_RCC_SetAPB2Prescaler)
    LL_RCC_SetCLK48ClockSource               0x0800242d   Thumb Code    26  stm32wbxx_hal_rcc_ex.o(.text.LL_RCC_SetCLK48ClockSource)
    [Anonymous Symbol]                       0x0800242c   Section        0  stm32wbxx_hal_rcc_ex.o(.text.LL_RCC_SetCLK48ClockSource)
    LL_RCC_SetI2CClockSource                 0x08002449   Thumb Code    38  stm32wbxx_hal_rcc_ex.o(.text.LL_RCC_SetI2CClockSource)
    [Anonymous Symbol]                       0x08002448   Section        0  stm32wbxx_hal_rcc_ex.o(.text.LL_RCC_SetI2CClockSource)
    LL_RCC_SetLPTIMClockSource               0x08002471   Thumb Code    34  stm32wbxx_hal_rcc_ex.o(.text.LL_RCC_SetLPTIMClockSource)
    [Anonymous Symbol]                       0x08002470   Section        0  stm32wbxx_hal_rcc_ex.o(.text.LL_RCC_SetLPTIMClockSource)
    LL_RCC_SetLPUARTClockSource              0x08002495   Thumb Code    26  stm32wbxx_hal_rcc_ex.o(.text.LL_RCC_SetLPUARTClockSource)
    [Anonymous Symbol]                       0x08002494   Section        0  stm32wbxx_hal_rcc_ex.o(.text.LL_RCC_SetLPUARTClockSource)
    LL_RCC_SetRFWKPClockSource               0x080024b1   Thumb Code    26  stm32wbxx_hal_rcc_ex.o(.text.LL_RCC_SetRFWKPClockSource)
    [Anonymous Symbol]                       0x080024b0   Section        0  stm32wbxx_hal_rcc_ex.o(.text.LL_RCC_SetRFWKPClockSource)
    LL_RCC_SetRNGClockSource                 0x080024cd   Thumb Code    26  stm32wbxx_hal_rcc_ex.o(.text.LL_RCC_SetRNGClockSource)
    [Anonymous Symbol]                       0x080024cc   Section        0  stm32wbxx_hal_rcc_ex.o(.text.LL_RCC_SetRNGClockSource)
    LL_RCC_SetRTCClockSource                 0x080024e9   Thumb Code    26  stm32wbxx_hal_rcc_ex.o(.text.LL_RCC_SetRTCClockSource)
    [Anonymous Symbol]                       0x080024e8   Section        0  stm32wbxx_hal_rcc_ex.o(.text.LL_RCC_SetRTCClockSource)
    LL_RCC_SetSAIClockSource                 0x08002505   Thumb Code    26  stm32wbxx_hal_rcc_ex.o(.text.LL_RCC_SetSAIClockSource)
    [Anonymous Symbol]                       0x08002504   Section        0  stm32wbxx_hal_rcc_ex.o(.text.LL_RCC_SetSAIClockSource)
    LL_RCC_SetSMPSClockSource                0x08002521   Thumb Code    26  stm32wbxx_hal_rcc_ex.o(.text.LL_RCC_SetSMPSClockSource)
    [Anonymous Symbol]                       0x08002520   Section        0  stm32wbxx_hal_rcc_ex.o(.text.LL_RCC_SetSMPSClockSource)
    LL_RCC_SetSMPSPrescaler                  0x0800253d   Thumb Code    26  stm32wbxx_hal_rcc_ex.o(.text.LL_RCC_SetSMPSPrescaler)
    [Anonymous Symbol]                       0x0800253c   Section        0  stm32wbxx_hal_rcc_ex.o(.text.LL_RCC_SetSMPSPrescaler)
    LL_RCC_SetSysClkSource                   0x08002559   Thumb Code    26  stm32wbxx_hal_rcc.o(.text.LL_RCC_SetSysClkSource)
    [Anonymous Symbol]                       0x08002558   Section        0  stm32wbxx_hal_rcc.o(.text.LL_RCC_SetSysClkSource)
    LL_RCC_SetUSARTClockSource               0x08002575   Thumb Code    26  stm32wbxx_hal_rcc_ex.o(.text.LL_RCC_SetUSARTClockSource)
    [Anonymous Symbol]                       0x08002574   Section        0  stm32wbxx_hal_rcc_ex.o(.text.LL_RCC_SetUSARTClockSource)
    LL_RCC_SetUSBClockSource                 0x08002591   Thumb Code    16  stm32wbxx_hal_rcc_ex.o(.text.LL_RCC_SetUSBClockSource)
    [Anonymous Symbol]                       0x08002590   Section        0  stm32wbxx_hal_rcc_ex.o(.text.LL_RCC_SetUSBClockSource)
    [Anonymous Symbol]                       0x080025a0   Section        0  gpio.o(.text.MX_GPIO_Init)
    [Anonymous Symbol]                       0x080025e8   Section        0  usart.o(.text.MX_USART1_UART_Init)
    [Anonymous Symbol]                       0x08002678   Section        0  stm32wbxx_it.o(.text.MemManage_Handler)
    [Anonymous Symbol]                       0x0800267c   Section        0  stm32wbxx_it.o(.text.NMI_Handler)
    NVIC_EncodePriority                      0x08002681   Thumb Code   108  stm32wbxx_hal_cortex.o(.text.NVIC_EncodePriority)
    [Anonymous Symbol]                       0x08002680   Section        0  stm32wbxx_hal_cortex.o(.text.NVIC_EncodePriority)
    [Anonymous Symbol]                       0x080026ec   Section        0  stm32wbxx_it.o(.text.PendSV_Handler)
    [Anonymous Symbol]                       0x080026f0   Section        0  main.o(.text.PeriphCommonClock_Config)
    RCCEx_PLLSAI1_ConfigNP                   0x08002721   Thumb Code   182  stm32wbxx_hal_rcc_ex.o(.text.RCCEx_PLLSAI1_ConfigNP)
    [Anonymous Symbol]                       0x08002720   Section        0  stm32wbxx_hal_rcc_ex.o(.text.RCCEx_PLLSAI1_ConfigNP)
    RCCEx_PLLSAI1_ConfigNQ                   0x080027d9   Thumb Code   182  stm32wbxx_hal_rcc_ex.o(.text.RCCEx_PLLSAI1_ConfigNQ)
    [Anonymous Symbol]                       0x080027d8   Section        0  stm32wbxx_hal_rcc_ex.o(.text.RCCEx_PLLSAI1_ConfigNQ)
    RCCEx_PLLSAI1_ConfigNR                   0x08002891   Thumb Code   182  stm32wbxx_hal_rcc_ex.o(.text.RCCEx_PLLSAI1_ConfigNR)
    [Anonymous Symbol]                       0x08002890   Section        0  stm32wbxx_hal_rcc_ex.o(.text.RCCEx_PLLSAI1_ConfigNR)
    RCC_SetFlashLatency                      0x08002949   Thumb Code   288  stm32wbxx_hal_rcc.o(.text.RCC_SetFlashLatency)
    [Anonymous Symbol]                       0x08002948   Section        0  stm32wbxx_hal_rcc.o(.text.RCC_SetFlashLatency)
    RCC_SetFlashLatencyFromMSIRange          0x08002a69   Thumb Code   118  stm32wbxx_hal_rcc.o(.text.RCC_SetFlashLatencyFromMSIRange)
    [Anonymous Symbol]                       0x08002a68   Section        0  stm32wbxx_hal_rcc.o(.text.RCC_SetFlashLatencyFromMSIRange)
    [Anonymous Symbol]                       0x08002ae0   Section        0  stm32wbxx_it.o(.text.SVC_Handler)
    SysTick_Config                           0x08002ae5   Thumb Code    82  stm32wbxx_hal_cortex.o(.text.SysTick_Config)
    [Anonymous Symbol]                       0x08002ae4   Section        0  stm32wbxx_hal_cortex.o(.text.SysTick_Config)
    [Anonymous Symbol]                       0x08002b38   Section        0  stm32wbxx_it.o(.text.SysTick_Handler)
    [Anonymous Symbol]                       0x08002b40   Section        0  main.o(.text.SystemClock_Config)
    [Anonymous Symbol]                       0x08002bf0   Section        0  system_stm32wbxx.o(.text.SystemInit)
    UARTEx_SetNbDataToProcess                0x08002c71   Thumb Code   134  stm32wbxx_hal_uart_ex.o(.text.UARTEx_SetNbDataToProcess)
    [Anonymous Symbol]                       0x08002c70   Section        0  stm32wbxx_hal_uart_ex.o(.text.UARTEx_SetNbDataToProcess)
    [Anonymous Symbol]                       0x08002cf8   Section        0  stm32wbxx_hal_uart.o(.text.UART_AdvFeatureConfig)
    [Anonymous Symbol]                       0x08002e40   Section        0  stm32wbxx_hal_uart.o(.text.UART_CheckIdleState)
    UART_EndRxTransfer                       0x08002f89   Thumb Code   158  stm32wbxx_hal_uart.o(.text.UART_EndRxTransfer)
    [Anonymous Symbol]                       0x08002f88   Section        0  stm32wbxx_hal_uart.o(.text.UART_EndRxTransfer)
    [Anonymous Symbol]                       0x08003028   Section        0  stm32wbxx_hal_uart.o(.text.UART_SetConfig)
    [Anonymous Symbol]                       0x0800343c   Section        0  stm32wbxx_hal_uart.o(.text.UART_WaitOnFlagUntilTimeout)
    [Anonymous Symbol]                       0x08003548   Section        0  stm32wbxx_it.o(.text.UsageFault_Handler)
    __NVIC_GetPriorityGrouping               0x0800354d   Thumb Code    16  stm32wbxx_hal_cortex.o(.text.__NVIC_GetPriorityGrouping)
    [Anonymous Symbol]                       0x0800354c   Section        0  stm32wbxx_hal_cortex.o(.text.__NVIC_GetPriorityGrouping)
    __NVIC_SetPriority                       0x0800355d   Thumb Code    66  stm32wbxx_hal_cortex.o(.text.__NVIC_SetPriority)
    [Anonymous Symbol]                       0x0800355c   Section        0  stm32wbxx_hal_cortex.o(.text.__NVIC_SetPriority)
    __NVIC_SetPriorityGrouping               0x080035a1   Thumb Code    60  stm32wbxx_hal_cortex.o(.text.__NVIC_SetPriorityGrouping)
    [Anonymous Symbol]                       0x080035a0   Section        0  stm32wbxx_hal_cortex.o(.text.__NVIC_SetPriorityGrouping)
    [Anonymous Symbol]                       0x080035dc   Section        0  main.o(.text.fputc)
    [Anonymous Symbol]                       0x08003600   Section        0  main.o(.text.main)
    i.__0printf                              0x080036bc   Section        0  printfa.o(i.__0printf)
    i.__scatterload_copy                     0x080036dc   Section       14  handlers.o(i.__scatterload_copy)
    i.__scatterload_null                     0x080036ea   Section        2  handlers.o(i.__scatterload_null)
    i.__scatterload_zeroinit                 0x080036ec   Section       14  handlers.o(i.__scatterload_zeroinit)
    _fp_digits                               0x080036fd   Thumb Code   366  printfa.o(i._fp_digits)
    i._fp_digits                             0x080036fc   Section        0  printfa.o(i._fp_digits)
    _printf_core                             0x08003881   Thumb Code  1744  printfa.o(i._printf_core)
    i._printf_core                           0x08003880   Section        0  printfa.o(i._printf_core)
    _printf_post_padding                     0x08003f5d   Thumb Code    36  printfa.o(i._printf_post_padding)
    i._printf_post_padding                   0x08003f5c   Section        0  printfa.o(i._printf_post_padding)
    _printf_pre_padding                      0x08003f81   Thumb Code    46  printfa.o(i._printf_pre_padding)
    i._printf_pre_padding                    0x08003f80   Section        0  printfa.o(i._printf_pre_padding)
    .L__const.RCC_SetFlashLatency.FLASH_CLK_SRC_RANGE_VOS2 0x08003fb0   Data          12  stm32wbxx_hal_rcc.o(.rodata..L__const.RCC_SetFlashLatency.FLASH_CLK_SRC_RANGE_VOS2)
    UARTEx_SetNbDataToProcess.denominator    0x0800405c   Data           8  stm32wbxx_hal_uart_ex.o(.rodata.UARTEx_SetNbDataToProcess.denominator)
    [Anonymous Symbol]                       0x0800405c   Section        0  stm32wbxx_hal_uart_ex.o(.rodata.UARTEx_SetNbDataToProcess.denominator)
    UARTEx_SetNbDataToProcess.numerator      0x08004064   Data           8  stm32wbxx_hal_uart_ex.o(.rodata.UARTEx_SetNbDataToProcess.numerator)
    [Anonymous Symbol]                       0x08004064   Section        0  stm32wbxx_hal_uart_ex.o(.rodata.UARTEx_SetNbDataToProcess.numerator)
    .L__const.RCC_SetFlashLatency.FLASH_CLK_SRC_RANGE_VOS1 0x08004084   Data          16  stm32wbxx_hal_rcc.o(.rodata.cst16)
    .L__const.RCC_SetFlashLatency.FLASH_LATENCY_RANGE 0x08004094   Data          16  stm32wbxx_hal_rcc.o(.rodata.cst16)
    .L.str.1                                 0x080040a4   Data          10  main.o(.rodata.str1.1)
    [Anonymous Symbol]                       0x080040a4   Section        0  main.o(.rodata.str1.1)
    .L.str                                   0x080040ae   Data           9  main.o(.rodata.str1.1)
    .data                                    0x20000008   Section        4  stdout.o(.data)
    STACK                                    0x200000b0   Section    16384  startup_stm32wb55xx_cm4.o(STACK)

    Global Symbols

    Symbol Name                              Value     Ov Type        Size  Object(Section)

    BuildAttributes$$THM_ISAv4$E$P$D$K$B$S$7EM$VFPi3$EXTD16$VFPS$VFMA$PE$A:L22UL41UL21$X:L11$S22US41US21$IEEE1$IW$~IW$USESV6$~STKCKD$USESV7$~SHL$OSPACE$ROPI$EBA8$MICROLIB$REQ8$PRES8$EABIv2 0x00000000   Number         0  anon$$obj.o ABSOLUTE
    __cpp_initialize__aeabi_                  - Undefined Weak Reference
    __cxa_finalize                            - Undefined Weak Reference
    __decompress                              - Undefined Weak Reference
    _clock_init                               - Undefined Weak Reference
    _microlib_exit                            - Undefined Weak Reference
    __Vectors_Size                           0x0000013c   Number         0  startup_stm32wb55xx_cm4.o ABSOLUTE
    __Vectors                                0x08000000   Data           4  startup_stm32wb55xx_cm4.o(RESET)
    __Vectors_End                            0x0800013c   Data           0  startup_stm32wb55xx_cm4.o(RESET)
    __main                                   0x0800013d   Thumb Code     0  entry.o(.ARM.Collect$$$$00000000)
    _main_stk                                0x0800013d   Thumb Code     0  entry2.o(.ARM.Collect$$$$00000001)
    _main_scatterload                        0x08000141   Thumb Code     0  entry5.o(.ARM.Collect$$$$00000004)
    __main_after_scatterload                 0x08000145   Thumb Code     0  entry5.o(.ARM.Collect$$$$00000004)
    _main_clock                              0x08000145   Thumb Code     0  entry7b.o(.ARM.Collect$$$$00000008)
    _main_cpp_init                           0x08000145   Thumb Code     0  entry8b.o(.ARM.Collect$$$$0000000A)
    _main_init                               0x08000145   Thumb Code     0  entry9a.o(.ARM.Collect$$$$0000000B)
    __rt_final_cpp                           0x0800014d   Thumb Code     0  entry10a.o(.ARM.Collect$$$$0000000D)
    __rt_final_exit                          0x0800014d   Thumb Code     0  entry11a.o(.ARM.Collect$$$$0000000F)
    Reset_Handler                            0x08000151   Thumb Code     8  startup_stm32wb55xx_cm4.o(.text)
    ADC1_IRQHandler                          0x0800016b   Thumb Code     0  startup_stm32wb55xx_cm4.o(.text)
    AES1_IRQHandler                          0x0800016b   Thumb Code     0  startup_stm32wb55xx_cm4.o(.text)
    AES2_IRQHandler                          0x0800016b   Thumb Code     0  startup_stm32wb55xx_cm4.o(.text)
    C2SEV_PWR_C2H_IRQHandler                 0x0800016b   Thumb Code     0  startup_stm32wb55xx_cm4.o(.text)
    COMP_IRQHandler                          0x0800016b   Thumb Code     0  startup_stm32wb55xx_cm4.o(.text)
    CRS_IRQHandler                           0x0800016b   Thumb Code     0  startup_stm32wb55xx_cm4.o(.text)
    DMA1_Channel1_IRQHandler                 0x0800016b   Thumb Code     0  startup_stm32wb55xx_cm4.o(.text)
    DMA1_Channel2_IRQHandler                 0x0800016b   Thumb Code     0  startup_stm32wb55xx_cm4.o(.text)
    DMA1_Channel3_IRQHandler                 0x0800016b   Thumb Code     0  startup_stm32wb55xx_cm4.o(.text)
    DMA1_Channel4_IRQHandler                 0x0800016b   Thumb Code     0  startup_stm32wb55xx_cm4.o(.text)
    DMA1_Channel5_IRQHandler                 0x0800016b   Thumb Code     0  startup_stm32wb55xx_cm4.o(.text)
    DMA1_Channel6_IRQHandler                 0x0800016b   Thumb Code     0  startup_stm32wb55xx_cm4.o(.text)
    DMA1_Channel7_IRQHandler                 0x0800016b   Thumb Code     0  startup_stm32wb55xx_cm4.o(.text)
    DMA2_Channel1_IRQHandler                 0x0800016b   Thumb Code     0  startup_stm32wb55xx_cm4.o(.text)
    DMA2_Channel2_IRQHandler                 0x0800016b   Thumb Code     0  startup_stm32wb55xx_cm4.o(.text)
    DMA2_Channel3_IRQHandler                 0x0800016b   Thumb Code     0  startup_stm32wb55xx_cm4.o(.text)
    DMA2_Channel4_IRQHandler                 0x0800016b   Thumb Code     0  startup_stm32wb55xx_cm4.o(.text)
    DMA2_Channel5_IRQHandler                 0x0800016b   Thumb Code     0  startup_stm32wb55xx_cm4.o(.text)
    DMA2_Channel6_IRQHandler                 0x0800016b   Thumb Code     0  startup_stm32wb55xx_cm4.o(.text)
    DMA2_Channel7_IRQHandler                 0x0800016b   Thumb Code     0  startup_stm32wb55xx_cm4.o(.text)
    DMAMUX1_OVR_IRQHandler                   0x0800016b   Thumb Code     0  startup_stm32wb55xx_cm4.o(.text)
    EXTI0_IRQHandler                         0x0800016b   Thumb Code     0  startup_stm32wb55xx_cm4.o(.text)
    EXTI15_10_IRQHandler                     0x0800016b   Thumb Code     0  startup_stm32wb55xx_cm4.o(.text)
    EXTI1_IRQHandler                         0x0800016b   Thumb Code     0  startup_stm32wb55xx_cm4.o(.text)
    EXTI2_IRQHandler                         0x0800016b   Thumb Code     0  startup_stm32wb55xx_cm4.o(.text)
    EXTI3_IRQHandler                         0x0800016b   Thumb Code     0  startup_stm32wb55xx_cm4.o(.text)
    EXTI4_IRQHandler                         0x0800016b   Thumb Code     0  startup_stm32wb55xx_cm4.o(.text)
    EXTI9_5_IRQHandler                       0x0800016b   Thumb Code     0  startup_stm32wb55xx_cm4.o(.text)
    FLASH_IRQHandler                         0x0800016b   Thumb Code     0  startup_stm32wb55xx_cm4.o(.text)
    FPU_IRQHandler                           0x0800016b   Thumb Code     0  startup_stm32wb55xx_cm4.o(.text)
    HSEM_IRQHandler                          0x0800016b   Thumb Code     0  startup_stm32wb55xx_cm4.o(.text)
    I2C1_ER_IRQHandler                       0x0800016b   Thumb Code     0  startup_stm32wb55xx_cm4.o(.text)
    I2C1_EV_IRQHandler                       0x0800016b   Thumb Code     0  startup_stm32wb55xx_cm4.o(.text)
    I2C3_ER_IRQHandler                       0x0800016b   Thumb Code     0  startup_stm32wb55xx_cm4.o(.text)
    I2C3_EV_IRQHandler                       0x0800016b   Thumb Code     0  startup_stm32wb55xx_cm4.o(.text)
    IPCC_C1_RX_IRQHandler                    0x0800016b   Thumb Code     0  startup_stm32wb55xx_cm4.o(.text)
    IPCC_C1_TX_IRQHandler                    0x0800016b   Thumb Code     0  startup_stm32wb55xx_cm4.o(.text)
    LCD_IRQHandler                           0x0800016b   Thumb Code     0  startup_stm32wb55xx_cm4.o(.text)
    LPTIM1_IRQHandler                        0x0800016b   Thumb Code     0  startup_stm32wb55xx_cm4.o(.text)
    LPTIM2_IRQHandler                        0x0800016b   Thumb Code     0  startup_stm32wb55xx_cm4.o(.text)
    LPUART1_IRQHandler                       0x0800016b   Thumb Code     0  startup_stm32wb55xx_cm4.o(.text)
    PKA_IRQHandler                           0x0800016b   Thumb Code     0  startup_stm32wb55xx_cm4.o(.text)
    PVD_PVM_IRQHandler                       0x0800016b   Thumb Code     0  startup_stm32wb55xx_cm4.o(.text)
    PWR_SOTF_BLEACT_802ACT_RFPHASE_IRQHandler 0x0800016b   Thumb Code     0  startup_stm32wb55xx_cm4.o(.text)
    QUADSPI_IRQHandler                       0x0800016b   Thumb Code     0  startup_stm32wb55xx_cm4.o(.text)
    RCC_IRQHandler                           0x0800016b   Thumb Code     0  startup_stm32wb55xx_cm4.o(.text)
    RNG_IRQHandler                           0x0800016b   Thumb Code     0  startup_stm32wb55xx_cm4.o(.text)
    RTC_Alarm_IRQHandler                     0x0800016b   Thumb Code     0  startup_stm32wb55xx_cm4.o(.text)
    RTC_WKUP_IRQHandler                      0x0800016b   Thumb Code     0  startup_stm32wb55xx_cm4.o(.text)
    SAI1_IRQHandler                          0x0800016b   Thumb Code     0  startup_stm32wb55xx_cm4.o(.text)
    SPI1_IRQHandler                          0x0800016b   Thumb Code     0  startup_stm32wb55xx_cm4.o(.text)
    SPI2_IRQHandler                          0x0800016b   Thumb Code     0  startup_stm32wb55xx_cm4.o(.text)
    TAMP_STAMP_LSECSS_IRQHandler             0x0800016b   Thumb Code     0  startup_stm32wb55xx_cm4.o(.text)
    TIM1_BRK_IRQHandler                      0x0800016b   Thumb Code     0  startup_stm32wb55xx_cm4.o(.text)
    TIM1_CC_IRQHandler                       0x0800016b   Thumb Code     0  startup_stm32wb55xx_cm4.o(.text)
    TIM1_TRG_COM_TIM17_IRQHandler            0x0800016b   Thumb Code     0  startup_stm32wb55xx_cm4.o(.text)
    TIM1_UP_TIM16_IRQHandler                 0x0800016b   Thumb Code     0  startup_stm32wb55xx_cm4.o(.text)
    TIM2_IRQHandler                          0x0800016b   Thumb Code     0  startup_stm32wb55xx_cm4.o(.text)
    TSC_IRQHandler                           0x0800016b   Thumb Code     0  startup_stm32wb55xx_cm4.o(.text)
    USART1_IRQHandler                        0x0800016b   Thumb Code     0  startup_stm32wb55xx_cm4.o(.text)
    USB_HP_IRQHandler                        0x0800016b   Thumb Code     0  startup_stm32wb55xx_cm4.o(.text)
    USB_LP_IRQHandler                        0x0800016b   Thumb Code     0  startup_stm32wb55xx_cm4.o(.text)
    WWDG_IRQHandler                          0x0800016b   Thumb Code     0  startup_stm32wb55xx_cm4.o(.text)
    __aeabi_uldivmod                         0x08000175   Thumb Code    98  uldiv.o(.text)
    __aeabi_memset                           0x080001d7   Thumb Code    14  memseta.o(.text)
    __aeabi_memset4                          0x080001d7   Thumb Code     0  memseta.o(.text)
    __aeabi_memset8                          0x080001d7   Thumb Code     0  memseta.o(.text)
    __aeabi_memclr                           0x080001e5   Thumb Code     4  memseta.o(.text)
    __aeabi_memclr4                          0x080001e5   Thumb Code     0  memseta.o(.text)
    __aeabi_memclr8                          0x080001e5   Thumb Code     0  memseta.o(.text)
    _memset$wrapper                          0x080001e9   Thumb Code    18  memseta.o(.text)
    __aeabi_uidiv                            0x080001fb   Thumb Code     0  uidiv.o(.text)
    __aeabi_uidivmod                         0x080001fb   Thumb Code    44  uidiv.o(.text)
    __aeabi_llsl                             0x08000227   Thumb Code    30  llshl.o(.text)
    _ll_shift_l                              0x08000227   Thumb Code     0  llshl.o(.text)
    __aeabi_llsr                             0x08000245   Thumb Code    32  llushr.o(.text)
    _ll_ushift_r                             0x08000245   Thumb Code     0  llushr.o(.text)
    __I$use$fp                               0x08000265   Thumb Code     0  iusefp.o(.text)
    __aeabi_dadd                             0x08000265   Thumb Code   322  dadd.o(.text)
    __aeabi_dsub                             0x080003a7   Thumb Code     6  dadd.o(.text)
    __aeabi_drsub                            0x080003ad   Thumb Code     6  dadd.o(.text)
    __aeabi_dmul                             0x080003b3   Thumb Code   228  dmul.o(.text)
    __aeabi_ddiv                             0x08000497   Thumb Code   222  ddiv.o(.text)
    __aeabi_d2ulz                            0x08000575   Thumb Code    48  dfixul.o(.text)
    __aeabi_cdrcmple                         0x080005a5   Thumb Code    48  cdrcmple.o(.text)
    __scatterload                            0x080005d5   Thumb Code    28  init.o(.text)
    __scatterload_rt2                        0x080005d5   Thumb Code     0  init.o(.text)
    __aeabi_lasr                             0x080005f9   Thumb Code    36  llsshr.o(.text)
    _ll_sshift_r                             0x080005f9   Thumb Code     0  llsshr.o(.text)
    _double_round                            0x0800061d   Thumb Code    30  depilogue.o(.text)
    _double_epilogue                         0x0800063b   Thumb Code   156  depilogue.o(.text)
    BusFault_Handler                         0x080006d9   Thumb Code     4  stm32wbxx_it.o(.text.BusFault_Handler)
    DebugMon_Handler                         0x080006dd   Thumb Code     2  stm32wbxx_it.o(.text.DebugMon_Handler)
    Error_Handler                            0x080006e1   Thumb Code    14  main.o(.text.Error_Handler)
    HAL_Delay                                0x080006f1   Thumb Code    66  stm32wbxx_hal.o(.text.HAL_Delay)
    HAL_GPIO_Init                            0x08000735   Thumb Code   814  stm32wbxx_hal_gpio.o(.text.HAL_GPIO_Init)
    HAL_GPIO_WritePin                        0x08000a65   Thumb Code    44  stm32wbxx_hal_gpio.o(.text.HAL_GPIO_WritePin)
    HAL_GetTick                              0x08000a91   Thumb Code    12  stm32wbxx_hal.o(.text.HAL_GetTick)
    HAL_GetTickPrio                          0x08000a9d   Thumb Code    12  stm32wbxx_hal.o(.text.HAL_GetTickPrio)
    HAL_IncTick                              0x08000aa9   Thumb Code    26  stm32wbxx_hal.o(.text.HAL_IncTick)
    HAL_Init                                 0x08000ac5   Thumb Code    64  stm32wbxx_hal.o(.text.HAL_Init)
    HAL_InitTick                             0x08000b05   Thumb Code   130  stm32wbxx_hal.o(.text.HAL_InitTick)
    HAL_MspInit                              0x08000b89   Thumb Code     2  stm32wbxx_hal_msp.o(.text.HAL_MspInit)
    HAL_NVIC_SetPriority                     0x08000b8d   Thumb Code    46  stm32wbxx_hal_cortex.o(.text.HAL_NVIC_SetPriority)
    HAL_NVIC_SetPriorityGrouping             0x08000bbd   Thumb Code    16  stm32wbxx_hal_cortex.o(.text.HAL_NVIC_SetPriorityGrouping)
    HAL_PWREx_GetVoltageRange                0x08000bcd   Thumb Code    16  stm32wbxx_hal_pwr_ex.o(.text.HAL_PWREx_GetVoltageRange)
    HAL_PWR_EnableBkUpAccess                 0x08000bdd   Thumb Code    18  stm32wbxx_hal_pwr.o(.text.HAL_PWR_EnableBkUpAccess)
    HAL_RCCEx_PeriphCLKConfig                0x08000bf1   Thumb Code   800  stm32wbxx_hal_rcc_ex.o(.text.HAL_RCCEx_PeriphCLKConfig)
    HAL_RCC_ClockConfig                      0x08000f11   Thumb Code   744  stm32wbxx_hal_rcc.o(.text.HAL_RCC_ClockConfig)
    HAL_RCC_GetHCLKFreq                      0x080011f9   Thumb Code    42  stm32wbxx_hal_rcc.o(.text.HAL_RCC_GetHCLKFreq)
    HAL_RCC_GetPCLK1Freq                     0x08001225   Thumb Code    44  stm32wbxx_hal_rcc.o(.text.HAL_RCC_GetPCLK1Freq)
    HAL_RCC_GetPCLK2Freq                     0x08001251   Thumb Code    44  stm32wbxx_hal_rcc.o(.text.HAL_RCC_GetPCLK2Freq)
    HAL_RCC_GetSysClockFreq                  0x0800127d   Thumb Code   280  stm32wbxx_hal_rcc.o(.text.HAL_RCC_GetSysClockFreq)
    HAL_RCC_OscConfig                        0x08001395   Thumb Code  2000  stm32wbxx_hal_rcc.o(.text.HAL_RCC_OscConfig)
    HAL_SYSTICK_Config                       0x08001b65   Thumb Code    16  stm32wbxx_hal_cortex.o(.text.HAL_SYSTICK_Config)
    HAL_UARTEx_DisableFifoMode               0x08001b75   Thumb Code   124  stm32wbxx_hal_uart_ex.o(.text.HAL_UARTEx_DisableFifoMode)
    HAL_UARTEx_SetRxFifoThreshold            0x08001bf1   Thumb Code   140  stm32wbxx_hal_uart_ex.o(.text.HAL_UARTEx_SetRxFifoThreshold)
    HAL_UARTEx_SetTxFifoThreshold            0x08001c7d   Thumb Code   140  stm32wbxx_hal_uart_ex.o(.text.HAL_UARTEx_SetTxFifoThreshold)
    HAL_UART_Init                            0x08001d09   Thumb Code   170  stm32wbxx_hal_uart.o(.text.HAL_UART_Init)
    HAL_UART_MspInit                         0x08001db5   Thumb Code   122  usart.o(.text.HAL_UART_MspInit)
    HAL_UART_Transmit                        0x08001e31   Thumb Code   312  stm32wbxx_hal_uart.o(.text.HAL_UART_Transmit)
    HardFault_Handler                        0x08001f69   Thumb Code     4  stm32wbxx_it.o(.text.HardFault_Handler)
    MX_GPIO_Init                             0x080025a1   Thumb Code    70  gpio.o(.text.MX_GPIO_Init)
    MX_USART1_UART_Init                      0x080025e9   Thumb Code   142  usart.o(.text.MX_USART1_UART_Init)
    MemManage_Handler                        0x08002679   Thumb Code     4  stm32wbxx_it.o(.text.MemManage_Handler)
    NMI_Handler                              0x0800267d   Thumb Code     4  stm32wbxx_it.o(.text.NMI_Handler)
    PendSV_Handler                           0x080026ed   Thumb Code     2  stm32wbxx_it.o(.text.PendSV_Handler)
    PeriphCommonClock_Config                 0x080026f1   Thumb Code    48  main.o(.text.PeriphCommonClock_Config)
    SVC_Handler                              0x08002ae1   Thumb Code     2  stm32wbxx_it.o(.text.SVC_Handler)
    SysTick_Handler                          0x08002b39   Thumb Code     8  stm32wbxx_it.o(.text.SysTick_Handler)
    SystemClock_Config                       0x08002b41   Thumb Code   174  main.o(.text.SystemClock_Config)
    SystemInit                               0x08002bf1   Thumb Code   126  system_stm32wbxx.o(.text.SystemInit)
    UART_AdvFeatureConfig                    0x08002cf9   Thumb Code   328  stm32wbxx_hal_uart.o(.text.UART_AdvFeatureConfig)
    UART_CheckIdleState                      0x08002e41   Thumb Code   326  stm32wbxx_hal_uart.o(.text.UART_CheckIdleState)
    UART_SetConfig                           0x08003029   Thumb Code  1042  stm32wbxx_hal_uart.o(.text.UART_SetConfig)
    UART_WaitOnFlagUntilTimeout              0x0800343d   Thumb Code   268  stm32wbxx_hal_uart.o(.text.UART_WaitOnFlagUntilTimeout)
    UsageFault_Handler                       0x08003549   Thumb Code     4  stm32wbxx_it.o(.text.UsageFault_Handler)
    fputc                                    0x080035dd   Thumb Code    34  main.o(.text.fputc)
    main                                     0x08003601   Thumb Code   188  main.o(.text.main)
    __0printf                                0x080036bd   Thumb Code    22  printfa.o(i.__0printf)
    __1printf                                0x080036bd   Thumb Code     0  printfa.o(i.__0printf)
    __2printf                                0x080036bd   Thumb Code     0  printfa.o(i.__0printf)
    __c89printf                              0x080036bd   Thumb Code     0  printfa.o(i.__0printf)
    printf                                   0x080036bd   Thumb Code     0  printfa.o(i.__0printf)
    __scatterload_copy                       0x080036dd   Thumb Code    14  handlers.o(i.__scatterload_copy)
    __scatterload_null                       0x080036eb   Thumb Code     2  handlers.o(i.__scatterload_null)
    __scatterload_zeroinit                   0x080036ed   Thumb Code    14  handlers.o(i.__scatterload_zeroinit)
    AHBPrescTable                            0x08003fbc   Data          64  system_stm32wbxx.o(.rodata.AHBPrescTable)
    APBPrescTable                            0x08003ffc   Data          32  system_stm32wbxx.o(.rodata.APBPrescTable)
    MSIRangeTable                            0x0800401c   Data          64  system_stm32wbxx.o(.rodata.MSIRangeTable)
    UARTPrescTable                           0x0800406c   Data          24  stm32wbxx_hal_uart.o(.rodata.UARTPrescTable)
    Region$$Table$$Base                      0x080040b8   Number         0  anon$$obj.o(Region$$Table)
    Region$$Table$$Limit                     0x080040d8   Number         0  anon$$obj.o(Region$$Table)
    __stdout                                 0x20000008   Data           4  stdout.o(.data)
    SystemCoreClock                          0x2000000c   Data           4  system_stm32wbxx.o(.data.SystemCoreClock)
    uwTickFreq                               0x20000010   Data           1  stm32wbxx_hal.o(.data.uwTickFreq)
    uwTickPrio                               0x20000014   Data           4  stm32wbxx_hal.o(.data.uwTickPrio)
    huart1                                   0x20000018   Data         148  usart.o(.bss.huart1)
    uwTick                                   0x200000ac   Data           4  stm32wbxx_hal.o(.bss.uwTick)
    __initial_sp                             0x200040b0   Data           0  startup_stm32wb55xx_cm4.o(STACK)



==============================================================================

Memory Map of the image

  Image Entry point : 0x0800013d

  Load Region LR_IROM1 (Base: 0x08000000, Size: 0x000040e8, Max: 0x00080000, ABSOLUTE)

    Execution Region ER_IROM1 (Exec base: 0x08000000, Load base: 0x08000000, Size: 0x000040d8, Max: 0x00080000, ABSOLUTE)

    Exec Addr    Load Addr    Size         Type   Attr      Idx    E Section Name        Object

    0x08000000   0x08000000   0x0000013c   Data   RO            3    RESET               startup_stm32wb55xx_cm4.o
    0x0800013c   0x0800013c   0x00000000   Code   RO         1349  * .ARM.Collect$$$$00000000  mc_w.l(entry.o)
    0x0800013c   0x0800013c   0x00000004   Code   RO         1384    .ARM.Collect$$$$00000001  mc_w.l(entry2.o)
    0x08000140   0x08000140   0x00000004   Code   RO         1387    .ARM.Collect$$$$00000004  mc_w.l(entry5.o)
    0x08000144   0x08000144   0x00000000   Code   RO         1389    .ARM.Collect$$$$00000008  mc_w.l(entry7b.o)
    0x08000144   0x08000144   0x00000000   Code   RO         1391    .ARM.Collect$$$$0000000A  mc_w.l(entry8b.o)
    0x08000144   0x08000144   0x00000008   Code   RO         1392    .ARM.Collect$$$$0000000B  mc_w.l(entry9a.o)
    0x0800014c   0x0800014c   0x00000000   Code   RO         1394    .ARM.Collect$$$$0000000D  mc_w.l(entry10a.o)
    0x0800014c   0x0800014c   0x00000000   Code   RO         1396    .ARM.Collect$$$$0000000F  mc_w.l(entry11a.o)
    0x0800014c   0x0800014c   0x00000004   Code   RO         1385    .ARM.Collect$$$$00002712  mc_w.l(entry2.o)
    0x08000150   0x08000150   0x00000024   Code   RO            4    .text               startup_stm32wb55xx_cm4.o
    0x08000174   0x08000174   0x00000062   Code   RO         1352    .text               mc_w.l(uldiv.o)
    0x080001d6   0x080001d6   0x00000024   Code   RO         1354    .text               mc_w.l(memseta.o)
    0x080001fa   0x080001fa   0x0000002c   Code   RO         1408    .text               mc_w.l(uidiv.o)
    0x08000226   0x08000226   0x0000001e   Code   RO         1410    .text               mc_w.l(llshl.o)
    0x08000244   0x08000244   0x00000020   Code   RO         1412    .text               mc_w.l(llushr.o)
    0x08000264   0x08000264   0x00000000   Code   RO         1414    .text               mc_w.l(iusefp.o)
    0x08000264   0x08000264   0x0000014e   Code   RO         1415    .text               mf_w.l(dadd.o)
    0x080003b2   0x080003b2   0x000000e4   Code   RO         1417    .text               mf_w.l(dmul.o)
    0x08000496   0x08000496   0x000000de   Code   RO         1419    .text               mf_w.l(ddiv.o)
    0x08000574   0x08000574   0x00000030   Code   RO         1421    .text               mf_w.l(dfixul.o)
    0x080005a4   0x080005a4   0x00000030   Code   RO         1423    .text               mf_w.l(cdrcmple.o)
    0x080005d4   0x080005d4   0x00000024   Code   RO         1425    .text               mc_w.l(init.o)
    0x080005f8   0x080005f8   0x00000024   Code   RO         1427    .text               mc_w.l(llsshr.o)
    0x0800061c   0x0800061c   0x000000ba   Code   RO         1429    .text               mf_w.l(depilogue.o)
    0x080006d6   0x080006d6   0x00000002   PAD
    0x080006d8   0x080006d8   0x00000004   Code   RO           68    .text.BusFault_Handler  stm32wbxx_it.o
    0x080006dc   0x080006dc   0x00000002   Code   RO           74    .text.DebugMon_Handler  stm32wbxx_it.o
    0x080006de   0x080006de   0x00000002   PAD
    0x080006e0   0x080006e0   0x0000000e   Code   RO           19    .text.Error_Handler  main.o
    0x080006ee   0x080006ee   0x00000002   PAD
    0x080006f0   0x080006f0   0x00000042   Code   RO          994    .text.HAL_Delay     stm32wbxx_hal.o
    0x08000732   0x08000732   0x00000002   PAD
    0x08000734   0x08000734   0x0000032e   Code   RO          579    .text.HAL_GPIO_Init  stm32wbxx_hal_gpio.o
    0x08000a62   0x08000a62   0x00000002   PAD
    0x08000a64   0x08000a64   0x0000002c   Code   RO          585    .text.HAL_GPIO_WritePin  stm32wbxx_hal_gpio.o
    0x08000a90   0x08000a90   0x0000000c   Code   RO          986    .text.HAL_GetTick   stm32wbxx_hal.o
    0x08000a9c   0x08000a9c   0x0000000c   Code   RO          988    .text.HAL_GetTickPrio  stm32wbxx_hal.o
    0x08000aa8   0x08000aa8   0x0000001a   Code   RO          984    .text.HAL_IncTick   stm32wbxx_hal.o
    0x08000ac2   0x08000ac2   0x00000002   PAD
    0x08000ac4   0x08000ac4   0x00000040   Code   RO          946    .text.HAL_Init      stm32wbxx_hal.o
    0x08000b04   0x08000b04   0x00000082   Code   RO          948    .text.HAL_InitTick  stm32wbxx_hal.o
    0x08000b86   0x08000b86   0x00000002   PAD
    0x08000b88   0x08000b88   0x00000002   Code   RO           87    .text.HAL_MspInit   stm32wbxx_hal_msp.o
    0x08000b8a   0x08000b8a   0x00000002   PAD
    0x08000b8c   0x08000b8c   0x0000002e   Code   RO          879    .text.HAL_NVIC_SetPriority  stm32wbxx_hal_cortex.o
    0x08000bba   0x08000bba   0x00000002   PAD
    0x08000bbc   0x08000bbc   0x00000010   Code   RO          875    .text.HAL_NVIC_SetPriorityGrouping  stm32wbxx_hal_cortex.o
    0x08000bcc   0x08000bcc   0x00000010   Code   RO          712    .text.HAL_PWREx_GetVoltageRange  stm32wbxx_hal_pwr_ex.o
    0x08000bdc   0x08000bdc   0x00000012   Code   RO          661    .text.HAL_PWR_EnableBkUpAccess  stm32wbxx_hal_pwr.o
    0x08000bee   0x08000bee   0x00000002   PAD
    0x08000bf0   0x08000bf0   0x00000320   Code   RO          255    .text.HAL_RCCEx_PeriphCLKConfig  stm32wbxx_hal_rcc_ex.o
    0x08000f10   0x08000f10   0x000002e8   Code   RO          173    .text.HAL_RCC_ClockConfig  stm32wbxx_hal_rcc.o
    0x080011f8   0x080011f8   0x0000002a   Code   RO          123    .text.HAL_RCC_GetHCLKFreq  stm32wbxx_hal_rcc.o
    0x08001222   0x08001222   0x00000002   PAD
    0x08001224   0x08001224   0x0000002c   Code   RO          221    .text.HAL_RCC_GetPCLK1Freq  stm32wbxx_hal_rcc.o
    0x08001250   0x08001250   0x0000002c   Code   RO          225    .text.HAL_RCC_GetPCLK2Freq  stm32wbxx_hal_rcc.o
    0x0800127c   0x0800127c   0x00000118   Code   RO          201    .text.HAL_RCC_GetSysClockFreq  stm32wbxx_hal_rcc.o
    0x08001394   0x08001394   0x000007d0   Code   RO          113    .text.HAL_RCC_OscConfig  stm32wbxx_hal_rcc.o
    0x08001b64   0x08001b64   0x00000010   Code   RO          899    .text.HAL_SYSTICK_Config  stm32wbxx_hal_cortex.o
    0x08001b74   0x08001b74   0x0000007c   Code   RO         1311    .text.HAL_UARTEx_DisableFifoMode  stm32wbxx_hal_uart_ex.o
    0x08001bf0   0x08001bf0   0x0000008c   Code   RO         1315    .text.HAL_UARTEx_SetRxFifoThreshold  stm32wbxx_hal_uart_ex.o
    0x08001c7c   0x08001c7c   0x0000008c   Code   RO         1313    .text.HAL_UARTEx_SetTxFifoThreshold  stm32wbxx_hal_uart_ex.o
    0x08001d08   0x08001d08   0x000000aa   Code   RO         1137    .text.HAL_UART_Init  stm32wbxx_hal_uart.o
    0x08001db2   0x08001db2   0x00000002   PAD
    0x08001db4   0x08001db4   0x0000007a   Code   RO           44    .text.HAL_UART_MspInit  usart.o
    0x08001e2e   0x08001e2e   0x00000002   PAD
    0x08001e30   0x08001e30   0x00000138   Code   RO         1157    .text.HAL_UART_Transmit  stm32wbxx_hal_uart.o
    0x08001f68   0x08001f68   0x00000004   Code   RO           64    .text.HardFault_Handler  stm32wbxx_it.o
    0x08001f6c   0x08001f6c   0x00000020   Code   RO           32    .text.LL_AHB2_GRP1_EnableClock  gpio.o
    0x08001f8c   0x08001f8c   0x00000020   Code   RO           48    .text.LL_AHB2_GRP1_EnableClock  usart.o
    0x08001fac   0x08001fac   0x00000020   Code   RO           46    .text.LL_APB2_GRP1_EnableClock  usart.o
    0x08001fcc   0x08001fcc   0x0000001c   Code   RO          179    .text.LL_C2_RCC_SetAHBPrescaler  stm32wbxx_hal_rcc.o
    0x08001fe8   0x08001fe8   0x00000010   Code   RO          265    .text.LL_RCC_ForceBackupDomainReset  stm32wbxx_hal_rcc_ex.o
    0x08001ff8   0x08001ff8   0x00000012   Code   RO          219    .text.LL_RCC_GetAHB4Prescaler  stm32wbxx_hal_rcc.o
    0x0800200a   0x0800200a   0x00000002   PAD
    0x0800200c   0x0800200c   0x0000000e   Code   RO          211    .text.LL_RCC_GetAHBPrescaler  stm32wbxx_hal_rcc.o
    0x0800201a   0x0800201a   0x00000002   PAD
    0x0800201c   0x0800201c   0x0000000e   Code   RO          223    .text.LL_RCC_GetAPB1Prescaler  stm32wbxx_hal_rcc.o
    0x0800202a   0x0800202a   0x00000002   PAD
    0x0800202c   0x0800202c   0x0000000e   Code   RO          227    .text.LL_RCC_GetAPB2Prescaler  stm32wbxx_hal_rcc.o
    0x0800203a   0x0800203a   0x00000002   PAD
    0x0800203c   0x0800203c   0x00000014   Code   RO         1267    .text.LL_RCC_GetLPUARTClockSource  stm32wbxx_hal_uart.o
    0x08002050   0x08002050   0x0000000e   Code   RO          261    .text.LL_RCC_GetRTCClockSource  stm32wbxx_hal_rcc_ex.o
    0x0800205e   0x0800205e   0x00000002   PAD
    0x08002060   0x08002060   0x0000000e   Code   RO          115    .text.LL_RCC_GetSysClkSource  stm32wbxx_hal_rcc.o
    0x0800206e   0x0800206e   0x00000002   PAD
    0x08002070   0x08002070   0x00000014   Code   RO         1265    .text.LL_RCC_GetUSARTClockSource  stm32wbxx_hal_uart.o
    0x08002084   0x08002084   0x0000000e   Code   RO          129    .text.LL_RCC_HSE_Disable  stm32wbxx_hal_rcc.o
    0x08002092   0x08002092   0x00000002   PAD
    0x08002094   0x08002094   0x0000000e   Code   RO          127    .text.LL_RCC_HSE_Enable  stm32wbxx_hal_rcc.o
    0x080020a2   0x080020a2   0x00000002   PAD
    0x080020a4   0x080020a4   0x0000000c   Code   RO          203    .text.LL_RCC_HSE_IsEnabledDiv2  stm32wbxx_hal_rcc.o
    0x080020b0   0x080020b0   0x0000000c   Code   RO          131    .text.LL_RCC_HSE_IsReady  stm32wbxx_hal_rcc.o
    0x080020bc   0x080020bc   0x00000010   Code   RO          167    .text.LL_RCC_HSI48_Disable  stm32wbxx_hal_rcc.o
    0x080020cc   0x080020cc   0x00000010   Code   RO          163    .text.LL_RCC_HSI48_Enable  stm32wbxx_hal_rcc.o
    0x080020dc   0x080020dc   0x0000000e   Code   RO          165    .text.LL_RCC_HSI48_IsReady  stm32wbxx_hal_rcc.o
    0x080020ea   0x080020ea   0x00000002   PAD
    0x080020ec   0x080020ec   0x0000000e   Code   RO          137    .text.LL_RCC_HSI_Disable  stm32wbxx_hal_rcc.o
    0x080020fa   0x080020fa   0x00000002   PAD
    0x080020fc   0x080020fc   0x0000000e   Code   RO          133    .text.LL_RCC_HSI_Enable  stm32wbxx_hal_rcc.o
    0x0800210a   0x0800210a   0x00000002   PAD
    0x0800210c   0x0800210c   0x0000000c   Code   RO          135    .text.LL_RCC_HSI_IsReady  stm32wbxx_hal_rcc.o
    0x08002118   0x08002118   0x0000001c   Code   RO          107    .text.LL_RCC_HSI_SetCalibTrimming  stm32wbxx_hal_rcc.o
    0x08002134   0x08002134   0x00000010   Code   RO          181    .text.LL_RCC_IsActiveFlag_C2HPRE  stm32wbxx_hal_rcc.o
    0x08002144   0x08002144   0x0000000e   Code   RO          177    .text.LL_RCC_IsActiveFlag_HPRE  stm32wbxx_hal_rcc.o
    0x08002152   0x08002152   0x00000002   PAD
    0x08002154   0x08002154   0x0000000e   Code   RO          189    .text.LL_RCC_IsActiveFlag_PPRE1  stm32wbxx_hal_rcc.o
    0x08002162   0x08002162   0x00000002   PAD
    0x08002164   0x08002164   0x0000000e   Code   RO          193    .text.LL_RCC_IsActiveFlag_PPRE2  stm32wbxx_hal_rcc.o
    0x08002172   0x08002172   0x00000002   PAD
    0x08002174   0x08002174   0x00000010   Code   RO          185    .text.LL_RCC_IsActiveFlag_SHDHPRE  stm32wbxx_hal_rcc.o
    0x08002184   0x08002184   0x00000010   Code   RO          157    .text.LL_RCC_LSE_Disable  stm32wbxx_hal_rcc.o
    0x08002194   0x08002194   0x00000010   Code   RO          159    .text.LL_RCC_LSE_DisableBypass  stm32wbxx_hal_rcc.o
    0x080021a4   0x080021a4   0x00000010   Code   RO          153    .text.LL_RCC_LSE_Enable  stm32wbxx_hal_rcc.o
    0x080021b4   0x080021b4   0x00000010   Code   RO          155    .text.LL_RCC_LSE_EnableBypass  stm32wbxx_hal_rcc.o
    0x080021c4   0x080021c4   0x0000000e   Code   RO          269    .text.LL_RCC_LSE_IsEnabled  stm32wbxx_hal_rcc_ex.o
    0x080021d2   0x080021d2   0x00000002   PAD
    0x080021d4   0x080021d4   0x0000000e   Code   RO          161    .text.LL_RCC_LSE_IsReady  stm32wbxx_hal_rcc.o
    0x080021e2   0x080021e2   0x00000002   PAD
    0x080021e4   0x080021e4   0x0000000e   Code   RO          271    .text.LL_RCC_LSE_IsReady  stm32wbxx_hal_rcc_ex.o
    0x080021f2   0x080021f2   0x00000002   PAD
    0x080021f4   0x080021f4   0x00000010   Code   RO          149    .text.LL_RCC_LSI1_Disable  stm32wbxx_hal_rcc.o
    0x08002204   0x08002204   0x00000010   Code   RO          141    .text.LL_RCC_LSI1_Enable  stm32wbxx_hal_rcc.o
    0x08002214   0x08002214   0x0000000e   Code   RO          139    .text.LL_RCC_LSI1_IsReady  stm32wbxx_hal_rcc.o
    0x08002222   0x08002222   0x00000002   PAD
    0x08002224   0x08002224   0x00000010   Code   RO          151    .text.LL_RCC_LSI2_Disable  stm32wbxx_hal_rcc.o
    0x08002234   0x08002234   0x00000010   Code   RO          143    .text.LL_RCC_LSI2_Enable  stm32wbxx_hal_rcc.o
    0x08002244   0x08002244   0x0000000e   Code   RO          145    .text.LL_RCC_LSI2_IsReady  stm32wbxx_hal_rcc.o
    0x08002252   0x08002252   0x00000002   PAD
    0x08002254   0x08002254   0x0000001c   Code   RO          147    .text.LL_RCC_LSI2_SetTrimming  stm32wbxx_hal_rcc.o
    0x08002270   0x08002270   0x0000000e   Code   RO          125    .text.LL_RCC_MSI_Disable  stm32wbxx_hal_rcc.o
    0x0800227e   0x0800227e   0x00000002   PAD
    0x08002280   0x08002280   0x0000000e   Code   RO           99    .text.LL_RCC_MSI_Enable  stm32wbxx_hal_rcc.o
    0x0800228e   0x0800228e   0x00000002   PAD
    0x08002290   0x08002290   0x00000022   Code   RO          119    .text.LL_RCC_MSI_GetRange  stm32wbxx_hal_rcc.o
    0x080022b2   0x080022b2   0x00000002   PAD
    0x080022b4   0x080022b4   0x0000000c   Code   RO          101    .text.LL_RCC_MSI_IsReady  stm32wbxx_hal_rcc.o
    0x080022c0   0x080022c0   0x0000001c   Code   RO          105    .text.LL_RCC_MSI_SetCalibTrimming  stm32wbxx_hal_rcc.o
    0x080022dc   0x080022dc   0x00000018   Code   RO          103    .text.LL_RCC_MSI_SetRange  stm32wbxx_hal_rcc.o
    0x080022f4   0x080022f4   0x0000000e   Code   RO          375    .text.LL_RCC_PLLSAI1_Disable  stm32wbxx_hal_rcc_ex.o
    0x08002302   0x08002302   0x00000002   PAD
    0x08002304   0x08002304   0x0000000e   Code   RO          377    .text.LL_RCC_PLLSAI1_Enable  stm32wbxx_hal_rcc_ex.o
    0x08002312   0x08002312   0x00000002   PAD
    0x08002314   0x08002314   0x0000000c   Code   RO          339    .text.LL_RCC_PLLSAI1_IsReady  stm32wbxx_hal_rcc_ex.o
    0x08002320   0x08002320   0x0000000e   Code   RO          169    .text.LL_RCC_PLL_Disable  stm32wbxx_hal_rcc.o
    0x0800232e   0x0800232e   0x00000002   PAD
    0x08002330   0x08002330   0x0000000e   Code   RO          171    .text.LL_RCC_PLL_Enable  stm32wbxx_hal_rcc.o
    0x0800233e   0x0800233e   0x00000002   PAD
    0x08002340   0x08002340   0x0000000e   Code   RO          207    .text.LL_RCC_PLL_GetDivider  stm32wbxx_hal_rcc.o
    0x0800234e   0x0800234e   0x00000002   PAD
    0x08002350   0x08002350   0x0000000e   Code   RO          117    .text.LL_RCC_PLL_GetMainSource  stm32wbxx_hal_rcc.o
    0x0800235e   0x0800235e   0x00000002   PAD
    0x08002360   0x08002360   0x0000000e   Code   RO          205    .text.LL_RCC_PLL_GetN  stm32wbxx_hal_rcc.o
    0x0800236e   0x0800236e   0x00000002   PAD
    0x08002370   0x08002370   0x0000000e   Code   RO          209    .text.LL_RCC_PLL_GetR  stm32wbxx_hal_rcc.o
    0x0800237e   0x0800237e   0x00000002   PAD
    0x08002380   0x08002380   0x0000000c   Code   RO          109    .text.LL_RCC_PLL_IsReady  stm32wbxx_hal_rcc.o
    0x0800238c   0x0800238c   0x00000010   Code   RO          267    .text.LL_RCC_ReleaseBackupDomainReset  stm32wbxx_hal_rcc_ex.o
    0x0800239c   0x0800239c   0x0000001a   Code   RO          289    .text.LL_RCC_SetADCClockSource  stm32wbxx_hal_rcc_ex.o
    0x080023b6   0x080023b6   0x00000002   PAD
    0x080023b8   0x080023b8   0x0000001e   Code   RO          183    .text.LL_RCC_SetAHB4Prescaler  stm32wbxx_hal_rcc.o
    0x080023d6   0x080023d6   0x00000002   PAD
    0x080023d8   0x080023d8   0x0000001a   Code   RO          175    .text.LL_RCC_SetAHBPrescaler  stm32wbxx_hal_rcc.o
    0x080023f2   0x080023f2   0x00000002   PAD
    0x080023f4   0x080023f4   0x0000001a   Code   RO          187    .text.LL_RCC_SetAPB1Prescaler  stm32wbxx_hal_rcc.o
    0x0800240e   0x0800240e   0x00000002   PAD
    0x08002410   0x08002410   0x0000001a   Code   RO          191    .text.LL_RCC_SetAPB2Prescaler  stm32wbxx_hal_rcc.o
    0x0800242a   0x0800242a   0x00000002   PAD
    0x0800242c   0x0800242c   0x0000001a   Code   RO          287    .text.LL_RCC_SetCLK48ClockSource  stm32wbxx_hal_rcc_ex.o
    0x08002446   0x08002446   0x00000002   PAD
    0x08002448   0x08002448   0x00000026   Code   RO          279    .text.LL_RCC_SetI2CClockSource  stm32wbxx_hal_rcc_ex.o
    0x0800246e   0x0800246e   0x00000002   PAD
    0x08002470   0x08002470   0x00000022   Code   RO          277    .text.LL_RCC_SetLPTIMClockSource  stm32wbxx_hal_rcc_ex.o
    0x08002492   0x08002492   0x00000002   PAD
    0x08002494   0x08002494   0x0000001a   Code   RO          275    .text.LL_RCC_SetLPUARTClockSource  stm32wbxx_hal_rcc_ex.o
    0x080024ae   0x080024ae   0x00000002   PAD
    0x080024b0   0x080024b0   0x0000001a   Code   RO          293    .text.LL_RCC_SetRFWKPClockSource  stm32wbxx_hal_rcc_ex.o
    0x080024ca   0x080024ca   0x00000002   PAD
    0x080024cc   0x080024cc   0x0000001a   Code   RO          285    .text.LL_RCC_SetRNGClockSource  stm32wbxx_hal_rcc_ex.o
    0x080024e6   0x080024e6   0x00000002   PAD
    0x080024e8   0x080024e8   0x0000001a   Code   RO          263    .text.LL_RCC_SetRTCClockSource  stm32wbxx_hal_rcc_ex.o
    0x08002502   0x08002502   0x00000002   PAD
    0x08002504   0x08002504   0x0000001a   Code   RO          259    .text.LL_RCC_SetSAIClockSource  stm32wbxx_hal_rcc_ex.o
    0x0800251e   0x0800251e   0x00000002   PAD
    0x08002520   0x08002520   0x0000001a   Code   RO          297    .text.LL_RCC_SetSMPSClockSource  stm32wbxx_hal_rcc_ex.o
    0x0800253a   0x0800253a   0x00000002   PAD
    0x0800253c   0x0800253c   0x0000001a   Code   RO          295    .text.LL_RCC_SetSMPSPrescaler  stm32wbxx_hal_rcc_ex.o
    0x08002556   0x08002556   0x00000002   PAD
    0x08002558   0x08002558   0x0000001a   Code   RO          195    .text.LL_RCC_SetSysClkSource  stm32wbxx_hal_rcc.o
    0x08002572   0x08002572   0x00000002   PAD
    0x08002574   0x08002574   0x0000001a   Code   RO          273    .text.LL_RCC_SetUSARTClockSource  stm32wbxx_hal_rcc_ex.o
    0x0800258e   0x0800258e   0x00000002   PAD
    0x08002590   0x08002590   0x00000010   Code   RO          281    .text.LL_RCC_SetUSBClockSource  stm32wbxx_hal_rcc_ex.o
    0x080025a0   0x080025a0   0x00000046   Code   RO           30    .text.MX_GPIO_Init  gpio.o
    0x080025e6   0x080025e6   0x00000002   PAD
    0x080025e8   0x080025e8   0x0000008e   Code   RO           42    .text.MX_USART1_UART_Init  usart.o
    0x08002676   0x08002676   0x00000002   PAD
    0x08002678   0x08002678   0x00000004   Code   RO           66    .text.MemManage_Handler  stm32wbxx_it.o
    0x0800267c   0x0800267c   0x00000004   Code   RO           62    .text.NMI_Handler   stm32wbxx_it.o
    0x08002680   0x08002680   0x0000006c   Code   RO          885    .text.NVIC_EncodePriority  stm32wbxx_hal_cortex.o
    0x080026ec   0x080026ec   0x00000002   Code   RO           76    .text.PendSV_Handler  stm32wbxx_it.o
    0x080026ee   0x080026ee   0x00000002   PAD
    0x080026f0   0x080026f0   0x00000030   Code   RO           17    .text.PeriphCommonClock_Config  main.o
    0x08002720   0x08002720   0x000000b6   Code   RO          257    .text.RCCEx_PLLSAI1_ConfigNP  stm32wbxx_hal_rcc_ex.o
    0x080027d6   0x080027d6   0x00000002   PAD
    0x080027d8   0x080027d8   0x000000b6   Code   RO          283    .text.RCCEx_PLLSAI1_ConfigNQ  stm32wbxx_hal_rcc_ex.o
    0x0800288e   0x0800288e   0x00000002   PAD
    0x08002890   0x08002890   0x000000b6   Code   RO          291    .text.RCCEx_PLLSAI1_ConfigNR  stm32wbxx_hal_rcc_ex.o
    0x08002946   0x08002946   0x00000002   PAD
    0x08002948   0x08002948   0x00000120   Code   RO          243    .text.RCC_SetFlashLatency  stm32wbxx_hal_rcc.o
    0x08002a68   0x08002a68   0x00000076   Code   RO          121    .text.RCC_SetFlashLatencyFromMSIRange  stm32wbxx_hal_rcc.o
    0x08002ade   0x08002ade   0x00000002   PAD
    0x08002ae0   0x08002ae0   0x00000002   Code   RO           72    .text.SVC_Handler   stm32wbxx_it.o
    0x08002ae2   0x08002ae2   0x00000002   PAD
    0x08002ae4   0x08002ae4   0x00000052   Code   RO          901    .text.SysTick_Config  stm32wbxx_hal_cortex.o
    0x08002b36   0x08002b36   0x00000002   PAD
    0x08002b38   0x08002b38   0x00000008   Code   RO           78    .text.SysTick_Handler  stm32wbxx_it.o
    0x08002b40   0x08002b40   0x000000ae   Code   RO           15    .text.SystemClock_Config  main.o
    0x08002bee   0x08002bee   0x00000002   PAD
    0x08002bf0   0x08002bf0   0x0000007e   Code   RO         1334    .text.SystemInit    system_stm32wbxx.o
    0x08002c6e   0x08002c6e   0x00000002   PAD
    0x08002c70   0x08002c70   0x00000086   Code   RO         1309    .text.UARTEx_SetNbDataToProcess  stm32wbxx_hal_uart_ex.o
    0x08002cf6   0x08002cf6   0x00000002   PAD
    0x08002cf8   0x08002cf8   0x00000148   Code   RO         1141    .text.UART_AdvFeatureConfig  stm32wbxx_hal_uart.o
    0x08002e40   0x08002e40   0x00000146   Code   RO         1145    .text.UART_CheckIdleState  stm32wbxx_hal_uart.o
    0x08002f86   0x08002f86   0x00000002   PAD
    0x08002f88   0x08002f88   0x0000009e   Code   RO         1197    .text.UART_EndRxTransfer  stm32wbxx_hal_uart.o
    0x08003026   0x08003026   0x00000002   PAD
    0x08003028   0x08003028   0x00000412   Code   RO         1143    .text.UART_SetConfig  stm32wbxx_hal_uart.o
    0x0800343a   0x0800343a   0x00000002   PAD
    0x0800343c   0x0800343c   0x0000010c   Code   RO         1159    .text.UART_WaitOnFlagUntilTimeout  stm32wbxx_hal_uart.o
    0x08003548   0x08003548   0x00000004   Code   RO           70    .text.UsageFault_Handler  stm32wbxx_it.o
    0x0800354c   0x0800354c   0x00000010   Code   RO          881    .text.__NVIC_GetPriorityGrouping  stm32wbxx_hal_cortex.o
    0x0800355c   0x0800355c   0x00000042   Code   RO          883    .text.__NVIC_SetPriority  stm32wbxx_hal_cortex.o
    0x0800359e   0x0800359e   0x00000002   PAD
    0x080035a0   0x080035a0   0x0000003c   Code   RO          877    .text.__NVIC_SetPriorityGrouping  stm32wbxx_hal_cortex.o
    0x080035dc   0x080035dc   0x00000022   Code   RO           11    .text.fputc         main.o
    0x080035fe   0x080035fe   0x00000002   PAD
    0x08003600   0x08003600   0x000000bc   Code   RO           13    .text.main          main.o
    0x080036bc   0x080036bc   0x00000020   Code   RO         1357    i.__0printf         mc_w.l(printfa.o)
    0x080036dc   0x080036dc   0x0000000e   Code   RO         1433    i.__scatterload_copy  mc_w.l(handlers.o)
    0x080036ea   0x080036ea   0x00000002   Code   RO         1434    i.__scatterload_null  mc_w.l(handlers.o)
    0x080036ec   0x080036ec   0x0000000e   Code   RO         1435    i.__scatterload_zeroinit  mc_w.l(handlers.o)
    0x080036fa   0x080036fa   0x00000002   PAD
    0x080036fc   0x080036fc   0x00000184   Code   RO         1364    i._fp_digits        mc_w.l(printfa.o)
    0x08003880   0x08003880   0x000006dc   Code   RO         1365    i._printf_core      mc_w.l(printfa.o)
    0x08003f5c   0x08003f5c   0x00000024   Code   RO         1366    i._printf_post_padding  mc_w.l(printfa.o)
    0x08003f80   0x08003f80   0x0000002e   Code   RO         1367    i._printf_pre_padding  mc_w.l(printfa.o)
    0x08003fae   0x08003fae   0x00000002   PAD
    0x08003fb0   0x08003fb0   0x0000000c   Data   RO          246    .rodata..L__const.RCC_SetFlashLatency.FLASH_CLK_SRC_RANGE_VOS2  stm32wbxx_hal_rcc.o
    0x08003fbc   0x08003fbc   0x00000040   Data   RO         1339    .rodata.AHBPrescTable  system_stm32wbxx.o
    0x08003ffc   0x08003ffc   0x00000020   Data   RO         1340    .rodata.APBPrescTable  system_stm32wbxx.o
    0x0800401c   0x0800401c   0x00000040   Data   RO         1341    .rodata.MSIRangeTable  system_stm32wbxx.o
    0x0800405c   0x0800405c   0x00000008   Data   RO         1326    .rodata.UARTEx_SetNbDataToProcess.denominator  stm32wbxx_hal_uart_ex.o
    0x08004064   0x08004064   0x00000008   Data   RO         1325    .rodata.UARTEx_SetNbDataToProcess.numerator  stm32wbxx_hal_uart_ex.o
    0x0800406c   0x0800406c   0x00000018   Data   RO         1281    .rodata.UARTPrescTable  stm32wbxx_hal_uart.o
    0x08004084   0x08004084   0x00000020   Data   RO          245    .rodata.cst16       stm32wbxx_hal_rcc.o
    0x080040a4   0x080040a4   0x00000013   Data   RO           21    .rodata.str1.1      main.o
    0x080040b7   0x080040b7   0x00000001   PAD
    0x080040b8   0x080040b8   0x00000020   Data   RO         1432    Region$$Table       anon$$obj.o


    Execution Region RW_IRAM1 (Exec base: 0x20000008, Load base: 0x080040d8, Size: 0x000040a8, Max: 0x0002fff8, ABSOLUTE)

    Exec Addr    Load Addr    Size         Type   Attr      Idx    E Section Name        Object

    0x20000008   0x080040d8   0x00000004   Data   RW         1398    .data               mc_w.l(stdout.o)
    0x2000000c   0x080040dc   0x00000004   Data   RW         1338    .data.SystemCoreClock  system_stm32wbxx.o
    0x20000010   0x080040e0   0x00000001   Data   RW         1101    .data.uwTickFreq    stm32wbxx_hal.o
    0x20000011   0x080040e1   0x00000003   PAD
    0x20000014   0x080040e4   0x00000004   Data   RW         1100    .data.uwTickPrio    stm32wbxx_hal.o
    0x20000018        -       0x00000094   Zero   RW           54    .bss.huart1         usart.o
    0x200000ac        -       0x00000004   Zero   RW         1102    .bss.uwTick         stm32wbxx_hal.o
    0x200000b0        -       0x00004000   Zero   RW            1    STACK               startup_stm32wb55xx_cm4.o


    Execution Region RW_RAM_SHARED (Exec base: 0x20030000, Load base: 0x080040e8, Size: 0x00000000, Max: 0x00002800, ABSOLUTE)

    **** No section assigned to this execution region ****


==============================================================================

Image component sizes


      Code (inc. data)   RO Data    RW Data    ZI Data      Debug   Object Name

       102          0          0          0          0       2936   gpio.o
       458          0         19          0          0       4217   main.o
        36          8        316          0      16384        832   startup_stm32wb55xx_cm4.o
       310          0          0          5          4      14249   stm32wbxx_hal.o
       410          0          0          0          0       8973   stm32wbxx_hal_cortex.o
       858          0          0          0          0       4911   stm32wbxx_hal_gpio.o
         2          0          0          0          0        372   stm32wbxx_hal_msp.o
        18          0          0          0          0       5420   stm32wbxx_hal_pwr.o
        16          0          0          0          0      12932   stm32wbxx_hal_pwr_ex.o
      4456          0         44          0          0      17183   stm32wbxx_hal_rcc.o
      1808          0          0          0          0      23186   stm32wbxx_hal_rcc_ex.o
      2644         30         24          0          0      27893   stm32wbxx_hal_uart.o
       538          0         16          0          0       8850   stm32wbxx_hal_uart_ex.o
        34          0          0          0          0       1007   stm32wbxx_it.o
       126          0        160          4          0       3402   system_stm32wbxx.o
       328          0          0          0        148       7547   usart.o

    ----------------------------------------------------------------------
     12296         38        612         12      16536     143910   Object Totals
         0          0         32          0          0          0   (incl. Generated)
       152          0          1          3          0          0   (incl. Padding)

    ----------------------------------------------------------------------

      Code (inc. data)   RO Data    RW Data    ZI Data      Debug   Library Member Name

         0          0          0          0          0          0   entry.o
         0          0          0          0          0          0   entry10a.o
         0          0          0          0          0          0   entry11a.o
         8          4          0          0          0          0   entry2.o
         4          0          0          0          0          0   entry5.o
         0          0          0          0          0          0   entry7b.o
         0          0          0          0          0          0   entry8b.o
         8          4          0          0          0          0   entry9a.o
        30          0          0          0          0          0   handlers.o
        36          8          0          0          0         68   init.o
         0          0          0          0          0          0   iusefp.o
        30          0          0          0          0         68   llshl.o
        36          0          0          0          0         68   llsshr.o
        32          0          0          0          0         68   llushr.o
        36          0          0          0          0        108   memseta.o
      2258         90          0          0          0        452   printfa.o
         0          0          0          4          0          0   stdout.o
        44          0          0          0          0         80   uidiv.o
        98          0          0          0          0         92   uldiv.o
        48          0          0          0          0         68   cdrcmple.o
       334          0          0          0          0        148   dadd.o
       222          0          0          0          0        100   ddiv.o
       186          0          0          0          0        176   depilogue.o
        48          0          0          0          0         68   dfixul.o
       228          0          0          0          0         96   dmul.o

    ----------------------------------------------------------------------
      3692        106          0          4          0       1660   Library Totals
         6          0          0          0          0          0   (incl. Padding)

    ----------------------------------------------------------------------

      Code (inc. data)   RO Data    RW Data    ZI Data      Debug   Library Name

      2620        106          0          4          0       1004   mc_w.l
      1066          0          0          0          0        656   mf_w.l

    ----------------------------------------------------------------------
      3692        106          0          4          0       1660   Library Totals

    ----------------------------------------------------------------------

==============================================================================


      Code (inc. data)   RO Data    RW Data    ZI Data      Debug   

     15988        144        612         16      16536     144662   Grand Totals
     15988        144        612         16      16536     144662   ELF Image Totals
     15988        144        612         16          0          0   ROM Totals

==============================================================================

    Total RO  Size (Code + RO Data)                16600 (  16.21kB)
    Total RW  Size (RW Data + ZI Data)             16552 (  16.16kB)
    Total ROM Size (Code + RO Data + RW Data)      16616 (  16.23kB)

==============================================================================

