Component: Arm Compiler for Embedded 6.18 Tool: armlink [5e4cc100]

==============================================================================

Section Cross References

    startup_stm32wb55xx_cm4.o(RESET) refers to startup_stm32wb55xx_cm4.o(STACK) for __initial_sp
    startup_stm32wb55xx_cm4.o(RESET) refers to startup_stm32wb55xx_cm4.o(.text) for Reset_Handler
    startup_stm32wb55xx_cm4.o(RESET) refers to stm32wbxx_it.o(.text.NMI_Handler) for NMI_Handler
    startup_stm32wb55xx_cm4.o(RESET) refers to stm32wbxx_it.o(.text.HardFault_Handler) for HardFault_Handler
    startup_stm32wb55xx_cm4.o(RESET) refers to stm32wbxx_it.o(.text.MemManage_Handler) for MemManage_Handler
    startup_stm32wb55xx_cm4.o(RESET) refers to stm32wbxx_it.o(.text.BusFault_Handler) for BusFault_Handler
    startup_stm32wb55xx_cm4.o(RESET) refers to stm32wbxx_it.o(.text.UsageFault_Handler) for UsageFault_Handler
    startup_stm32wb55xx_cm4.o(RESET) refers to stm32wbxx_it.o(.text.SVC_Handler) for SVC_Handler
    startup_stm32wb55xx_cm4.o(RESET) refers to stm32wbxx_it.o(.text.DebugMon_Handler) for DebugMon_Handler
    startup_stm32wb55xx_cm4.o(RESET) refers to stm32wbxx_it.o(.text.PendSV_Handler) for PendSV_Handler
    startup_stm32wb55xx_cm4.o(RESET) refers to stm32wbxx_it.o(.text.SysTick_Handler) for SysTick_Handler
    startup_stm32wb55xx_cm4.o(RESET) refers to stm32wbxx_it.o(.text.IPCC_C1_RX_IRQHandler) for IPCC_C1_RX_IRQHandler
    startup_stm32wb55xx_cm4.o(RESET) refers to stm32wbxx_it.o(.text.IPCC_C1_TX_IRQHandler) for IPCC_C1_TX_IRQHandler
    startup_stm32wb55xx_cm4.o(RESET) refers to stm32wbxx_it.o(.text.HSEM_IRQHandler) for HSEM_IRQHandler
    startup_stm32wb55xx_cm4.o(.text) refers to system_stm32wbxx.o(.text.SystemInit) for SystemInit
    startup_stm32wb55xx_cm4.o(.text) refers to entry.o(.ARM.Collect$$$$00000000) for __main
    main.o(.text.main) refers to stm32wbxx_hal.o(.text.HAL_Init) for HAL_Init
    main.o(.text.main) refers to app_entry.o(.text.MX_APPE_Config) for MX_APPE_Config
    main.o(.text.main) refers to memseta.o(.text) for __aeabi_memclr4
    main.o(.text.main) refers to stm32wbxx_hal_pwr.o(.text.HAL_PWR_EnableBkUpAccess) for HAL_PWR_EnableBkUpAccess
    main.o(.text.main) refers to stm32wbxx_hal_rcc.o(.text.HAL_RCC_OscConfig) for HAL_RCC_OscConfig
    main.o(.text.main) refers to stm32wbxx_hal_rcc.o(.text.HAL_RCC_ClockConfig) for HAL_RCC_ClockConfig
    main.o(.text.main) refers to stm32wbxx_hal_rcc_ex.o(.text.HAL_RCCEx_PeriphCLKConfig) for HAL_RCCEx_PeriphCLKConfig
    main.o(.text.main) refers to ipcc.o(.text.MX_IPCC_Init) for MX_IPCC_Init
    main.o(.text.main) refers to gpio.o(.text.MX_GPIO_Init) for MX_GPIO_Init
    main.o(.text.main) refers to rtc.o(.text.MX_RTC_Init) for MX_RTC_Init
    main.o(.text.main) refers to rf.o(.text.MX_RF_Init) for MX_RF_Init
    main.o(.text.main) refers to app_entry.o(.text.MX_APPE_Init) for MX_APPE_Init
    main.o(.text.main) refers to app_entry.o(.text.MX_APPE_Process) for MX_APPE_Process
    main.o(.ARM.exidx.text.main) refers to main.o(.text.main) for [Anonymous Symbol]
    main.o(.text.SystemClock_Config) refers to memseta.o(.text) for __aeabi_memclr4
    main.o(.text.SystemClock_Config) refers to stm32wbxx_hal_pwr.o(.text.HAL_PWR_EnableBkUpAccess) for HAL_PWR_EnableBkUpAccess
    main.o(.text.SystemClock_Config) refers to stm32wbxx_hal_rcc.o(.text.HAL_RCC_OscConfig) for HAL_RCC_OscConfig
    main.o(.text.SystemClock_Config) refers to stm32wbxx_hal_rcc.o(.text.HAL_RCC_ClockConfig) for HAL_RCC_ClockConfig
    main.o(.ARM.exidx.text.SystemClock_Config) refers to main.o(.text.SystemClock_Config) for [Anonymous Symbol]
    main.o(.text.PeriphCommonClock_Config) refers to memseta.o(.text) for __aeabi_memclr4
    main.o(.text.PeriphCommonClock_Config) refers to stm32wbxx_hal_rcc_ex.o(.text.HAL_RCCEx_PeriphCLKConfig) for HAL_RCCEx_PeriphCLKConfig
    main.o(.ARM.exidx.text.PeriphCommonClock_Config) refers to main.o(.text.PeriphCommonClock_Config) for [Anonymous Symbol]
    main.o(.ARM.exidx.text.Error_Handler) refers to main.o(.text.Error_Handler) for [Anonymous Symbol]
    gpio.o(.ARM.exidx.text.MX_GPIO_Init) refers to gpio.o(.text.MX_GPIO_Init) for [Anonymous Symbol]
    ipcc.o(.text.MX_IPCC_Init) refers to ipcc.o(.bss.hipcc) for hipcc
    ipcc.o(.text.MX_IPCC_Init) refers to stm32wbxx_hal_ipcc.o(.text.HAL_IPCC_Init) for HAL_IPCC_Init
    ipcc.o(.text.MX_IPCC_Init) refers to main.o(.text.Error_Handler) for Error_Handler
    ipcc.o(.ARM.exidx.text.MX_IPCC_Init) refers to ipcc.o(.text.MX_IPCC_Init) for [Anonymous Symbol]
    ipcc.o(.text.HAL_IPCC_MspInit) refers to stm32wbxx_hal_cortex.o(.text.HAL_NVIC_SetPriority) for HAL_NVIC_SetPriority
    ipcc.o(.text.HAL_IPCC_MspInit) refers to stm32wbxx_hal_cortex.o(.text.HAL_NVIC_EnableIRQ) for HAL_NVIC_EnableIRQ
    ipcc.o(.ARM.exidx.text.HAL_IPCC_MspInit) refers to ipcc.o(.text.HAL_IPCC_MspInit) for [Anonymous Symbol]
[...]
    [Anonymous Symbol]                       0x08001bb0   Section        0  stm_list.o(.text.LST_insert_head)
    [Anonymous Symbol]                       0x08001bcc   Section        0  stm_list.o(.text.LST_insert_tail)
    [Anonymous Symbol]                       0x08001be8   Section        0  stm_list.o(.text.LST_is_empty)
    [Anonymous Symbol]                       0x08001c04   Section        0  stm_list.o(.text.LST_remove_head)
    [Anonymous Symbol]                       0x08001c34   Section        0  svc_ctl.o(.text.MESH_Init)
    [Anonymous Symbol]                       0x08001c38   Section        0  svc_ctl.o(.text.MOTENV_STM_Init)
    [Anonymous Symbol]                       0x08001c3c   Section        0  app_entry.o(.text.MX_APPE_Config)
    [Anonymous Symbol]                       0x08001c78   Section        0  app_entry.o(.text.MX_APPE_Init)
    [Anonymous Symbol]                       0x08001d44   Section        0  app_entry.o(.text.MX_APPE_Process)
    [Anonymous Symbol]                       0x08001d4c   Section        0  gpio.o(.text.MX_GPIO_Init)
    [Anonymous Symbol]                       0x08001d6c   Section        0  ipcc.o(.text.MX_IPCC_Init)
    [Anonymous Symbol]                       0x08001d94   Section        0  rf.o(.text.MX_RF_Init)
    [Anonymous Symbol]                       0x08001d98   Section        0  rtc.o(.text.MX_RTC_Init)
    [Anonymous Symbol]                       0x08001de8   Section        0  stm32wbxx_it.o(.text.MemManage_Handler)
    [Anonymous Symbol]                       0x08001dec   Section        0  stm32wbxx_it.o(.text.NMI_Handler)
    [Anonymous Symbol]                       0x08001df0   Section        0  svc_ctl.o(.text.OTAS_STM_Init)
    [Anonymous Symbol]                       0x08001df4   Section        0  otp.o(.text.OTP_Read)
    [Anonymous Symbol]                       0x08001e64   Section        0  osal.o(.text.Osal_MemCpy)
    [Anonymous Symbol]                       0x08001e70   Section        0  osal.o(.text.Osal_MemSet)
    [Anonymous Symbol]                       0x08001e84   Section        0  svc_ctl.o(.text.P2PS_STM_Init)
    [Anonymous Symbol]                       0x08001e88   Section        0  stm32wbxx_it.o(.text.PendSV_Handler)
    RCC_SetFlashLatencyFromMSIRange          0x08001e8d   Thumb Code   228  stm32wbxx_hal_rcc.o(.text.RCC_SetFlashLatencyFromMSIRange)
    [Anonymous Symbol]                       0x08001e8c   Section        0  stm32wbxx_hal_rcc.o(.text.RCC_SetFlashLatencyFromMSIRange)
    [Anonymous Symbol]                       0x08001f80   Section        0  shci.o(.text.SHCI_C2_BLE_Init)
    [Anonymous Symbol]                       0x08001f9c   Section        0  shci.o(.text.SHCI_C2_Config)
    [Anonymous Symbol]                       0x08001fb8   Section        0  shci.o(.text.SHCI_C2_DEBUG_Init)
    [Anonymous Symbol]                       0x08001fd4   Section        0  shci.o(.text.SHCI_GetWirelessFwInfo)
    [Anonymous Symbol]                       0x08002078   Section        0  app_ble.o(.text.SVCCTL_App_Notification)
    [Anonymous Symbol]                       0x0800217c   Section        0  svc_ctl.o(.text.SVCCTL_Init)
    [Anonymous Symbol]                       0x08002190   Section        0  custom_stm.o(.text.SVCCTL_InitCustomSvc)
    [Anonymous Symbol]                       0x08002224   Section        0  svc_ctl.o(.text.SVCCTL_RegisterSvcHandler)
    [Anonymous Symbol]                       0x08002240   Section        0  svc_ctl.o(.text.SVCCTL_SvcInit)
    [Anonymous Symbol]                       0x08002290   Section        0  svc_ctl.o(.text.SVCCTL_UserEvtRx)
    [Anonymous Symbol]                       0x080022e8   Section        0  stm32wbxx_it.o(.text.SVC_Handler)
    SendFreeBuf                              0x080022ed   Thumb Code    68  tl_mbox.o(.text.SendFreeBuf)
    [Anonymous Symbol]                       0x080022ec   Section        0  tl_mbox.o(.text.SendFreeBuf)
    [Anonymous Symbol]                       0x08002330   Section        0  stm32wbxx_it.o(.text.SysTick_Handler)
    [Anonymous Symbol]                       0x08002334   Section        0  system_stm32wbxx.o(.text.SystemInit)
    [Anonymous Symbol]                       0x0800239c   Section        0  tl_mbox.o(.text.TL_BLE_Init)
    [Anonymous Symbol]                       0x080023e4   Section        0  tl_mbox.o(.text.TL_BLE_SendCmd)
    [Anonymous Symbol]                       0x08002400   Section        0  tl_mbox.o(.text.TL_Enable)
    [Anonymous Symbol]                       0x08002404   Section        0  tl_mbox.o(.text.TL_Init)
    [Anonymous Symbol]                       0x08002450   Section        0  tl_mbox.o(.text.TL_MM_EvtDone)
    [Anonymous Symbol]                       0x08002474   Section        0  tl_mbox.o(.text.TL_MM_Init)
    [Anonymous Symbol]                       0x080024bc   Section        0  tl_mbox.o(.text.TL_SYS_Init)
    [Anonymous Symbol]                       0x080024f8   Section        0  tl_mbox.o(.text.TL_SYS_SendCmd)
    [Anonymous Symbol]                       0x08002514   Section        0  tl_mbox.o(.text.TL_TRACES_EvtReceived)
    [Anonymous Symbol]                       0x08002518   Section        0  tl_mbox.o(.text.TL_TRACES_Init)
    [Anonymous Symbol]                       0x0800253c   Section        0  svc_ctl.o(.text.TPS_Init)
    TlCmdEvtReceived                         0x08002541   Thumb Code     6  shci_tl.o(.text.TlCmdEvtReceived)
    [Anonymous Symbol]                       0x08002540   Section        0  shci_tl.o(.text.TlCmdEvtReceived)
    TlEvtReceived                            0x08002549   Thumb Code    68  hci_tl.o(.text.TlEvtReceived)
    [Anonymous Symbol]                       0x08002548   Section        0  hci_tl.o(.text.TlEvtReceived)
    TlUserEvtReceived                        0x0800258d   Thumb Code    32  shci_tl.o(.text.TlUserEvtReceived)
    [Anonymous Symbol]                       0x0800258c   Section        0  shci_tl.o(.text.TlUserEvtReceived)
    [Anonymous Symbol]                       0x080025ac   Section        0  stm32_lpm.o(.text.UTIL_LPM_Init)
    [Anonymous Symbol]                       0x080025bc   Section        0  stm32_lpm.o(.text.UTIL_LPM_SetOffMode)
    [Anonymous Symbol]                       0x080025ec   Section        0  app_entry.o(.text.UTIL_SEQ_EvtIdle)
    [Anonymous Symbol]                       0x080025f4   Section        0  app_entry.o(.text.UTIL_SEQ_Idle)
    [Anonymous Symbol]                       0x080025f8   Section        0  stm32_seq.o(.text.UTIL_SEQ_PauseTask)
    [Anonymous Symbol]                       0x08002618   Section        0  stm32_seq.o(.text.UTIL_SEQ_PostIdle)
    [Anonymous Symbol]                       0x0800261c   Section        0  stm32_seq.o(.text.UTIL_SEQ_PreIdle)
    [Anonymous Symbol]                       0x08002620   Section        0  stm32_seq.o(.text.UTIL_SEQ_RegTask)
    [Anonymous Symbol]                       0x08002678   Section        0  stm32_seq.o(.text.UTIL_SEQ_ResumeTask)
    [Anonymous Symbol]                       0x08002698   Section        0  stm32_seq.o(.text.UTIL_SEQ_Run)
    [Anonymous Symbol]                       0x0800281c   Section        0  stm32_seq.o(.text.UTIL_SEQ_SetEvt)
    [Anonymous Symbol]                       0x0800283c   Section        0  stm32_seq.o(.text.UTIL_SEQ_SetTask)
    [Anonymous Symbol]                       0x08002864   Section        0  stm32_seq.o(.text.UTIL_SEQ_WaitEvt)
    [Anonymous Symbol]                       0x080028bc   Section        0  stm32wbxx_it.o(.text.UsageFault_Handler)
    [Anonymous Symbol]                       0x080028c0   Section        0  svc_ctl.o(.text.ZDD_STM_Init)
    [Anonymous Symbol]                       0x080028c4   Section        0  ble_gap_aci.o(.text.aci_gap_init)
    [Anonymous Symbol]                       0x08002950   Section        0  ble_gap_aci.o(.text.aci_gap_numeric_comparison_value_confirm_yesno)
    [Anonymous Symbol]                       0x080029a0   Section        0  ble_gap_aci.o(.text.aci_gap_pass_key_resp)
    [Anonymous Symbol]                       0x080029f0   Section        0  ble_gap_aci.o(.text.aci_gap_set_authentication_requirement)
    [Anonymous Symbol]                       0x08002a68   Section        0  ble_gap_aci.o(.text.aci_gap_set_discoverable)
    [Anonymous Symbol]                       0x08002b08   Section        0  ble_gap_aci.o(.text.aci_gap_set_io_capability)
    [Anonymous Symbol]                       0x08002b54   Section        0  ble_gap_aci.o(.text.aci_gap_set_non_discoverable)
    [Anonymous Symbol]                       0x08002b94   Section        0  ble_gap_aci.o(.text.aci_gap_update_adv_data)
    [Anonymous Symbol]                       0x08002bec   Section        0  ble_gatt_aci.o(.text.aci_gatt_add_char)
    [Anonymous Symbol]                       0x08002cbc   Section        0  ble_gatt_aci.o(.text.aci_gatt_add_service)
    [Anonymous Symbol]                       0x08002d6c   Section        0  ble_gatt_aci.o(.text.aci_gatt_confirm_indication)
    [Anonymous Symbol]                       0x08002db8   Section        0  ble_gatt_aci.o(.text.aci_gatt_init)
    [Anonymous Symbol]                       0x08002df8   Section        0  ble_gatt_aci.o(.text.aci_gatt_update_char_value)
    [Anonymous Symbol]                       0x08002e60   Section        0  ble_hal_aci.o(.text.aci_hal_set_radio_activity_mask)
    [Anonymous Symbol]                       0x08002eac   Section        0  ble_hal_aci.o(.text.aci_hal_set_tx_power_level)
    [Anonymous Symbol]                       0x08002efc   Section        0  ble_hal_aci.o(.text.aci_hal_write_config_data)
    [Anonymous Symbol]                       0x08002f58   Section        0  app_ble.o(.text.hci_cmd_resp_release)
    [Anonymous Symbol]                       0x08002f60   Section        0  app_ble.o(.text.hci_cmd_resp_wait)
    [Anonymous Symbol]                       0x08002f68   Section        0  hci_tl.o(.text.hci_init)
    [Anonymous Symbol]                       0x08002fbc   Section        0  ble_hci_le.o(.text.hci_le_set_default_phy)
    [Anonymous Symbol]                       0x08003010   Section        0  app_ble.o(.text.hci_notify_asynch_evt)
    [Anonymous Symbol]                       0x08003018   Section        0  hci_tl_if.o(.text.hci_register_io_bus)
    [Anonymous Symbol]                       0x08003030   Section        0  ble_hci_le.o(.text.hci_reset)
    [Anonymous Symbol]                       0x08003070   Section        0  hci_tl.o(.text.hci_send_req)
    [Anonymous Symbol]                       0x0800315c   Section        0  hci_tl.o(.text.hci_user_evt_proc)
    [Anonymous Symbol]                       0x080031cc   Section        0  main.o(.text.main)
    [Anonymous Symbol]                       0x080032c0   Section        0  app_entry.o(.text.shci_cmd_resp_release)
    [Anonymous Symbol]                       0x080032c8   Section        0  app_entry.o(.text.shci_cmd_resp_wait)
    [Anonymous Symbol]                       0x080032d0   Section        0  shci_tl.o(.text.shci_init)
    [Anonymous Symbol]                       0x08003330   Section        0  app_entry.o(.text.shci_notify_asynch_evt)
    [Anonymous Symbol]                       0x08003338   Section        0  shci_tl_if.o(.text.shci_register_io_bus)
    [Anonymous Symbol]                       0x08003350   Section        0  shci_tl.o(.text.shci_send)
    [Anonymous Symbol]                       0x080033d0   Section        0  shci_tl.o(.text.shci_user_evt_proc)
    i.__scatterload_copy                     0x08003440   Section       14  handlers.o(i.__scatterload_copy)
    i.__scatterload_null                     0x0800344e   Section        2  handlers.o(i.__scatterload_null)
    i.__scatterload_zeroinit                 0x08003450   Section       14  handlers.o(i.__scatterload_zeroinit)
    .L__const.APPD_EnableCPU2.DebugCmdPacket 0x08003460   Data          27  app_debug.o(.rodata..L__const.APPD_EnableCPU2.DebugCmdPacket)
    .L__const.APP_BLE_Init.ble_init_cmd_packet 0x0800347c   Data          58  app_ble.o(.rodata..L__const.APP_BLE_Init.ble_init_cmd_packet)
    aGpioConfigList                          0x08003548   Data         304  app_debug.o(.rodata.aGpioConfigList)
    [Anonymous Symbol]                       0x08003548   Section        0  app_debug.o(.rodata.aGpioConfigList)
    a_BLE_CfgErValue                         0x08003678   Data          16  app_ble.o(.rodata.a_BLE_CfgErValue)
    [Anonymous Symbol]                       0x08003678   Section        0  app_ble.o(.rodata.a_BLE_CfgErValue)
    a_BLE_CfgIrValue                         0x08003688   Data          16  app_ble.o(.rodata.a_BLE_CfgIrValue)
    [Anonymous Symbol]                       0x08003688   Section        0  app_ble.o(.rodata.a_BLE_CfgIrValue)
    a_MBdAddr                                0x08003698   Data           6  app_ble.o(.rodata.a_MBdAddr)
    [Anonymous Symbol]                       0x08003698   Section        0  app_ble.o(.rodata.a_MBdAddr)
    .L_MergedGlobals                         0x20000008   Data           8  stm32wbxx_hal.o(.data..L_MergedGlobals)
    [Anonymous Symbol]                       0x20000008   Section        0  stm32wbxx_hal.o(.data..L_MergedGlobals)
    .L_MergedGlobals                         0x20000010   Data           8  stm32_seq.o(.data..L_MergedGlobals)
    TaskMask                                 0x20000010   Data           4  stm32_seq.o(.data..L_MergedGlobals)
    [Anonymous Symbol]                       0x20000010   Section        0  stm32_seq.o(.data..L_MergedGlobals)
    SuperMask                                0x20000014   Data           4  stm32_seq.o(.data..L_MergedGlobals)
    .L_MergedGlobals                         0x2000002c   Data          16  hci_tl.o(BLE_DRIVER_CONTEXT)
    [Anonymous Symbol]                       0x2000002c   Section        0  hci_tl.o(BLE_DRIVER_CONTEXT)
    pCmdBuffer                               0x20000030   Data           4  hci_tl.o(BLE_DRIVER_CONTEXT)
    HciAsynchEventQueue                      0x20000034   Data           8  hci_tl.o(BLE_DRIVER_CONTEXT)
    .L_MergedGlobals                         0x2000003c   Data          36  svc_ctl.o(BLE_DRIVER_CONTEXT)
    [Anonymous Symbol]                       0x2000003c   Section        0  svc_ctl.o(BLE_DRIVER_CONTEXT)
    .L_MergedGlobals                         0x20000060   Data          16  shci_tl.o(SYSTEM_DRIVER_CONTEXT)
    [Anonymous Symbol]                       0x20000060   Section        0  shci_tl.o(SYSTEM_DRIVER_CONTEXT)
    SHCICmdStatus                            0x20000061   Data           1  shci_tl.o(SYSTEM_DRIVER_CONTEXT)
    pCmdBuffer                               0x20000064   Data           4  shci_tl.o(SYSTEM_DRIVER_CONTEXT)
    SHciAsynchEventQueue                     0x20000068   Data           8  shci_tl.o(SYSTEM_DRIVER_CONTEXT)
    .L_MergedGlobals                         0x20000070   Data          16  hw_timerserver.o(.bss..L_MergedGlobals)
    CurrentRunningTimerID                    0x20000070   Data           1  hw_timerserver.o(.bss..L_MergedGlobals)
    [Anonymous Symbol]                       0x20000070   Section        0  hw_timerserver.o(.bss..L_MergedGlobals)
    WakeupTimerLimitation                    0x20000071   Data           1  hw_timerserver.o(.bss..L_MergedGlobals)
    WakeupTimerDivider                       0x20000072   Data           1  hw_timerserver.o(.bss..L_MergedGlobals)
    AsynchPrescalerUserConfig                0x20000073   Data           1  hw_timerserver.o(.bss..L_MergedGlobals)
    PreviousRunningTimerID                   0x20000074   Data           1  hw_timerserver.o(.bss..L_MergedGlobals)
    SynchPrescalerUserConfig                 0x20000076   Data           2  hw_timerserver.o(.bss..L_MergedGlobals)
    MaxWakeupTimerSetup                      0x20000078   Data           2  hw_timerserver.o(.bss..L_MergedGlobals)
    SSRValueOnLastSetup                      0x2000007c   Data           4  hw_timerserver.o(.bss..L_MergedGlobals)
    .L_MergedGlobals                         0x20000080   Data          16  app_ble.o(.bss..L_MergedGlobals)
    BleApplicationContext.10                 0x20000080   Data           1  app_ble.o(.bss..L_MergedGlobals)
    [Anonymous Symbol]                       0x20000080   Section        0  app_ble.o(.bss..L_MergedGlobals)
    BleApplicationContext.7                  0x20000084   Data           2  app_ble.o(.bss..L_MergedGlobals)
    a_BdAddrUdn                              0x2000008a   Data           6  app_ble.o(.bss..L_MergedGlobals)
    .L_MergedGlobals                         0x20000090   Data           8  stm32_lpm.o(.bss..L_MergedGlobals)
    StopModeDisable                          0x20000090   Data           4  stm32_lpm.o(.bss..L_MergedGlobals)
    [Anonymous Symbol]                       0x20000090   Section        0  stm32_lpm.o(.bss..L_MergedGlobals)
    OffModeDisable                           0x20000094   Data           4  stm32_lpm.o(.bss..L_MergedGlobals)
    .L_MergedGlobals.1                       0x20000098   Data          48  hci_tl.o(.bss..L_MergedGlobals.1)
    CmdRspStatusFlag                         0x20000098   Data           1  hci_tl.o(.bss..L_MergedGlobals.1)
    [Anonymous Symbol]                       0x20000098   Section        0  hci_tl.o(.bss..L_MergedGlobals.1)
    StatusNotCallBackFunction                0x2000009c   Data           4  hci_tl.o(.bss..L_MergedGlobals.1)
    HciCmdEventQueue                         0x200000a0   Data           8  hci_tl.o(.bss..L_MergedGlobals.1)
    hciContext                               0x200000a8   Data          32  hci_tl.o(.bss..L_MergedGlobals.1)
    .L_MergedGlobals.1                       0x200000c8   Data          40  shci_tl.o(.bss..L_MergedGlobals.1)
    CmdRspStatusFlag                         0x200000c8   Data           1  shci_tl.o(.bss..L_MergedGlobals.1)
    [Anonymous Symbol]                       0x200000c8   Section        0  shci_tl.o(.bss..L_MergedGlobals.1)
    StatusNotCallBackFunction                0x200000cc   Data           4  shci_tl.o(.bss..L_MergedGlobals.1)
    shciContext                              0x200000d0   Data          32  shci_tl.o(.bss..L_MergedGlobals.1)
    .L_MergedGlobals.1                       0x200000f0   Data          32  stm32_seq.o(.bss..L_MergedGlobals.1)
    TaskSet                                  0x200000f0   Data           4  stm32_seq.o(.bss..L_MergedGlobals.1)
    [Anonymous Symbol]                       0x200000f0   Section        0  stm32_seq.o(.bss..L_MergedGlobals.1)
    EvtSet                                   0x200000f4   Data           4  stm32_seq.o(.bss..L_MergedGlobals.1)
    EvtWaited                                0x200000f8   Data           4  stm32_seq.o(.bss..L_MergedGlobals.1)
    CurrentTaskIdx                           0x200000fc   Data           4  stm32_seq.o(.bss..L_MergedGlobals.1)
    TaskPrio                                 0x20000100   Data          16  stm32_seq.o(.bss..L_MergedGlobals.1)
    .L_MergedGlobals.2                       0x20000110   Data          28  tl_mbox.o(.bss..L_MergedGlobals.2)
    BLE_IoBusEvtCallBackFunction             0x20000110   Data           4  tl_mbox.o(.bss..L_MergedGlobals.2)
    [Anonymous Symbol]                       0x20000110   Section        0  tl_mbox.o(.bss..L_MergedGlobals.2)
    BLE_IoBusAclDataTxAck                    0x20000114   Data           4  tl_mbox.o(.bss..L_MergedGlobals.2)
    SYS_CMD_IoBusCallBackFunction            0x20000118   Data           4  tl_mbox.o(.bss..L_MergedGlobals.2)
    SYS_EVT_IoBusCallBackFunction            0x2000011c   Data           4  tl_mbox.o(.bss..L_MergedGlobals.2)
    TL_MM_Init.p_mem_manager_table           0x20000120   Data           4  tl_mbox.o(.bss..L_MergedGlobals.2)
    LocalFreeBufQueue                        0x20000124   Data           8  tl_mbox.o(.bss..L_MergedGlobals.2)
    CustomContext                            0x2000012c   Data           4  custom_stm.o(.bss.CustomContext)
    [Anonymous Symbol]                       0x2000012c   Section        0  custom_stm.o(.bss.CustomContext)
    FreeBufCb                                0x20000130   Data           4  hw_ipcc.o(.bss.FreeBufCb)
    [Anonymous Symbol]                       0x20000130   Section        0  hw_ipcc.o(.bss.FreeBufCb)
    TaskCb                                   0x20000134   Data         128  stm32_seq.o(.bss.TaskCb)
    [Anonymous Symbol]                       0x20000134   Section        0  stm32_seq.o(.bss.TaskCb)
    aTimerContext                            0x200001b4   Data         144  hw_timerserver.o(.bss.aTimerContext)
    [Anonymous Symbol]                       0x200001b4   Section        0  hw_timerserver.o(.bss.aTimerContext)
    STACK                                    0x200002a8   Section     1024  startup_stm32wb55xx_cm4.o(STACK)
    TL_RefTable                              0x20030000   Data          40  tl_mbox.o(MAPPING_TABLE)
    [Anonymous Symbol]                       0x20030000   Section        0  tl_mbox.o(MAPPING_TABLE)
    BleCmdBuffer                             0x20030028   Data         267  app_ble.o(MB_MEM1)
    [Anonymous Symbol]                       0x20030028   Section        0  app_ble.o(MB_MEM1)
    TL_DeviceInfoTable                       0x20030134   Data          32  tl_mbox.o(MB_MEM1)
    [Anonymous Symbol]                       0x20030134   Section        0  tl_mbox.o(MB_MEM1)
    EvtQueue                                 0x20030154   Data           8  tl_mbox.o(MB_MEM1)
    SystemEvtQueue                           0x2003015c   Data           8  tl_mbox.o(MB_MEM1)
    FreeBufQueue                             0x20030164   Data           8  tl_mbox.o(MB_MEM1)
    TracesEvtQueue                           0x2003016c   Data           8  tl_mbox.o(MB_MEM1)
    .L_MergedGlobals                         0x20030174   Data         112  tl_mbox.o(MB_MEM1)
    TL_TracesTable                           0x20030174   Data           4  tl_mbox.o(MB_MEM1)
    TL_LldTestsTable                         0x20030178   Data           8  tl_mbox.o(MB_MEM1)
    TL_BleLldTable                           0x20030180   Data           8  tl_mbox.o(MB_MEM1)
    TL_SysTable                              0x20030188   Data           8  tl_mbox.o(MB_MEM1)
    TL_Mac_802_15_4_Table                    0x20030190   Data          12  tl_mbox.o(MB_MEM1)
    TL_Zigbee_Table                          0x2003019c   Data          12  tl_mbox.o(MB_MEM1)
    TL_BleTable                              0x200301a8   Data          16  tl_mbox.o(MB_MEM1)
    TL_ThreadTable                           0x200301b8   Data          16  tl_mbox.o(MB_MEM1)
    TL_MemManagerTable                       0x200301c8   Data          28  tl_mbox.o(MB_MEM1)
    SystemCmdBuffer                          0x200301e4   Data         267  app_entry.o(MB_MEM2)
    [Anonymous Symbol]                       0x200301e4   Section        0  app_entry.o(MB_MEM2)
    BleSpareEvtBuffer                        0x200302f0   Data         266  app_entry.o(MB_MEM2)
    SystemSpareEvtBuffer                     0x200303fc   Data         266  app_entry.o(MB_MEM2)
    EvtPool                                  0x20030508   Data        1340  app_entry.o(MB_MEM2)
    APPD_TracesConfig                        0x20030a44   Data           4  app_debug.o(MB_MEM2)
    [Anonymous Symbol]                       0x20030a44   Section        0  app_debug.o(MB_MEM2)
    APPD_GeneralConfig                       0x20030a48   Data          14  app_debug.o(MB_MEM2)
    CsBuffer                                 0x20030a58   Data          15  tl_mbox.o(MB_MEM2)
    [Anonymous Symbol]                       0x20030a58   Section        0  tl_mbox.o(MB_MEM2)

    Global Symbols

    Symbol Name                              Value     Ov Type        Size  Object(Section)

    BuildAttributes$$THM_ISAv4$E$P$D$K$B$S$7EM$VFPi3$EXTD16$VFPS$VFMA$PE$A:L22UL41UL21$X:L11$S22US41US21$IEEE1$IW$~IW$USESV6$~STKCKD$USESV7$~SHL$OTIME$ROPI$EBA8$MICROLIB$REQ8$PRES8$EABIv2 0x00000000   Number         0  anon$$obj.o ABSOLUTE
    _printf_a                                0x00000000   Number         0  printfstubs.o ABSOLUTE
    _printf_c                                0x00000000   Number         0  printfstubs.o ABSOLUTE
    _printf_charcount                        0x00000000   Number         0  printfstubs.o ABSOLUTE
    _printf_d                                0x00000000   Number         0  printfstubs.o ABSOLUTE
    _printf_e                                0x00000000   Number         0  printfstubs.o ABSOLUTE
    _printf_f                                0x00000000   Number         0  printfstubs.o ABSOLUTE
    _printf_flags                            0x00000000   Number         0  printfstubs.o ABSOLUTE
    _printf_fp_dec                           0x00000000   Number         0  printfstubs.o ABSOLUTE
    _printf_fp_hex                           0x00000000   Number         0  printfstubs.o ABSOLUTE
    _printf_g                                0x00000000   Number         0  printfstubs.o ABSOLUTE
    _printf_i                                0x00000000   Number         0  printfstubs.o ABSOLUTE
    _printf_int_dec                          0x00000000   Number         0  printfstubs.o ABSOLUTE
    _printf_l                                0x00000000   Number         0  printfstubs.o ABSOLUTE
    _printf_lc                               0x00000000   Number         0  printfstubs.o ABSOLUTE
    _printf_ll                               0x00000000   Number         0  printfstubs.o ABSOLUTE
    _printf_lld                              0x00000000   Number         0  printfstubs.o ABSOLUTE
    _printf_lli                              0x00000000   Number         0  printfstubs.o ABSOLUTE
    _printf_llo                              0x00000000   Number         0  printfstubs.o ABSOLUTE
    _printf_llu                              0x00000000   Number         0  printfstubs.o ABSOLUTE
    _printf_llx                              0x00000000   Number         0  printfstubs.o ABSOLUTE
    _printf_longlong_dec                     0x00000000   Number         0  printfstubs.o ABSOLUTE
    _printf_longlong_hex                     0x00000000   Number         0  printfstubs.o ABSOLUTE
    _printf_longlong_oct                     0x00000000   Number         0  printfstubs.o ABSOLUTE
    _printf_ls                               0x00000000   Number         0  printfstubs.o ABSOLUTE
    _printf_mbtowc                           0x00000000   Number         0  printfstubs.o ABSOLUTE
    _printf_n                                0x00000000   Number         0  printfstubs.o ABSOLUTE
    _printf_o                                0x00000000   Number         0  printfstubs.o ABSOLUTE
    _printf_p                                0x00000000   Number         0  printfstubs.o ABSOLUTE
    _printf_percent                          0x00000000   Number         0  printfstubs.o ABSOLUTE
    _printf_pre_padding                      0x00000000   Number         0  printfstubs.o ABSOLUTE
    _printf_return_value                     0x00000000   Number         0  printfstubs.o ABSOLUTE
    _printf_s                                0x00000000   Number         0  printfstubs.o ABSOLUTE
    _printf_sizespec                         0x00000000   Number         0  printfstubs.o ABSOLUTE
    _printf_str                              0x00000000   Number         0  printfstubs.o ABSOLUTE
    _printf_truncate_signed                  0x00000000   Number         0  printfstubs.o ABSOLUTE
    _printf_truncate_unsigned                0x00000000   Number         0  printfstubs.o ABSOLUTE
    _printf_u                                0x00000000   Number         0  printfstubs.o ABSOLUTE
    _printf_wc                               0x00000000   Number         0  printfstubs.o ABSOLUTE
    _printf_wctomb                           0x00000000   Number         0  printfstubs.o ABSOLUTE
    _printf_widthprec                        0x00000000   Number         0  printfstubs.o ABSOLUTE
    _printf_x                                0x00000000   Number         0  printfstubs.o ABSOLUTE
    HW_TS_RTC_CountUpdated_AppNot             - Undefined Weak Reference
    __cpp_initialize__aeabi_                  - Undefined Weak Reference
    __cxa_finalize                            - Undefined Weak Reference
    _clock_init                               - Undefined Weak Reference
    _microlib_exit                            - Undefined Weak Reference
    __Vectors_Size                           0x0000013c   Number         0  startup_stm32wb55xx_cm4.o ABSOLUTE
    __Vectors                                0x08000000   Data           4  startup_stm32wb55xx_cm4.o(RESET)
    __Vectors_End                            0x0800013c   Data           0  startup_stm32wb55xx_cm4.o(RESET)
    __main                                   0x0800013d   Thumb Code     0  entry.o(.ARM.Collect$$$$00000000)
    _main_stk                                0x0800013d   Thumb Code     0  entry2.o(.ARM.Collect$$$$00000001)
    _main_scatterload                        0x08000141   Thumb Code     0  entry5.o(.ARM.Collect$$$$00000004)
    __main_after_scatterload                 0x08000145   Thumb Code     0  entry5.o(.ARM.Collect$$$$00000004)
    _main_clock                              0x08000145   Thumb Code     0  entry7b.o(.ARM.Collect$$$$00000008)
    _main_cpp_init                           0x08000145   Thumb Code     0  entry8b.o(.ARM.Collect$$$$0000000A)
    _main_init                               0x08000145   Thumb Code     0  entry9a.o(.ARM.Collect$$$$0000000B)
    __rt_final_cpp                           0x0800014d   Thumb Code     0  entry10a.o(.ARM.Collect$$$$0000000D)
    __rt_final_exit                          0x0800014d   Thumb Code     0  entry11a.o(.ARM.Collect$$$$0000000F)
    Reset_Handler                            0x08000151   Thumb Code     8  startup_stm32wb55xx_cm4.o(.text)
    ADC1_IRQHandler                          0x0800016b   Thumb Code     0  startup_stm32wb55xx_cm4.o(.text)
    AES1_IRQHandler                          0x0800016b   Thumb Code     0  startup_stm32wb55xx_cm4.o(.text)
    AES2_IRQHandler                          0x0800016b   Thumb Code     0  startup_stm32wb55xx_cm4.o(.text)
    C2SEV_PWR_C2H_IRQHandler                 0x0800016b   Thumb Code     0  startup_stm32wb55xx_cm4.o(.text)
    COMP_IRQHandler                          0x0800016b   Thumb Code     0  startup_stm32wb55xx_cm4.o(.text)
    CRS_IRQHandler                           0x0800016b   Thumb Code     0  startup_stm32wb55xx_cm4.o(.text)
    DMA1_Channel1_IRQHandler                 0x0800016b   Thumb Code     0  startup_stm32wb55xx_cm4.o(.text)
    DMA1_Channel2_IRQHandler                 0x0800016b   Thumb Code     0  startup_stm32wb55xx_cm4.o(.text)
    DMA1_Channel3_IRQHandler                 0x0800016b   Thumb Code     0  startup_stm32wb55xx_cm4.o(.text)
    DMA1_Channel4_IRQHandler                 0x0800016b   Thumb Code     0  startup_stm32wb55xx_cm4.o(.text)
    DMA1_Channel5_IRQHandler                 0x0800016b   Thumb Code     0  startup_stm32wb55xx_cm4.o(.text)
    DMA1_Channel6_IRQHandler                 0x0800016b   Thumb Code     0  startup_stm32wb55xx_cm4.o(.text)
    DMA1_Channel7_IRQHandler                 0x0800016b   Thumb Code     0  startup_stm32wb55xx_cm4.o(.text)
    DMA2_Channel1_IRQHandler                 0x0800016b   Thumb Code     0  startup_stm32wb55xx_cm4.o(.text)
    DMA2_Channel2_IRQHandler                 0x0800016b   Thumb Code     0  startup_stm32wb55xx_cm4.o(.text)
    DMA2_Channel3_IRQHandler                 0x0800016b   Thumb Code     0  startup_stm32wb55xx_cm4.o(.text)
    DMA2_Channel4_IRQHandler                 0x0800016b   Thumb Code     0  startup_stm32wb55xx_cm4.o(.text)
    DMA2_Channel5_IRQHandler                 0x0800016b   Thumb Code     0  startup_stm32wb55xx_cm4.o(.text)
    DMA2_Channel6_IRQHandler                 0x0800016b   Thumb Code     0  startup_stm32wb55xx_cm4.o(.text)
    DMA2_Channel7_IRQHandler                 0x0800016b   Thumb Code     0  startup_stm32wb55xx_cm4.o(.text)
    DMAMUX1_OVR_IRQHandler                   0x0800016b   Thumb Code     0  startup_stm32wb55xx_cm4.o(.text)
    EXTI0_IRQHandler                         0x0800016b   Thumb Code     0  startup_stm32wb55xx_cm4.o(.text)
    EXTI15_10_IRQHandler                     0x0800016b   Thumb Code     0  startup_stm32wb55xx_cm4.o(.text)
    EXTI1_IRQHandler                         0x0800016b   Thumb Code     0  startup_stm32wb55xx_cm4.o(.text)
    EXTI2_IRQHandler                         0x0800016b   Thumb Code     0  startup_stm32wb55xx_cm4.o(.text)
    EXTI3_IRQHandler                         0x0800016b   Thumb Code     0  startup_stm32wb55xx_cm4.o(.text)
    EXTI4_IRQHandler                         0x0800016b   Thumb Code     0  startup_stm32wb55xx_cm4.o(.text)
    EXTI9_5_IRQHandler                       0x0800016b   Thumb Code     0  startup_stm32wb55xx_cm4.o(.text)
    FLASH_IRQHandler                         0x0800016b   Thumb Code     0  startup_stm32wb55xx_cm4.o(.text)
    FPU_IRQHandler                           0x0800016b   Thumb Code     0  startup_stm32wb55xx_cm4.o(.text)
    I2C1_ER_IRQHandler                       0x0800016b   Thumb Code     0  startup_stm32wb55xx_cm4.o(.text)
    I2C1_EV_IRQHandler                       0x0800016b   Thumb Code     0  startup_stm32wb55xx_cm4.o(.text)
    I2C3_ER_IRQHandler                       0x0800016b   Thumb Code     0  startup_stm32wb55xx_cm4.o(.text)
    I2C3_EV_IRQHandler                       0x0800016b   Thumb Code     0  startup_stm32wb55xx_cm4.o(.text)
    LCD_IRQHandler                           0x0800016b   Thumb Code     0  startup_stm32wb55xx_cm4.o(.text)
    LPTIM1_IRQHandler                        0x0800016b   Thumb Code     0  startup_stm32wb55xx_cm4.o(.text)
    LPTIM2_IRQHandler                        0x0800016b   Thumb Code     0  startup_stm32wb55xx_cm4.o(.text)
    LPUART1_IRQHandler                       0x0800016b   Thumb Code     0  startup_stm32wb55xx_cm4.o(.text)
    PKA_IRQHandler                           0x0800016b   Thumb Code     0  startup_stm32wb55xx_cm4.o(.text)
    PVD_PVM_IRQHandler                       0x0800016b   Thumb Code     0  startup_stm32wb55xx_cm4.o(.text)
    PWR_SOTF_BLEACT_802ACT_RFPHASE_IRQHandler 0x0800016b   Thumb Code     0  startup_stm32wb55xx_cm4.o(.text)
    QUADSPI_IRQHandler                       0x0800016b   Thumb Code     0  startup_stm32wb55xx_cm4.o(.text)
    RCC_IRQHandler                           0x0800016b   Thumb Code     0  startup_stm32wb55xx_cm4.o(.text)
    RNG_IRQHandler                           0x0800016b   Thumb Code     0  startup_stm32wb55xx_cm4.o(.text)
    RTC_Alarm_IRQHandler                     0x0800016b   Thumb Code     0  startup_stm32wb55xx_cm4.o(.text)
    RTC_WKUP_IRQHandler                      0x0800016b   Thumb Code     0  startup_stm32wb55xx_cm4.o(.text)
    SAI1_IRQHandler                          0x0800016b   Thumb Code     0  startup_stm32wb55xx_cm4.o(.text)
    SPI1_IRQHandler                          0x0800016b   Thumb Code     0  startup_stm32wb55xx_cm4.o(.text)
    SPI2_IRQHandler                          0x0800016b   Thumb Code     0  startup_stm32wb55xx_cm4.o(.text)
    TAMP_STAMP_LSECSS_IRQHandler             0x0800016b   Thumb Code     0  startup_stm32wb55xx_cm4.o(.text)
    TIM1_BRK_IRQHandler                      0x0800016b   Thumb Code     0  startup_stm32wb55xx_cm4.o(.text)
    TIM1_CC_IRQHandler                       0x0800016b   Thumb Code     0  startup_stm32wb55xx_cm4.o(.text)
    TIM1_TRG_COM_TIM17_IRQHandler            0x0800016b   Thumb Code     0  startup_stm32wb55xx_cm4.o(.text)
    TIM1_UP_TIM16_IRQHandler                 0x0800016b   Thumb Code     0  startup_stm32wb55xx_cm4.o(.text)
    TIM2_IRQHandler                          0x0800016b   Thumb Code     0  startup_stm32wb55xx_cm4.o(.text)
    TSC_IRQHandler                           0x0800016b   Thumb Code     0  startup_stm32wb55xx_cm4.o(.text)
    USART1_IRQHandler                        0x0800016b   Thumb Code     0  startup_stm32wb55xx_cm4.o(.text)
    USB_HP_IRQHandler                        0x0800016b   Thumb Code     0  startup_stm32wb55xx_cm4.o(.text)
    USB_LP_IRQHandler                        0x0800016b   Thumb Code     0  startup_stm32wb55xx_cm4.o(.text)
    WWDG_IRQHandler                          0x0800016b   Thumb Code     0  startup_stm32wb55xx_cm4.o(.text)
    __aeabi_memcpy                           0x08000175   Thumb Code    36  memcpya.o(.text)
    __aeabi_memcpy4                          0x08000175   Thumb Code     0  memcpya.o(.text)
    __aeabi_memcpy8                          0x08000175   Thumb Code     0  memcpya.o(.text)
    __aeabi_memset                           0x08000199   Thumb Code    14  memseta.o(.text)
    __aeabi_memset4                          0x08000199   Thumb Code     0  memseta.o(.text)
    __aeabi_memset8                          0x08000199   Thumb Code     0  memseta.o(.text)
    __aeabi_memclr                           0x080001a7   Thumb Code     4  memseta.o(.text)
    __aeabi_memclr4                          0x080001a7   Thumb Code     0  memseta.o(.text)
    __aeabi_memclr8                          0x080001a7   Thumb Code     0  memseta.o(.text)
    _memset$wrapper                          0x080001ab   Thumb Code    18  memseta.o(.text)
    __scatterload                            0x080001bd   Thumb Code    28  init.o(.text)
    __scatterload_rt2                        0x080001bd   Thumb Code     0  init.o(.text)
    __decompress                             0x080001e1   Thumb Code     0  __dczerorl.o(.text)
    __decompress0                            0x080001e1   Thumb Code    58  __dczerorl.o(.text)
    APPD_EnableCPU2                          0x0800021d   Thumb Code    60  app_debug.o(.text.APPD_EnableCPU2)
    APP_BLE_Init                             0x080002d5   Thumb Code   488  app_ble.o(.text.APP_BLE_Init)
    BAS_Init                                 0x080004e5   Thumb Code     2  svc_ctl.o(.text.BAS_Init)
    BLS_Init                                 0x08000519   Thumb Code     2  svc_ctl.o(.text.BLS_Init)
    BVOPUS_STM_Init                          0x0800051d   Thumb Code     2  svc_ctl.o(.text.BVOPUS_STM_Init)
    BusFault_Handler                         0x08000521   Thumb Code     2  stm32wbxx_it.o(.text.BusFault_Handler)
    CRS_STM_Init                             0x08000525   Thumb Code     2  svc_ctl.o(.text.CRS_STM_Init)
    Custom_APP_Init                          0x08000529   Thumb Code     2  custom_app.o(.text.Custom_APP_Init)
    Custom_APP_Notification                  0x0800052d   Thumb Code     2  custom_app.o(.text.Custom_APP_Notification)
    Custom_STM_App_Notification              0x08000531   Thumb Code     2  custom_app.o(.text.Custom_STM_App_Notification)
    DIS_Init                                 0x0800056d   Thumb Code     2  svc_ctl.o(.text.DIS_Init)
    DebugMon_Handler                         0x08000571   Thumb Code     2  stm32wbxx_it.o(.text.DebugMon_Handler)
    EDS_STM_Init                             0x08000575   Thumb Code     2  svc_ctl.o(.text.EDS_STM_Init)
    Error_Handler                            0x08000579   Thumb Code    10  main.o(.text.Error_Handler)
    HAL_GetTick                              0x08000585   Thumb Code    12  stm32wbxx_hal.o(.text.HAL_GetTick)
    HAL_GetTickPrio                          0x08000591   Thumb Code    12  stm32wbxx_hal.o(.text.HAL_GetTickPrio)
    HAL_HSEM_FreeCallback                    0x0800059d   Thumb Code     2  stm32wbxx_hal_hsem.o(.text.HAL_HSEM_FreeCallback)
    HAL_HSEM_IRQHandler                      0x080005a1   Thumb Code    22  stm32wbxx_hal_hsem.o(.text.HAL_HSEM_IRQHandler)
    HAL_IPCC_Init                            0x080005b9   Thumb Code   104  stm32wbxx_hal_ipcc.o(.text.HAL_IPCC_Init)
    HAL_IPCC_MspInit                         0x08000621   Thumb Code    80  ipcc.o(.text.HAL_IPCC_MspInit)
    HAL_IPCC_RxCallback                      0x08000671   Thumb Code     2  stm32wbxx_hal_ipcc.o(.text.HAL_IPCC_RxCallback)
    HAL_IPCC_TxCallback                      0x08000675   Thumb Code     2  stm32wbxx_hal_ipcc.o(.text.HAL_IPCC_TxCallback)
    HAL_IncTick                              0x08000679   Thumb Code    26  stm32wbxx_hal.o(.text.HAL_IncTick)
    HAL_Init                                 0x08000695   Thumb Code    46  stm32wbxx_hal.o(.text.HAL_Init)
    HAL_InitTick                             0x080006c5   Thumb Code    72  stm32wbxx_hal.o(.text.HAL_InitTick)
    HAL_MspInit                              0x0800070d   Thumb Code    50  stm32wbxx_hal_msp.o(.text.HAL_MspInit)
    HAL_NVIC_ClearPendingIRQ                 0x08000741   Thumb Code    32  stm32wbxx_hal_cortex.o(.text.HAL_NVIC_ClearPendingIRQ)
    HAL_NVIC_EnableIRQ                       0x08000761   Thumb Code    32  stm32wbxx_hal_cortex.o(.text.HAL_NVIC_EnableIRQ)
    HAL_NVIC_SetPendingIRQ                   0x08000781   Thumb Code    32  stm32wbxx_hal_cortex.o(.text.HAL_NVIC_SetPendingIRQ)
    HAL_NVIC_SetPriority                     0x080007a1   Thumb Code    86  stm32wbxx_hal_cortex.o(.text.HAL_NVIC_SetPriority)
    HAL_NVIC_SetPriorityGrouping             0x080007f9   Thumb Code    32  stm32wbxx_hal_cortex.o(.text.HAL_NVIC_SetPriorityGrouping)
    HAL_PWREx_GetVoltageRange                0x08000819   Thumb Code    16  stm32wbxx_hal_pwr_ex.o(.text.HAL_PWREx_GetVoltageRange)
    HAL_PWR_EnableBkUpAccess                 0x08000829   Thumb Code    18  stm32wbxx_hal_pwr.o(.text.HAL_PWR_EnableBkUpAccess)
    HAL_RCCEx_PeriphCLKConfig                0x0800083d   Thumb Code  1020  stm32wbxx_hal_rcc_ex.o(.text.HAL_RCCEx_PeriphCLKConfig)
    HAL_RCC_ClockConfig                      0x08000c39   Thumb Code   536  stm32wbxx_hal_rcc.o(.text.HAL_RCC_ClockConfig)
    HAL_RCC_GetHCLKFreq                      0x08000e51   Thumb Code   206  stm32wbxx_hal_rcc.o(.text.HAL_RCC_GetHCLKFreq)
    HAL_RCC_OscConfig                        0x08000f21   Thumb Code  1610  stm32wbxx_hal_rcc.o(.text.HAL_RCC_OscConfig)
    HAL_RTCEx_SetWakeUpTimer                 0x0800156d   Thumb Code   170  stm32wbxx_hal_rtc_ex.o(.text.HAL_RTCEx_SetWakeUpTimer)
    HAL_RTC_Init                             0x08001619   Thumb Code   258  stm32wbxx_hal_rtc.o(.text.HAL_RTC_Init)
    HAL_RTC_MspInit                          0x0800171d   Thumb Code    98  rtc.o(.text.HAL_RTC_MspInit)
    HAL_SYSTICK_Config                       0x08001781   Thumb Code    44  stm32wbxx_hal_cortex.o(.text.HAL_SYSTICK_Config)
    HIDS_Init                                0x080017ad   Thumb Code     2  svc_ctl.o(.text.HIDS_Init)
    HRS_Init                                 0x080017b1   Thumb Code     2  svc_ctl.o(.text.HRS_Init)
    HSEM_IRQHandler                          0x080017b5   Thumb Code     4  stm32wbxx_it.o(.text.HSEM_IRQHandler)
    HTS_Init                                 0x080017b9   Thumb Code     2  svc_ctl.o(.text.HTS_Init)
    HW_IPCC_BLE_AclDataAckNot                0x080017bd   Thumb Code    12  tl_mbox.o(.text.HW_IPCC_BLE_AclDataAckNot)
    HW_IPCC_BLE_Init                         0x080017c9   Thumb Code    18  hw_ipcc.o(.text.HW_IPCC_BLE_Init)
    HW_IPCC_BLE_RxEvtNot                     0x080017dd   Thumb Code    64  tl_mbox.o(.text.HW_IPCC_BLE_RxEvtNot)
    HW_IPCC_BLE_SendCmd                      0x0800181d   Thumb Code    16  hw_ipcc.o(.text.HW_IPCC_BLE_SendCmd)
    HW_IPCC_Enable                           0x0800182d   Thumb Code    76  hw_ipcc.o(.text.HW_IPCC_Enable)
    HW_IPCC_Init                             0x08001879   Thumb Code    72  hw_ipcc.o(.text.HW_IPCC_Init)
    HW_IPCC_MM_SendFreeBuf                   0x080018c1   Thumb Code    48  hw_ipcc.o(.text.HW_IPCC_MM_SendFreeBuf)
    HW_IPCC_Rx_Handler                       0x080018f1   Thumb Code    76  hw_ipcc.o(.text.HW_IPCC_Rx_Handler)
    HW_IPCC_SYS_CmdEvtNot                    0x0800193d   Thumb Code    26  tl_mbox.o(.text.HW_IPCC_SYS_CmdEvtNot)
    HW_IPCC_SYS_EvtNot                       0x08001959   Thumb Code    64  tl_mbox.o(.text.HW_IPCC_SYS_EvtNot)
    HW_IPCC_SYS_Init                         0x08001999   Thumb Code    18  hw_ipcc.o(.text.HW_IPCC_SYS_Init)
    HW_IPCC_SYS_SendCmd                      0x080019ad   Thumb Code    24  hw_ipcc.o(.text.HW_IPCC_SYS_SendCmd)
    HW_IPCC_TRACES_EvtNot                    0x080019c5   Thumb Code    56  tl_mbox.o(.text.HW_IPCC_TRACES_EvtNot)
    HW_IPCC_TRACES_Init                      0x080019fd   Thumb Code    18  hw_ipcc.o(.text.HW_IPCC_TRACES_Init)
    HW_IPCC_Tx_Handler                       0x08001a11   Thumb Code   112  hw_ipcc.o(.text.HW_IPCC_Tx_Handler)
    HW_TS_Init                               0x08001a81   Thumb Code   274  hw_timerserver.o(.text.HW_TS_Init)
    HardFault_Handler                        0x08001b95   Thumb Code     2  stm32wbxx_it.o(.text.HardFault_Handler)
    IAS_Init                                 0x08001b99   Thumb Code     2  svc_ctl.o(.text.IAS_Init)
    IPCC_C1_RX_IRQHandler                    0x08001b9d   Thumb Code     4  stm32wbxx_it.o(.text.IPCC_C1_RX_IRQHandler)
    IPCC_C1_TX_IRQHandler                    0x08001ba1   Thumb Code     4  stm32wbxx_it.o(.text.IPCC_C1_TX_IRQHandler)
    LLS_Init                                 0x08001ba5   Thumb Code     2  svc_ctl.o(.text.LLS_Init)
    LST_init_head                            0x08001ba9   Thumb Code     6  stm_list.o(.text.LST_init_head)
    LST_insert_head                          0x08001bb1   Thumb Code    28  stm_list.o(.text.LST_insert_head)
    LST_insert_tail                          0x08001bcd   Thumb Code    28  stm_list.o(.text.LST_insert_tail)
    LST_is_empty                             0x08001be9   Thumb Code    26  stm_list.o(.text.LST_is_empty)
    LST_remove_head                          0x08001c05   Thumb Code    46  stm_list.o(.text.LST_remove_head)
    MESH_Init                                0x08001c35   Thumb Code     2  svc_ctl.o(.text.MESH_Init)
    MOTENV_STM_Init                          0x08001c39   Thumb Code     2  svc_ctl.o(.text.MOTENV_STM_Init)
    MX_APPE_Config                           0x08001c3d   Thumb Code    60  app_entry.o(.text.MX_APPE_Config)
    MX_APPE_Init                             0x08001c79   Thumb Code   202  app_entry.o(.text.MX_APPE_Init)
    MX_APPE_Process                          0x08001d45   Thumb Code     8  app_entry.o(.text.MX_APPE_Process)
    MX_GPIO_Init                             0x08001d4d   Thumb Code    30  gpio.o(.text.MX_GPIO_Init)
    MX_IPCC_Init                             0x08001d6d   Thumb Code    38  ipcc.o(.text.MX_IPCC_Init)
    MX_RF_Init                               0x08001d95   Thumb Code     2  rf.o(.text.MX_RF_Init)
    MX_RTC_Init                              0x08001d99   Thumb Code    80  rtc.o(.text.MX_RTC_Init)
    MemManage_Handler                        0x08001de9   Thumb Code     2  stm32wbxx_it.o(.text.MemManage_Handler)
    NMI_Handler                              0x08001ded   Thumb Code     2  stm32wbxx_it.o(.text.NMI_Handler)
    OTAS_STM_Init                            0x08001df1   Thumb Code     2  svc_ctl.o(.text.OTAS_STM_Init)
    OTP_Read                                 0x08001df5   Thumb Code   112  otp.o(.text.OTP_Read)
    Osal_MemCpy                              0x08001e65   Thumb Code    12  osal.o(.text.Osal_MemCpy)
    Osal_MemSet                              0x08001e71   Thumb Code    18  osal.o(.text.Osal_MemSet)
    P2PS_STM_Init                            0x08001e85   Thumb Code     2  svc_ctl.o(.text.P2PS_STM_Init)
    PendSV_Handler                           0x08001e89   Thumb Code     2  stm32wbxx_it.o(.text.PendSV_Handler)
    SHCI_C2_BLE_Init                         0x08001f81   Thumb Code    28  shci.o(.text.SHCI_C2_BLE_Init)
    SHCI_C2_Config                           0x08001f9d   Thumb Code    26  shci.o(.text.SHCI_C2_Config)
    SHCI_C2_DEBUG_Init                       0x08001fb9   Thumb Code    28  shci.o(.text.SHCI_C2_DEBUG_Init)
    SHCI_GetWirelessFwInfo                   0x08001fd5   Thumb Code   162  shci.o(.text.SHCI_GetWirelessFwInfo)
    SVCCTL_App_Notification                  0x08002079   Thumb Code   258  app_ble.o(.text.SVCCTL_App_Notification)
    SVCCTL_Init                              0x0800217d   Thumb Code    20  svc_ctl.o(.text.SVCCTL_Init)
    SVCCTL_InitCustomSvc                     0x08002191   Thumb Code   148  custom_stm.o(.text.SVCCTL_InitCustomSvc)
    SVCCTL_RegisterSvcHandler                0x08002225   Thumb Code    26  svc_ctl.o(.text.SVCCTL_RegisterSvcHandler)
    SVCCTL_SvcInit                           0x08002241   Thumb Code    78  svc_ctl.o(.text.SVCCTL_SvcInit)
    SVCCTL_UserEvtRx                         0x08002291   Thumb Code    86  svc_ctl.o(.text.SVCCTL_UserEvtRx)
    SVC_Handler                              0x080022e9   Thumb Code     2  stm32wbxx_it.o(.text.SVC_Handler)
    SysTick_Handler                          0x08002331   Thumb Code     4  stm32wbxx_it.o(.text.SysTick_Handler)
    SystemInit                               0x08002335   Thumb Code   104  system_stm32wbxx.o(.text.SystemInit)
    TL_BLE_Init                              0x0800239d   Thumb Code    70  tl_mbox.o(.text.TL_BLE_Init)
    TL_BLE_SendCmd                           0x080023e5   Thumb Code    28  tl_mbox.o(.text.TL_BLE_SendCmd)
    TL_Enable                                0x08002401   Thumb Code     4  tl_mbox.o(.text.TL_Enable)
    TL_Init                                  0x08002405   Thumb Code    76  tl_mbox.o(.text.TL_Init)
    TL_MM_EvtDone                            0x08002451   Thumb Code    34  tl_mbox.o(.text.TL_MM_EvtDone)
    TL_MM_Init                               0x08002475   Thumb Code    72  tl_mbox.o(.text.TL_MM_Init)
    TL_SYS_Init                              0x080024bd   Thumb Code    58  tl_mbox.o(.text.TL_SYS_Init)
    TL_SYS_SendCmd                           0x080024f9   Thumb Code    28  tl_mbox.o(.text.TL_SYS_SendCmd)
    TL_TRACES_EvtReceived                    0x08002515   Thumb Code     2  tl_mbox.o(.text.TL_TRACES_EvtReceived)
    TL_TRACES_Init                           0x08002519   Thumb Code    36  tl_mbox.o(.text.TL_TRACES_Init)
    TPS_Init                                 0x0800253d   Thumb Code     2  svc_ctl.o(.text.TPS_Init)
    UTIL_LPM_Init                            0x080025ad   Thumb Code    16  stm32_lpm.o(.text.UTIL_LPM_Init)
    UTIL_LPM_SetOffMode                      0x080025bd   Thumb Code    46  stm32_lpm.o(.text.UTIL_LPM_SetOffMode)
    UTIL_SEQ_EvtIdle                         0x080025ed   Thumb Code     8  app_entry.o(.text.UTIL_SEQ_EvtIdle)
    UTIL_SEQ_Idle                            0x080025f5   Thumb Code     2  app_entry.o(.text.UTIL_SEQ_Idle)
    UTIL_SEQ_PauseTask                       0x080025f9   Thumb Code    32  stm32_seq.o(.text.UTIL_SEQ_PauseTask)
    UTIL_SEQ_PostIdle                        0x08002619   Thumb Code     2  stm32_seq.o(.text.UTIL_SEQ_PostIdle)
    UTIL_SEQ_PreIdle                         0x0800261d   Thumb Code     2  stm32_seq.o(.text.UTIL_SEQ_PreIdle)
    UTIL_SEQ_RegTask                         0x08002621   Thumb Code    86  stm32_seq.o(.text.UTIL_SEQ_RegTask)
    UTIL_SEQ_ResumeTask                      0x08002679   Thumb Code    30  stm32_seq.o(.text.UTIL_SEQ_ResumeTask)
    UTIL_SEQ_Run                             0x08002699   Thumb Code   386  stm32_seq.o(.text.UTIL_SEQ_Run)
    UTIL_SEQ_SetEvt                          0x0800281d   Thumb Code    30  stm32_seq.o(.text.UTIL_SEQ_SetEvt)
    UTIL_SEQ_SetTask                         0x0800283d   Thumb Code    40  stm32_seq.o(.text.UTIL_SEQ_SetTask)
    UTIL_SEQ_WaitEvt                         0x08002865   Thumb Code    88  stm32_seq.o(.text.UTIL_SEQ_WaitEvt)
    UsageFault_Handler                       0x080028bd   Thumb Code     2  stm32wbxx_it.o(.text.UsageFault_Handler)
    ZDD_STM_Init                             0x080028c1   Thumb Code     2  svc_ctl.o(.text.ZDD_STM_Init)
    aci_gap_init                             0x080028c5   Thumb Code   140  ble_gap_aci.o(.text.aci_gap_init)
    aci_gap_numeric_comparison_value_confirm_yesno 0x08002951   Thumb Code    80  ble_gap_aci.o(.text.aci_gap_numeric_comparison_value_confirm_yesno)
    aci_gap_pass_key_resp                    0x080029a1   Thumb Code    80  ble_gap_aci.o(.text.aci_gap_pass_key_resp)
    aci_gap_set_authentication_requirement   0x080029f1   Thumb Code   120  ble_gap_aci.o(.text.aci_gap_set_authentication_requirement)
    aci_gap_set_discoverable                 0x08002a69   Thumb Code   158  ble_gap_aci.o(.text.aci_gap_set_discoverable)
    aci_gap_set_io_capability                0x08002b09   Thumb Code    74  ble_gap_aci.o(.text.aci_gap_set_io_capability)
    aci_gap_set_non_discoverable             0x08002b55   Thumb Code    64  ble_gap_aci.o(.text.aci_gap_set_non_discoverable)
    aci_gap_update_adv_data                  0x08002b95   Thumb Code    86  ble_gap_aci.o(.text.aci_gap_update_adv_data)
    aci_gatt_add_char                        0x08002bed   Thumb Code   208  ble_gatt_aci.o(.text.aci_gatt_add_char)
    aci_gatt_add_service                     0x08002cbd   Thumb Code   176  ble_gatt_aci.o(.text.aci_gatt_add_service)
    aci_gatt_confirm_indication              0x08002d6d   Thumb Code    76  ble_gatt_aci.o(.text.aci_gatt_confirm_indication)
    aci_gatt_init                            0x08002db9   Thumb Code    64  ble_gatt_aci.o(.text.aci_gatt_init)
    aci_gatt_update_char_value               0x08002df9   Thumb Code   104  ble_gatt_aci.o(.text.aci_gatt_update_char_value)
    aci_hal_set_radio_activity_mask          0x08002e61   Thumb Code    76  ble_hal_aci.o(.text.aci_hal_set_radio_activity_mask)
    aci_hal_set_tx_power_level               0x08002ead   Thumb Code    80  ble_hal_aci.o(.text.aci_hal_set_tx_power_level)
    aci_hal_write_config_data                0x08002efd   Thumb Code    92  ble_hal_aci.o(.text.aci_hal_write_config_data)
    hci_cmd_resp_release                     0x08002f59   Thumb Code     6  app_ble.o(.text.hci_cmd_resp_release)
    hci_cmd_resp_wait                        0x08002f61   Thumb Code     6  app_ble.o(.text.hci_cmd_resp_wait)
    hci_init                                 0x08002f69   Thumb Code    84  hci_tl.o(.text.hci_init)
    hci_le_set_default_phy                   0x08002fbd   Thumb Code    84  ble_hci_le.o(.text.hci_le_set_default_phy)
    hci_notify_asynch_evt                    0x08003011   Thumb Code     8  app_ble.o(.text.hci_notify_asynch_evt)
    hci_register_io_bus                      0x08003019   Thumb Code    22  hci_tl_if.o(.text.hci_register_io_bus)
    hci_reset                                0x08003031   Thumb Code    62  ble_hci_le.o(.text.hci_reset)
    hci_send_req                             0x08003071   Thumb Code   234  hci_tl.o(.text.hci_send_req)
    hci_user_evt_proc                        0x0800315d   Thumb Code   112  hci_tl.o(.text.hci_user_evt_proc)
    main                                     0x080031cd   Thumb Code   242  main.o(.text.main)
    shci_cmd_resp_release                    0x080032c1   Thumb Code     6  app_entry.o(.text.shci_cmd_resp_release)
    shci_cmd_resp_wait                       0x080032c9   Thumb Code     6  app_entry.o(.text.shci_cmd_resp_wait)
    shci_init                                0x080032d1   Thumb Code    96  shci_tl.o(.text.shci_init)
    shci_notify_asynch_evt                   0x08003331   Thumb Code     8  app_entry.o(.text.shci_notify_asynch_evt)
    shci_register_io_bus                     0x08003339   Thumb Code    22  shci_tl_if.o(.text.shci_register_io_bus)
    shci_send                                0x08003351   Thumb Code   126  shci_tl.o(.text.shci_send)
    shci_user_evt_proc                       0x080033d1   Thumb Code   112  shci_tl.o(.text.shci_user_evt_proc)
    __scatterload_copy                       0x08003441   Thumb Code    14  handlers.o(i.__scatterload_copy)
    __scatterload_null                       0x0800344f   Thumb Code     2  handlers.o(i.__scatterload_null)
    __scatterload_zeroinit                   0x08003451   Thumb Code    14  handlers.o(i.__scatterload_zeroinit)
    AHBPrescTable                            0x080034b8   Data          64  system_stm32wbxx.o(.rodata.AHBPrescTable)
    MSIRangeTable                            0x080034f8   Data          64  system_stm32wbxx.o(.rodata.MSIRangeTable)
    SEQ_clz_table_4bit                       0x08003538   Data          16  stm32_seq.o(.rodata.SEQ_clz_table_4bit)
    Region$$Table$$Base                      0x080036a0   Number         0  anon$$obj.o(Region$$Table)
    Region$$Table$$Limit                     0x080036d0   Number         0  anon$$obj.o(Region$$Table)
    uwTickFreq                               0x20000008   Data           1  stm32wbxx_hal.o(.data..L_MergedGlobals)
    uwTickPrio                               0x2000000c   Data           4  stm32wbxx_hal.o(.data..L_MergedGlobals)
    SizeMycharwrite                          0x20000018   Data           2  custom_stm.o(.data.SizeMycharwrite)
    SystemCoreClock                          0x2000001c   Data           4  system_stm32wbxx.o(.data.SystemCoreClock)
    a_AdvData                                0x20000020   Data          10  app_ble.o(.data.a_AdvData)
    UserEventFlow                            0x2000002c   Data           1  hci_tl.o(BLE_DRIVER_CONTEXT)
    SVCCTL_CltHandler                        0x2000003c   Data           1  svc_ctl.o(BLE_DRIVER_CONTEXT)
    SVCCTL_EvtHandler                        0x20000040   Data          32  svc_ctl.o(BLE_DRIVER_CONTEXT)
    SHCI_TL_UserEventFlow                    0x20000060   Data           1  shci_tl.o(SYSTEM_DRIVER_CONTEXT)
    HandleNotification                       0x20000086   Data           4  app_ble.o(.bss..L_MergedGlobals)
    hipcc                                    0x20000244   Data          60  ipcc.o(.bss.hipcc)
    hrtc                                     0x20000280   Data          36  rtc.o(.bss.hrtc)
    uwTick                                   0x200002a4   Data           4  stm32wbxx_hal.o(.bss.uwTick)
    __initial_sp                             0x200006a8   Data           0  startup_stm32wb55xx_cm4.o(STACK)



==============================================================================

Memory Map of the image

  Image Entry point : 0x0800013d

  Load Region LR_IROM1 (Base: 0x08000000, Size: 0x000041a0, Max: 0x00080000, ABSOLUTE, COMPRESSED[0x00003750])

    Execution Region ER_IROM1 (Exec base: 0x08000000, Load base: 0x08000000, Size: 0x000036d0, Max: 0x00080000, ABSOLUTE)

    Exec Addr    Load Addr    Size         Type   Attr      Idx    E Section Name        Object

    0x08000000   0x08000000   0x0000013c   Data   RO            3    RESET               startup_stm32wb55xx_cm4.o
    0x0800013c   0x0800013c   0x00000000   Code   RO         2301  * .ARM.Collect$$$$00000000  mc_w.l(entry.o)
    0x0800013c   0x0800013c   0x00000004   Code   RO         2575    .ARM.Collect$$$$00000001  mc_w.l(entry2.o)
    0x08000140   0x08000140   0x00000004   Code   RO         2578    .ARM.Collect$$$$00000004  mc_w.l(entry5.o)
    0x08000144   0x08000144   0x00000000   Code   RO         2580    .ARM.Collect$$$$00000008  mc_w.l(entry7b.o)
    0x08000144   0x08000144   0x00000000   Code   RO         2582    .ARM.Collect$$$$0000000A  mc_w.l(entry8b.o)
    0x08000144   0x08000144   0x00000008   Code   RO         2583    .ARM.Collect$$$$0000000B  mc_w.l(entry9a.o)
    0x0800014c   0x0800014c   0x00000000   Code   RO         2585    .ARM.Collect$$$$0000000D  mc_w.l(entry10a.o)
    0x0800014c   0x0800014c   0x00000000   Code   RO         2587    .ARM.Collect$$$$0000000F  mc_w.l(entry11a.o)
    0x0800014c   0x0800014c   0x00000004   Code   RO         2576    .ARM.Collect$$$$00002712  mc_w.l(entry2.o)
    0x08000150   0x08000150   0x00000024   Code   RO            4    .text               startup_stm32wb55xx_cm4.o
    0x08000174   0x08000174   0x00000024   Code   RO         2304    .text               mc_w.l(memcpya.o)
    0x08000198   0x08000198   0x00000024   Code   RO         2306    .text               mc_w.l(memseta.o)
    0x080001bc   0x080001bc   0x00000024   Code   RO         2618    .text               mc_w.l(init.o)
    0x080001e0   0x080001e0   0x0000003a   Code   RO         2638    .text               mc_w.l(__dczerorl.o)
    0x0800021a   0x0800021a   0x00000002   PAD
    0x0800021c   0x0800021c   0x0000003c   Code   RO          111    .text.APPD_EnableCPU2  app_debug.o
    0x08000258   0x08000258   0x00000002   Code   RO           96    .text.APPE_SysStatusNot  app_entry.o
    0x0800025a   0x0800025a   0x00000002   PAD
    0x0800025c   0x0800025c   0x00000076   Code   RO           98    .text.APPE_SysUserEvtRx  app_entry.o
    0x080002d2   0x080002d2   0x00000002   PAD
    0x080002d4   0x080002d4   0x000001f4   Code   RO          211    .text.APP_BLE_Init  app_ble.o
    0x080004c8   0x080004c8   0x0000001c   Code   RO          213    .text.Adv_Cancel    app_ble.o
    0x080004e4   0x080004e4   0x00000002   Code   RO         2178    .text.BAS_Init      svc_ctl.o
    0x080004e6   0x080004e6   0x00000002   PAD
    0x080004e8   0x080004e8   0x00000016   Code   RO          227    .text.BLE_StatusNot  app_ble.o
    0x080004fe   0x080004fe   0x00000002   PAD
    0x08000500   0x08000500   0x00000016   Code   RO          229    .text.BLE_UserEvtRx  app_ble.o
    0x08000516   0x08000516   0x00000002   PAD
    0x08000518   0x08000518   0x00000002   Code   RO         2180    .text.BLS_Init      svc_ctl.o
    0x0800051a   0x0800051a   0x00000002   PAD
    0x0800051c   0x0800051c   0x00000002   Code   RO         2210    .text.BVOPUS_STM_Init  svc_ctl.o
    0x0800051e   0x0800051e   0x00000002   PAD
    0x08000520   0x08000520   0x00000002   Code   RO          177    .text.BusFault_Handler  stm32wbxx_it.o
    0x08000522   0x08000522   0x00000002   PAD
    0x08000524   0x08000524   0x00000002   Code   RO         2182    .text.CRS_STM_Init  svc_ctl.o
    0x08000526   0x08000526   0x00000002   PAD
    0x08000528   0x08000528   0x00000002   Code   RO          272    .text.Custom_APP_Init  custom_app.o
    0x0800052a   0x0800052a   0x00000002   PAD
    0x0800052c   0x0800052c   0x00000002   Code   RO          270    .text.Custom_APP_Notification  custom_app.o
    0x0800052e   0x0800052e   0x00000002   PAD
    0x08000530   0x08000530   0x00000002   Code   RO          268    .text.Custom_STM_App_Notification  custom_app.o
    0x08000532   0x08000532   0x00000002   PAD
    0x08000534   0x08000534   0x00000036   Code   RO          250    .text.Custom_STM_Event_Handler  custom_stm.o
    0x0800056a   0x0800056a   0x00000002   PAD
    0x0800056c   0x0800056c   0x00000002   Code   RO         2184    .text.DIS_Init      svc_ctl.o
    0x0800056e   0x0800056e   0x00000002   PAD
    0x08000570   0x08000570   0x00000002   Code   RO          183    .text.DebugMon_Handler  stm32wbxx_it.o
    0x08000572   0x08000572   0x00000002   PAD
    0x08000574   0x08000574   0x00000002   Code   RO         2186    .text.EDS_STM_Init  svc_ctl.o
    0x08000576   0x08000576   0x00000002   PAD
    0x08000578   0x08000578   0x0000000a   Code   RO           17    .text.Error_Handler  main.o
    0x08000582   0x08000582   0x00000002   PAD
    0x08000584   0x08000584   0x0000000c   Code   RO          819    .text.HAL_GetTick   stm32wbxx_hal.o
    0x08000590   0x08000590   0x0000000c   Code   RO          821    .text.HAL_GetTickPrio  stm32wbxx_hal.o
    0x0800059c   0x0800059c   0x00000002   Code   RO          345    .text.HAL_HSEM_FreeCallback  stm32wbxx_hal_hsem.o
    0x0800059e   0x0800059e   0x00000002   PAD
    0x080005a0   0x080005a0   0x00000016   Code   RO          343    .text.HAL_HSEM_IRQHandler  stm32wbxx_hal_hsem.o
    0x080005b6   0x080005b6   0x00000002   PAD
    0x080005b8   0x080005b8   0x00000068   Code   RO          923    .text.HAL_IPCC_Init  stm32wbxx_hal_ipcc.o
    0x08000620   0x08000620   0x00000050   Code   RO           37    .text.HAL_IPCC_MspInit  ipcc.o
    0x08000670   0x08000670   0x00000002   Code   RO          943    .text.HAL_IPCC_RxCallback  stm32wbxx_hal_ipcc.o
    0x08000672   0x08000672   0x00000002   PAD
    0x08000674   0x08000674   0x00000002   Code   RO          941    .text.HAL_IPCC_TxCallback  stm32wbxx_hal_ipcc.o
    0x08000676   0x08000676   0x00000002   PAD
    0x08000678   0x08000678   0x0000001a   Code   RO          817    .text.HAL_IncTick   stm32wbxx_hal.o
    0x08000692   0x08000692   0x00000002   PAD
    0x08000694   0x08000694   0x0000002e   Code   RO          807    .text.HAL_Init      stm32wbxx_hal.o
    0x080006c2   0x080006c2   0x00000002   PAD
    0x080006c4   0x080006c4   0x00000048   Code   RO          809    .text.HAL_InitTick  stm32wbxx_hal.o
    0x0800070c   0x0800070c   0x00000032   Code   RO          202    .text.HAL_MspInit   stm32wbxx_hal_msp.o
    0x0800073e   0x0800073e   0x00000002   PAD
    0x08000740   0x08000740   0x00000020   Code   RO          781    .text.HAL_NVIC_ClearPendingIRQ  stm32wbxx_hal_cortex.o
    0x08000760   0x08000760   0x00000020   Code   RO          763    .text.HAL_NVIC_EnableIRQ  stm32wbxx_hal_cortex.o
    0x08000780   0x08000780   0x00000020   Code   RO          777    .text.HAL_NVIC_SetPendingIRQ  stm32wbxx_hal_cortex.o
    0x080007a0   0x080007a0   0x00000056   Code   RO          761    .text.HAL_NVIC_SetPriority  stm32wbxx_hal_cortex.o
    0x080007f6   0x080007f6   0x00000002   PAD
    0x080007f8   0x080007f8   0x00000020   Code   RO          759    .text.HAL_NVIC_SetPriorityGrouping  stm32wbxx_hal_cortex.o
    0x08000818   0x08000818   0x00000010   Code   RO          647    .text.HAL_PWREx_GetVoltageRange  stm32wbxx_hal_pwr_ex.o
    0x08000828   0x08000828   0x00000012   Code   RO          609    .text.HAL_PWR_EnableBkUpAccess  stm32wbxx_hal_pwr.o
    0x0800083a   0x0800083a   0x00000002   PAD
    0x0800083c   0x0800083c   0x000003fc   Code   RO          398    .text.HAL_RCCEx_PeriphCLKConfig  stm32wbxx_hal_rcc_ex.o
    0x08000c38   0x08000c38   0x00000218   Code   RO          363    .text.HAL_RCC_ClockConfig  stm32wbxx_hal_rcc.o
    0x08000e50   0x08000e50   0x000000ce   Code   RO          361    .text.HAL_RCC_GetHCLKFreq  stm32wbxx_hal_rcc.o
    0x08000f1e   0x08000f1e   0x00000002   PAD
    0x08000f20   0x08000f20   0x0000064a   Code   RO          357    .text.HAL_RCC_OscConfig  stm32wbxx_hal_rcc.o
    0x0800156a   0x0800156a   0x00000002   PAD
    0x0800156c   0x0800156c   0x000000aa   Code   RO         1059    .text.HAL_RTCEx_SetWakeUpTimer  stm32wbxx_hal_rtc_ex.o
    0x08001616   0x08001616   0x00000002   PAD
    0x08001618   0x08001618   0x00000102   Code   RO          965    .text.HAL_RTC_Init  stm32wbxx_hal_rtc.o
    0x0800171a   0x0800171a   0x00000002   PAD
    0x0800171c   0x0800171c   0x00000062   Code   RO           61    .text.HAL_RTC_MspInit  rtc.o
    0x0800177e   0x0800177e   0x00000002   PAD
    0x08001780   0x08001780   0x0000002c   Code   RO          771    .text.HAL_SYSTICK_Config  stm32wbxx_hal_cortex.o
    0x080017ac   0x080017ac   0x00000002   Code   RO         2188    .text.HIDS_Init     svc_ctl.o
    0x080017ae   0x080017ae   0x00000002   PAD
    0x080017b0   0x080017b0   0x00000002   Code   RO         2190    .text.HRS_Init      svc_ctl.o
    0x080017b2   0x080017b2   0x00000002   PAD
    0x080017b4   0x080017b4   0x00000004   Code   RO          193    .text.HSEM_IRQHandler  stm32wbxx_it.o
    0x080017b8   0x080017b8   0x00000002   Code   RO         2192    .text.HTS_Init      svc_ctl.o
    0x080017ba   0x080017ba   0x00000002   PAD
    0x080017bc   0x080017bc   0x0000000c   Code   RO         1136    .text.HW_IPCC_BLE_AclDataAckNot  tl_mbox.o
    0x080017c8   0x080017c8   0x00000012   Code   RO          292    .text.HW_IPCC_BLE_Init  hw_ipcc.o
    0x080017da   0x080017da   0x00000002   PAD
    0x080017dc   0x080017dc   0x00000040   Code   RO         1132    .text.HW_IPCC_BLE_RxEvtNot  tl_mbox.o
    0x0800181c   0x0800181c   0x00000010   Code   RO          294    .text.HW_IPCC_BLE_SendCmd  hw_ipcc.o
    0x0800182c   0x0800182c   0x0000004c   Code   RO          288    .text.HW_IPCC_Enable  hw_ipcc.o
    0x08001878   0x08001878   0x00000048   Code   RO          290    .text.HW_IPCC_Init  hw_ipcc.o
    0x080018c0   0x080018c0   0x00000030   Code   RO          310    .text.HW_IPCC_MM_SendFreeBuf  hw_ipcc.o
    0x080018f0   0x080018f0   0x0000004c   Code   RO          284    .text.HW_IPCC_Rx_Handler  hw_ipcc.o
    0x0800193c   0x0800193c   0x0000001a   Code   RO         1142    .text.HW_IPCC_SYS_CmdEvtNot  tl_mbox.o
    0x08001956   0x08001956   0x00000002   PAD
    0x08001958   0x08001958   0x00000040   Code   RO         1144    .text.HW_IPCC_SYS_EvtNot  tl_mbox.o
    0x08001998   0x08001998   0x00000012   Code   RO          302    .text.HW_IPCC_SYS_Init  hw_ipcc.o
    0x080019aa   0x080019aa   0x00000002   PAD
    0x080019ac   0x080019ac   0x00000018   Code   RO          304    .text.HW_IPCC_SYS_SendCmd  hw_ipcc.o
    0x080019c4   0x080019c4   0x00000038   Code   RO         1154    .text.HW_IPCC_TRACES_EvtNot  tl_mbox.o
    0x080019fc   0x080019fc   0x00000012   Code   RO          312    .text.HW_IPCC_TRACES_Init  hw_ipcc.o
    0x08001a0e   0x08001a0e   0x00000002   PAD
    0x08001a10   0x08001a10   0x00000070   Code   RO          286    .text.HW_IPCC_Tx_Handler  hw_ipcc.o
    0x08001a80   0x08001a80   0x00000112   Code   RO          133    .text.HW_TS_Init    hw_timerserver.o
    0x08001b92   0x08001b92   0x00000002   PAD
    0x08001b94   0x08001b94   0x00000002   Code   RO          173    .text.HardFault_Handler  stm32wbxx_it.o
    0x08001b96   0x08001b96   0x00000002   PAD
    0x08001b98   0x08001b98   0x00000002   Code   RO         2194    .text.IAS_Init      svc_ctl.o
    0x08001b9a   0x08001b9a   0x00000002   PAD
    0x08001b9c   0x08001b9c   0x00000004   Code   RO          189    .text.IPCC_C1_RX_IRQHandler  stm32wbxx_it.o
    0x08001ba0   0x08001ba0   0x00000004   Code   RO          191    .text.IPCC_C1_TX_IRQHandler  stm32wbxx_it.o
    0x08001ba4   0x08001ba4   0x00000002   Code   RO         2196    .text.LLS_Init      svc_ctl.o
    0x08001ba6   0x08001ba6   0x00000002   PAD
    0x08001ba8   0x08001ba8   0x00000006   Code   RO         1265    .text.LST_init_head  stm_list.o
    0x08001bae   0x08001bae   0x00000002   PAD
    0x08001bb0   0x08001bb0   0x0000001c   Code   RO         1269    .text.LST_insert_head  stm_list.o
    0x08001bcc   0x08001bcc   0x0000001c   Code   RO         1271    .text.LST_insert_tail  stm_list.o
    0x08001be8   0x08001be8   0x0000001a   Code   RO         1267    .text.LST_is_empty  stm_list.o
    0x08001c02   0x08001c02   0x00000002   PAD
    0x08001c04   0x08001c04   0x0000002e   Code   RO         1275    .text.LST_remove_head  stm_list.o
    0x08001c32   0x08001c32   0x00000002   PAD
    0x08001c34   0x08001c34   0x00000002   Code   RO         2208    .text.MESH_Init     svc_ctl.o
    0x08001c36   0x08001c36   0x00000002   PAD
    0x08001c38   0x08001c38   0x00000002   Code   RO         2200    .text.MOTENV_STM_Init  svc_ctl.o
    0x08001c3a   0x08001c3a   0x00000002   PAD
    0x08001c3c   0x08001c3c   0x0000003c   Code   RO           74    .text.MX_APPE_Config  app_entry.o
    0x08001c78   0x08001c78   0x000000ca   Code   RO           76    .text.MX_APPE_Init  app_entry.o
    0x08001d42   0x08001d42   0x00000002   PAD
    0x08001d44   0x08001d44   0x00000008   Code   RO           84    .text.MX_APPE_Process  app_entry.o
    0x08001d4c   0x08001d4c   0x0000001e   Code   RO           27    .text.MX_GPIO_Init  gpio.o
    0x08001d6a   0x08001d6a   0x00000002   PAD
    0x08001d6c   0x08001d6c   0x00000026   Code   RO           35    .text.MX_IPCC_Init  ipcc.o
    0x08001d92   0x08001d92   0x00000002   PAD
    0x08001d94   0x08001d94   0x00000002   Code   RO           51    .text.MX_RF_Init    rf.o
    0x08001d96   0x08001d96   0x00000002   PAD
    0x08001d98   0x08001d98   0x00000050   Code   RO           59    .text.MX_RTC_Init   rtc.o
    0x08001de8   0x08001de8   0x00000002   Code   RO          175    .text.MemManage_Handler  stm32wbxx_it.o
    0x08001dea   0x08001dea   0x00000002   PAD
    0x08001dec   0x08001dec   0x00000002   Code   RO          171    .text.NMI_Handler   stm32wbxx_it.o
    0x08001dee   0x08001dee   0x00000002   PAD
    0x08001df0   0x08001df0   0x00000002   Code   RO         2206    .text.OTAS_STM_Init  svc_ctl.o
    0x08001df2   0x08001df2   0x00000002   PAD
    0x08001df4   0x08001df4   0x00000070   Code   RO         1256    .text.OTP_Read      otp.o
    0x08001e64   0x08001e64   0x0000000c   Code   RO         1321    .text.Osal_MemCpy   osal.o
    0x08001e70   0x08001e70   0x00000012   Code   RO         1323    .text.Osal_MemSet   osal.o
    0x08001e82   0x08001e82   0x00000002   PAD
    0x08001e84   0x08001e84   0x00000002   Code   RO         2202    .text.P2PS_STM_Init  svc_ctl.o
    0x08001e86   0x08001e86   0x00000002   PAD
    0x08001e88   0x08001e88   0x00000002   Code   RO          185    .text.PendSV_Handler  stm32wbxx_it.o
    0x08001e8a   0x08001e8a   0x00000002   PAD
    0x08001e8c   0x08001e8c   0x000000f4   Code   RO          359    .text.RCC_SetFlashLatencyFromMSIRange  stm32wbxx_hal_rcc.o
    0x08001f80   0x08001f80   0x0000001c   Code   RO         1192    .text.SHCI_C2_BLE_Init  shci.o
    0x08001f9c   0x08001f9c   0x0000001a   Code   RO         1226    .text.SHCI_C2_Config  shci.o
    0x08001fb6   0x08001fb6   0x00000002   PAD
    0x08001fb8   0x08001fb8   0x0000001c   Code   RO         1202    .text.SHCI_C2_DEBUG_Init  shci.o
    0x08001fd4   0x08001fd4   0x000000a2   Code   RO         1232    .text.SHCI_GetWirelessFwInfo  shci.o
    0x08002076   0x08002076   0x00000002   PAD
    0x08002078   0x08002078   0x00000102   Code   RO          215    .text.SVCCTL_App_Notification  app_ble.o
    0x0800217a   0x0800217a   0x00000002   PAD
    0x0800217c   0x0800217c   0x00000014   Code   RO         2214    .text.SVCCTL_Init   svc_ctl.o
    0x08002190   0x08002190   0x00000094   Code   RO          248    .text.SVCCTL_InitCustomSvc  custom_stm.o
    0x08002224   0x08002224   0x0000001a   Code   RO         2218    .text.SVCCTL_RegisterSvcHandler  svc_ctl.o
    0x0800223e   0x0800223e   0x00000002   PAD
    0x08002240   0x08002240   0x0000004e   Code   RO         2216    .text.SVCCTL_SvcInit  svc_ctl.o
    0x0800228e   0x0800228e   0x00000002   PAD
    0x08002290   0x08002290   0x00000056   Code   RO         2222    .text.SVCCTL_UserEvtRx  svc_ctl.o
    0x080022e6   0x080022e6   0x00000002   PAD
    0x080022e8   0x080022e8   0x00000002   Code   RO          181    .text.SVC_Handler   stm32wbxx_it.o
    0x080022ea   0x080022ea   0x00000002   PAD
    0x080022ec   0x080022ec   0x00000044   Code   RO         1150    .text.SendFreeBuf   tl_mbox.o
    0x08002330   0x08002330   0x00000004   Code   RO          187    .text.SysTick_Handler  stm32wbxx_it.o
    0x08002334   0x08002334   0x00000068   Code   RO         1107    .text.SystemInit    system_stm32wbxx.o
    0x0800239c   0x0800239c   0x00000046   Code   RO         1128    .text.TL_BLE_Init   tl_mbox.o
    0x080023e2   0x080023e2   0x00000002   PAD
    0x080023e4   0x080023e4   0x0000001c   Code   RO         1130    .text.TL_BLE_SendCmd  tl_mbox.o
    0x08002400   0x08002400   0x00000004   Code   RO         1124    .text.TL_Enable     tl_mbox.o
    0x08002404   0x08002404   0x0000004c   Code   RO         1126    .text.TL_Init       tl_mbox.o
    0x08002450   0x08002450   0x00000022   Code   RO         1148    .text.TL_MM_EvtDone  tl_mbox.o
    0x08002472   0x08002472   0x00000002   PAD
    0x08002474   0x08002474   0x00000048   Code   RO         1146    .text.TL_MM_Init    tl_mbox.o
    0x080024bc   0x080024bc   0x0000003a   Code   RO         1138    .text.TL_SYS_Init   tl_mbox.o
    0x080024f6   0x080024f6   0x00000002   PAD
    0x080024f8   0x080024f8   0x0000001c   Code   RO         1140    .text.TL_SYS_SendCmd  tl_mbox.o
    0x08002514   0x08002514   0x00000002   Code   RO         1156    .text.TL_TRACES_EvtReceived  tl_mbox.o
    0x08002516   0x08002516   0x00000002   PAD
    0x08002518   0x08002518   0x00000024   Code   RO         1152    .text.TL_TRACES_Init  tl_mbox.o
    0x0800253c   0x0800253c   0x00000002   Code   RO         2198    .text.TPS_Init      svc_ctl.o
    0x0800253e   0x0800253e   0x00000002   PAD
    0x08002540   0x08002540   0x00000006   Code   RO         2156    .text.TlCmdEvtReceived  shci_tl.o
    0x08002546   0x08002546   0x00000002   PAD
    0x08002548   0x08002548   0x00000044   Code   RO         2124    .text.TlEvtReceived  hci_tl.o
    0x0800258c   0x0800258c   0x00000020   Code   RO         2158    .text.TlUserEvtReceived  shci_tl.o
    0x080025ac   0x080025ac   0x00000010   Code   RO         2233    .text.UTIL_LPM_Init  stm32_lpm.o
    0x080025bc   0x080025bc   0x0000002e   Code   RO         2239    .text.UTIL_LPM_SetOffMode  stm32_lpm.o
    0x080025ea   0x080025ea   0x00000002   PAD
    0x080025ec   0x080025ec   0x00000008   Code   RO           88    .text.UTIL_SEQ_EvtIdle  app_entry.o
    0x080025f4   0x080025f4   0x00000002   Code   RO           86    .text.UTIL_SEQ_Idle  app_entry.o
    0x080025f6   0x080025f6   0x00000002   PAD
    0x080025f8   0x080025f8   0x00000020   Code   RO         2274    .text.UTIL_SEQ_PauseTask  stm32_seq.o
    0x08002618   0x08002618   0x00000002   Code   RO         2266    .text.UTIL_SEQ_PostIdle  stm32_seq.o
    0x0800261a   0x0800261a   0x00000002   PAD
    0x0800261c   0x0800261c   0x00000002   Code   RO         2262    .text.UTIL_SEQ_PreIdle  stm32_seq.o
    0x0800261e   0x0800261e   0x00000002   PAD
    0x08002620   0x08002620   0x00000056   Code   RO         2268    .text.UTIL_SEQ_RegTask  stm32_seq.o
    0x08002676   0x08002676   0x00000002   PAD
    0x08002678   0x08002678   0x0000001e   Code   RO         2278    .text.UTIL_SEQ_ResumeTask  stm32_seq.o
    0x08002696   0x08002696   0x00000002   PAD
    0x08002698   0x08002698   0x00000182   Code   RO         2258    .text.UTIL_SEQ_Run  stm32_seq.o
    0x0800281a   0x0800281a   0x00000002   PAD
    0x0800281c   0x0800281c   0x0000001e   Code   RO         2280    .text.UTIL_SEQ_SetEvt  stm32_seq.o
    0x0800283a   0x0800283a   0x00000002   PAD
    0x0800283c   0x0800283c   0x00000028   Code   RO         2270    .text.UTIL_SEQ_SetTask  stm32_seq.o
    0x08002864   0x08002864   0x00000058   Code   RO         2284    .text.UTIL_SEQ_WaitEvt  stm32_seq.o
    0x080028bc   0x080028bc   0x00000002   Code   RO          179    .text.UsageFault_Handler  stm32wbxx_it.o
    0x080028be   0x080028be   0x00000002   PAD
    0x080028c0   0x080028c0   0x00000002   Code   RO         2204    .text.ZDD_STM_Init  svc_ctl.o
    0x080028c2   0x080028c2   0x00000002   PAD
    0x080028c4   0x080028c4   0x0000008c   Code   RO         1668    .text.aci_gap_init  ble_gap_aci.o
    0x08002950   0x08002950   0x00000050   Code   RO         1720    .text.aci_gap_numeric_comparison_value_confirm_yesno  ble_gap_aci.o
    0x080029a0   0x080029a0   0x00000050   Code   RO         1664    .text.aci_gap_pass_key_resp  ble_gap_aci.o
    0x080029f0   0x080029f0   0x00000078   Code   RO         1660    .text.aci_gap_set_authentication_requirement  ble_gap_aci.o
    0x08002a68   0x08002a68   0x0000009e   Code   RO         1654    .text.aci_gap_set_discoverable  ble_gap_aci.o
    0x08002b06   0x08002b06   0x00000002   PAD
    0x08002b08   0x08002b08   0x0000004a   Code   RO         1658    .text.aci_gap_set_io_capability  ble_gap_aci.o
    0x08002b52   0x08002b52   0x00000002   PAD
    0x08002b54   0x08002b54   0x00000040   Code   RO         1650    .text.aci_gap_set_non_discoverable  ble_gap_aci.o
    0x08002b94   0x08002b94   0x00000056   Code   RO         1676    .text.aci_gap_update_adv_data  ble_gap_aci.o
    0x08002bea   0x08002bea   0x00000002   PAD
    0x08002bec   0x08002bec   0x000000d0   Code   RO         1772    .text.aci_gatt_add_char  ble_gatt_aci.o
    0x08002cbc   0x08002cbc   0x000000b0   Code   RO         1768    .text.aci_gatt_add_service  ble_gatt_aci.o
    0x08002d6c   0x08002d6c   0x0000004c   Code   RO         1838    .text.aci_gatt_confirm_indication  ble_gatt_aci.o
    0x08002db8   0x08002db8   0x00000040   Code   RO         1766    .text.aci_gatt_init  ble_gatt_aci.o
    0x08002df8   0x08002df8   0x00000068   Code   RO         1776    .text.aci_gatt_update_char_value  ble_gatt_aci.o
    0x08002e60   0x08002e60   0x0000004c   Code   RO         1886    .text.aci_hal_set_radio_activity_mask  ble_hal_aci.o
    0x08002eac   0x08002eac   0x00000050   Code   RO         1876    .text.aci_hal_set_tx_power_level  ble_hal_aci.o
    0x08002efc   0x08002efc   0x0000005c   Code   RO         1872    .text.aci_hal_write_config_data  ble_hal_aci.o
    0x08002f58   0x08002f58   0x00000006   Code   RO          221    .text.hci_cmd_resp_release  app_ble.o
    0x08002f5e   0x08002f5e   0x00000002   PAD
    0x08002f60   0x08002f60   0x00000006   Code   RO          223    .text.hci_cmd_resp_wait  app_ble.o
    0x08002f66   0x08002f66   0x00000002   PAD
    0x08002f68   0x08002f68   0x00000054   Code   RO         2112    .text.hci_init      hci_tl.o
    0x08002fbc   0x08002fbc   0x00000054   Code   RO         2036    .text.hci_le_set_default_phy  ble_hci_le.o
    0x08003010   0x08003010   0x00000008   Code   RO          219    .text.hci_notify_asynch_evt  app_ble.o
    0x08003018   0x08003018   0x00000016   Code   RO         2136    .text.hci_register_io_bus  hci_tl_if.o
    0x0800302e   0x0800302e   0x00000002   PAD
    0x08003030   0x08003030   0x0000003e   Code   RO         1926    .text.hci_reset     ble_hci_le.o
    0x0800306e   0x0800306e   0x00000002   PAD
    0x08003070   0x08003070   0x000000ea   Code   RO         2118    .text.hci_send_req  hci_tl.o
    0x0800315a   0x0800315a   0x00000002   PAD
    0x0800315c   0x0800315c   0x00000070   Code   RO         2114    .text.hci_user_evt_proc  hci_tl.o
    0x080031cc   0x080031cc   0x000000f2   Code   RO           11    .text.main          main.o
    0x080032be   0x080032be   0x00000002   PAD
    0x080032c0   0x080032c0   0x00000006   Code   RO           92    .text.shci_cmd_resp_release  app_entry.o
    0x080032c6   0x080032c6   0x00000002   PAD
    0x080032c8   0x080032c8   0x00000006   Code   RO           94    .text.shci_cmd_resp_wait  app_entry.o
    0x080032ce   0x080032ce   0x00000002   PAD
    0x080032d0   0x080032d0   0x00000060   Code   RO         2144    .text.shci_init     shci_tl.o
    0x08003330   0x08003330   0x00000008   Code   RO           90    .text.shci_notify_asynch_evt  app_entry.o
    0x08003338   0x08003338   0x00000016   Code   RO         2170    .text.shci_register_io_bus  shci_tl_if.o
    0x0800334e   0x0800334e   0x00000002   PAD
    0x08003350   0x08003350   0x0000007e   Code   RO         2150    .text.shci_send     shci_tl.o
    0x080033ce   0x080033ce   0x00000002   PAD
    0x080033d0   0x080033d0   0x00000070   Code   RO         2146    .text.shci_user_evt_proc  shci_tl.o
    0x08003440   0x08003440   0x0000000e   Code   RO         2632    i.__scatterload_copy  mc_w.l(handlers.o)
    0x0800344e   0x0800344e   0x00000002   Code   RO         2633    i.__scatterload_null  mc_w.l(handlers.o)
    0x08003450   0x08003450   0x0000000e   Code   RO         2634    i.__scatterload_zeroinit  mc_w.l(handlers.o)
    0x0800345e   0x0800345e   0x00000002   PAD
    0x08003460   0x08003460   0x0000001b   Data   RO          115    .rodata..L__const.APPD_EnableCPU2.DebugCmdPacket  app_debug.o
    0x0800347b   0x0800347b   0x00000001   PAD
    0x0800347c   0x0800347c   0x0000003a   Data   RO          234    .rodata..L__const.APP_BLE_Init.ble_init_cmd_packet  app_ble.o
    0x080034b6   0x080034b6   0x00000002   PAD
    0x080034b8   0x080034b8   0x00000040   Data   RO         1112    .rodata.AHBPrescTable  system_stm32wbxx.o
    0x080034f8   0x080034f8   0x00000040   Data   RO         1114    .rodata.MSIRangeTable  system_stm32wbxx.o
    0x08003538   0x08003538   0x00000010   Data   RO         2291    .rodata.SEQ_clz_table_4bit  stm32_seq.o
    0x08003548   0x08003548   0x00000130   Data   RO          113    .rodata.aGpioConfigList  app_debug.o
    0x08003678   0x08003678   0x00000010   Data   RO          237    .rodata.a_BLE_CfgErValue  app_ble.o
    0x08003688   0x08003688   0x00000010   Data   RO          236    .rodata.a_BLE_CfgIrValue  app_ble.o
    0x08003698   0x08003698   0x00000006   Data   RO          238    .rodata.a_MBdAddr   app_ble.o
    0x0800369e   0x0800369e   0x00000002   PAD
    0x080036a0   0x080036a0   0x00000030   Data   RO         2631    Region$$Table       anon$$obj.o


    Execution Region RW_IRAM1 (Exec base: 0x20000008, Load base: 0x080036d0, Size: 0x000006a0, Max: 0x0002fff8, ABSOLUTE)

    Exec Addr    Load Addr    Size         Type   Attr      Idx    E Section Name        Object

    0x20000008   0x080036d0   0x00000008   Data   RW          888    .data..L_MergedGlobals  stm32wbxx_hal.o
    0x20000010   0x080036d8   0x00000008   Data   RW         2292    .data..L_MergedGlobals  stm32_seq.o
    0x20000018   0x080036e0   0x00000002   Data   RW          258    .data.SizeMycharwrite  custom_stm.o
    0x2000001a   0x080036e2   0x00000002   PAD
    0x2000001c   0x080036e4   0x00000004   Data   RW         1111    .data.SystemCoreClock  system_stm32wbxx.o
    0x20000020   0x080036e8   0x0000000a   Data   RW          233    .data.a_AdvData     app_ble.o
    0x2000002a   0x080036f2   0x00000002   PAD
    0x2000002c   0x080036f4   0x00000010   Data   RW         2126    BLE_DRIVER_CONTEXT  hci_tl.o
    0x2000003c   0x08003704   0x00000024   Data   RW         2224    BLE_DRIVER_CONTEXT  svc_ctl.o
    0x20000060   0x08003728   0x00000010   Data   RW         2160    SYSTEM_DRIVER_CONTEXT  shci_tl.o
    0x20000070        -       0x00000010   Zero   RW          142    .bss..L_MergedGlobals  hw_timerserver.o
    0x20000080        -       0x00000010   Zero   RW          239    .bss..L_MergedGlobals  app_ble.o
    0x20000090        -       0x00000008   Zero   RW         2245    .bss..L_MergedGlobals  stm32_lpm.o
    0x20000098        -       0x00000030   Zero   RW         2127    .bss..L_MergedGlobals.1  hci_tl.o
    0x200000c8        -       0x00000028   Zero   RW         2161    .bss..L_MergedGlobals.1  shci_tl.o
    0x200000f0        -       0x00000020   Zero   RW         2293    .bss..L_MergedGlobals.1  stm32_seq.o
    0x20000110        -       0x0000001c   Zero   RW         1161    .bss..L_MergedGlobals.2  tl_mbox.o
    0x2000012c        -       0x00000004   Zero   RW          259    .bss.CustomContext  custom_stm.o
    0x20000130        -       0x00000004   Zero   RW          316    .bss.FreeBufCb      hw_ipcc.o
    0x20000134        -       0x00000080   Zero   RW         2290    .bss.TaskCb         stm32_seq.o
    0x200001b4        -       0x00000090   Zero   RW          141    .bss.aTimerContext  hw_timerserver.o
    0x20000244        -       0x0000003c   Zero   RW           41    .bss.hipcc          ipcc.o
    0x20000280        -       0x00000024   Zero   RW           65    .bss.hrtc           rtc.o
    0x200002a4        -       0x00000004   Zero   RW          887    .bss.uwTick         stm32wbxx_hal.o
    0x200002a8        -       0x00000400   Zero   RW            1    STACK               startup_stm32wb55xx_cm4.o


    Execution Region RW_RAM_SHARED (Exec base: 0x20030000, Load base: 0x08003738, Size: 0x00000a68, Max: 0x00002800, ABSOLUTE, COMPRESSED[0x00000018])

    Exec Addr    Load Addr    Size         Type   Attr      Idx    E Section Name        Object

    0x20030000   COMPRESSED   0x00000028   Data   RW         1159    MAPPING_TABLE       tl_mbox.o
    0x20030028   COMPRESSED   0x0000010b   Data   RW          235    MB_MEM1             app_ble.o
    0x20030133   COMPRESSED   0x00000001   PAD
    0x20030134   COMPRESSED   0x000000b0   Data   RW         1158    MB_MEM1             tl_mbox.o
    0x200301e4   COMPRESSED   0x00000860   Data   RW          100    MB_MEM2             app_entry.o
    0x20030a44   COMPRESSED   0x00000012   Data   RW          114    MB_MEM2             app_debug.o
    0x20030a56   COMPRESSED   0x00000002   PAD
    0x20030a58   COMPRESSED   0x0000000f   Data   RW         1160    MB_MEM2             tl_mbox.o


==============================================================================

Image component sizes


      Code (inc. data)   RO Data    RW Data    ZI Data      Debug   Object Name

       850         12         96        277         16      11199   app_ble.o
        60          0        331         18          0       4789   app_debug.o
       420          0          0       2144          0      13571   app_entry.o
       802          0          0          0          0      37670   ble_gap_aci.o
       628          0          0          0          0      33750   ble_gatt_aci.o
       248          0          0          0          0      10420   ble_hal_aci.o
       146          0          0          0          0      44206   ble_hci_le.o
         6          0          0          0          0       1669   custom_app.o
       202          0          0          2          4       4519   custom_stm.o
        30          0          0          0          0       2303   gpio.o
       498          0          0         16         48       5829   hci_tl.o
        22          0          0          0          0       1002   hci_tl_if.o
       478          0          0          0          4       8870   hw_ipcc.o
       274          0          0          0        160      14222   hw_timerserver.o
       118          0          0          0         60       5500   ipcc.o
       252          0          0          0          0       5462   main.o
        30          0          0          0          0       1148   osal.o
       112          0          0          0          0        879   otp.o
         2          0          0          0          0        343   rf.o
       178          0          0          0         36       5405   rtc.o
       244          0          0          0          0      17585   shci.o
       372          0          0         16         40       5131   shci_tl.o
        22          0          0          0          0       1007   shci_tl_if.o
        36          8        316          0       1024        832   startup_stm32wb55xx_cm4.o
        62          0          0          0          8       2566   stm32_lpm.o
       696          0         16          8        160       7218   stm32_seq.o
       168          0          0          8          4      13651   stm32wbxx_hal.o
       258          0          0          0          0      10004   stm32wbxx_hal_cortex.o
        24          0          0          0          0       3223   stm32wbxx_hal_hsem.o
       108          0          0          0          0       7299   stm32wbxx_hal_ipcc.o
        50          0          0          0          0       4045   stm32wbxx_hal_msp.o
        18          0          0          0          0       5632   stm32wbxx_hal_pwr.o
        16          0          0          0          0      14066   stm32wbxx_hal_pwr_ex.o
      2596         16          0          0          0      19362   stm32wbxx_hal_rcc.o
      1020          0          0          0          0      25672   stm32wbxx_hal_rcc_ex.o
       258          0          0          0          0      13864   stm32wbxx_hal_rtc.o
       170          0          0          0          0      14457   stm32wbxx_hal_rtc_ex.o
        32          0          0          0          0       1599   stm32wbxx_it.o
       134          0          0          0          0       4769   stm_list.o
       244          0          0         36          0       4209   svc_ctl.o
       104          0        128          4          0       3497   system_stm32wbxx.o
       698          0          0        231         28       8367   tl_mbox.o

    ----------------------------------------------------------------------
     12872         36        940       2768       1592     400811   Object Totals
         0          0         48          0          0          0   (incl. Generated)
       186          0          5          8          0          0   (incl. Padding)

    ----------------------------------------------------------------------

      Code (inc. data)   RO Data    RW Data    ZI Data      Debug   Library Member Name

        58          0          0          0          0          0   __dczerorl.o
         0          0          0          0          0          0   entry.o
         0          0          0          0          0          0   entry10a.o
         0          0          0          0          0          0   entry11a.o
         8          4          0          0          0          0   entry2.o
         4          0          0          0          0          0   entry5.o
         0          0          0          0          0          0   entry7b.o
         0          0          0          0          0          0   entry8b.o
         8          4          0          0          0          0   entry9a.o
        30          0          0          0          0          0   handlers.o
        36          8          0          0          0         68   init.o
        36          0          0          0          0         68   memcpya.o
        36          0          0          0          0        108   memseta.o

    ----------------------------------------------------------------------
       220         16          0          0          0        244   Library Totals
         4          0          0          0          0          0   (incl. Padding)

    ----------------------------------------------------------------------

      Code (inc. data)   RO Data    RW Data    ZI Data      Debug   Library Name

       216         16          0          0          0        244   mc_w.l

    ----------------------------------------------------------------------
       220         16          0          0          0        244   Library Totals

    ----------------------------------------------------------------------

==============================================================================


      Code (inc. data)   RO Data    RW Data    ZI Data      Debug   

     13092         52        940       2768       1592     400487   Grand Totals
     13092         52        940        128       1592     400487   ELF Image Totals (compressed)
     13092         52        940        128          0          0   ROM Totals

==============================================================================

    Total RO  Size (Code + RO Data)                14032 (  13.70kB)
    Total RW  Size (RW Data + ZI Data)              4360 (   4.26kB)
    Total ROM Size (Code + RO Data + RW Data)      14160 (  13.83kB)

==============================================================================

