<html>
<body>
<pre>
<h1>µVision Build Log</h1>
<h2>Tool Versions:</h2>
IDE-Version: ¦ÌVision V5.37.0.0
Copyright (C) 2022 ARM Ltd and ARM Germany GmbH. All rights reserved.
License Information: X X, X, LIC=GMZI6-DQED5-JJK6S-LE4C4-AANN9-72DG0
 
Tool Versions:
Toolchain:       MDK-ARM Plus  Version: 5.37.0.0
Toolchain Path:  C:\Keil_v5\ARM\ARMCLANG\Bin
C Compiler:      ArmClang.exe V6.18
Assembler:       Armasm.exe V6.18
Linker/Locator:  ArmLink.exe V6.18
Library Manager: ArmAr.exe V6.18
Hex Converter:   FromElf.exe V6.18
CPU DLL:         SARMCM3.DLL V5.37.0.0
Dialog DLL:      DCM.DLL V1.17.5.0
Target DLL:      STLink\ST-LINKIII-KEIL_SWO.dll V3.0.9.0
Dialog DLL:      TCM.DLL V1.56.1.0
 
<h2>Project:</h2>
D:\STM32WB55\STM32WB55_project4\MDK-ARM\STM32WB55_project4.uvprojx
Project File Date:  11/12/2024

<h2>Output:</h2>
*** Using Compiler 'V6.18', folder: 'C:\Keil_v5\ARM\ARMCLANG\Bin'
Rebuild target 'STM32WB55_project4'
assembling startup_stm32wb55xx_cm4.s...
compiling memorymap.c...
compiling rf.c...
compiling stm32wbxx_hal_msp.c...
compiling gpio.c...
compiling app_debug.c...
compiling stm32wbxx_it.c...
compiling rtc.c...
compiling ipcc.c...
compiling custom_stm.c...
compiling stm32_lpm_if.c...
compiling main.c...
compiling app_entry.c...
compiling app_ble.c...
compiling hw_timerserver.c...
compiling stm32wbxx_ll_rcc.c...
compiling stm32wbxx_hal_dma_ex.c...
compiling stm32wbxx_hal_cortex.c...
compiling stm32wbxx_hal_flash_ex.c...
compiling stm32wbxx_hal_gpio.c...
compiling stm32wbxx_hal_pwr_ex.c...
compiling stm32wbxx_hal_hsem.c...
compiling stm32wbxx_hal_pwr.c...
compiling stm32wbxx_hal_flash.c...
compiling stm32wbxx_hal.c...
compiling custom_app.c...
compiling stm32wbxx_hal_rcc.c...
compiling stm32wbxx_hal_dma.c...
compiling hw_ipcc.c...
compiling stm32wbxx_hal_rcc_ex.c...
compiling stm32wbxx_hal_exti.c...
compiling stm32wbxx_hal_ipcc.c...
compiling stm32wbxx_hal_tim_ex.c...
compiling stm32wbxx_hal_tim.c...
compiling system_stm32wbxx.c...
compiling osal.c...
compiling tl_mbox.c...
compiling stm32wbxx_hal_rtc.c...
compiling shci.c...
compiling stm32wbxx_hal_rtc_ex.c...
compiling dbg_trace.c...
compiling stm_list.c...
compiling otp.c...
compiling ble_events.c...
compiling stm_queue.c...
compiling ble_l2cap_aci.c...
compiling hci_tl_if.c...
compiling ble_hal_aci.c...
compiling ble_gap_aci.c...
compiling shci_tl.c...
compiling ble_gatt_aci.c...
compiling shci_tl_if.c...
compiling hci_tl.c...
compiling stm32_lpm.c...
compiling stm32_seq.c...
compiling ble_hci_le.c...
compiling svc_ctl.c...
linking...
Program Size: Code=13092 RO-data=940 RW-data=2768 ZI-data=1592  
FromELF: creating hex file...
"STM32WB55_project4\STM32WB55_project4.axf" - 0 Error(s), 0 Warning(s).

<h2>Software Packages used:</h2>

Package Vendor: ARM
                http://www.keil.com/pack/ARM.CMSIS.5.9.0.pack
                ARM.CMSIS.5.9.0
                CMSIS (Common Microcontroller Software Interface Standard)
   * Component: CORE Version: 5.6.0

Package Vendor: Keil
                https://www.keil.com/pack/Keil.STM32WBxx_DFP.1.3.0.pack
                Keil.STM32WBxx_DFP.1.3.0
                STMicroelectronics STM32WB Series Device Support

<h2>Collection of Component include folders:</h2>
  ./RTE/_STM32WB55_project4
  C:/Users/a8456/AppData/Local/Arm/Packs/ARM/CMSIS/5.9.0/CMSIS/Core/Include
  C:/Users/a8456/AppData/Local/Arm/Packs/Keil/STM32WBxx_DFP/1.3.0/Drivers/CMSIS/Device/ST/STM32WBxx/Include

<h2>Collection of Component Files used:</h2>

   * Component: ARM::CMSIS:CORE:5.6.0
      Include file:  CMSIS/Core/Include/tz_context.h
Build Time Elapsed:  00:00:05
</pre>
</body>
</html>
