<!doctype html public "-//w3c//dtd html 4.0 transitional//en">
<html><head>
<title>Static Call Graph - [STM32WB55_project4\STM32WB55_project4.axf]</title></head>
<body><HR>
<H1>Static Call Graph for image STM32WB55_project4\STM32WB55_project4.axf</H1><HR>
<BR><P>#&#060CALLGRAPH&#062# ARM Linker, 6180002: Last Updated: Tue Nov 12 00:37:04 2024
<BR><P>
<H3>Maximum Stack Usage =        664 bytes + Unknown(Cycles, Untraceable Function Pointers)</H3><H3>
Call chain for Maximum Stack Depth:</H3>
APPE_SysUserEvtRx &rArr; APP_BLE_Init &rArr; SVCCTL_Init &rArr; SVCCTL_SvcInit &rArr; SVCCTL_InitCustomSvc &rArr; aci_gatt_add_char &rArr; hci_send_req &rArr; hci_cmd_resp_wait &rArr; UTIL_SEQ_WaitEvt &rArr; UTIL_SEQ_EvtIdle &rArr; UTIL_SEQ_Run
<P>
<H3>
Mutually Recursive functions
</H3> <LI><a href="#[1c]">ADC1_IRQHandler</a>&nbsp;&nbsp;&nbsp;&rArr;&nbsp;&nbsp;&nbsp;<a href="#[1c]">ADC1_IRQHandler</a><BR>
 <LI><a href="#[4]">BusFault_Handler</a>&nbsp;&nbsp;&nbsp;&rArr;&nbsp;&nbsp;&nbsp;<a href="#[4]">BusFault_Handler</a><BR>
 <LI><a href="#[2]">HardFault_Handler</a>&nbsp;&nbsp;&nbsp;&rArr;&nbsp;&nbsp;&nbsp;<a href="#[2]">HardFault_Handler</a><BR>
 <LI><a href="#[3]">MemManage_Handler</a>&nbsp;&nbsp;&nbsp;&rArr;&nbsp;&nbsp;&nbsp;<a href="#[3]">MemManage_Handler</a><BR>
 <LI><a href="#[1]">NMI_Handler</a>&nbsp;&nbsp;&nbsp;&rArr;&nbsp;&nbsp;&nbsp;<a href="#[1]">NMI_Handler</a><BR>
 <LI><a href="#[5]">UsageFault_Handler</a>&nbsp;&nbsp;&nbsp;&rArr;&nbsp;&nbsp;&nbsp;<a href="#[5]">UsageFault_Handler</a><BR>
</UL>
<P>
<H3>
Function Pointers
</H3><UL>
 <LI><a href="#[1c]">ADC1_IRQHandler</a> from startup_stm32wb55xx_cm4.o(.text) referenced from startup_stm32wb55xx_cm4.o(RESET)
 <LI><a href="#[3d]">AES1_IRQHandler</a> from startup_stm32wb55xx_cm4.o(.text) referenced from startup_stm32wb55xx_cm4.o(RESET)
 <LI><a href="#[3e]">AES2_IRQHandler</a> from startup_stm32wb55xx_cm4.o(.text) referenced from startup_stm32wb55xx_cm4.o(RESET)
 <LI><a href="#[53]">APPE_SysStatusNot</a> from app_entry.o(.text.APPE_SysStatusNot) referenced 2 times from app_entry.o(.text.MX_APPE_Init)
 <LI><a href="#[54]">APPE_SysUserEvtRx</a> from app_entry.o(.text.APPE_SysUserEvtRx) referenced 2 times from app_entry.o(.text.MX_APPE_Init)
 <LI><a href="#[4f]">Adv_Cancel</a> from app_ble.o(.text.Adv_Cancel) referenced 2 times from app_ble.o(.text.APP_BLE_Init)
 <LI><a href="#[4c]">BLE_StatusNot</a> from app_ble.o(.text.BLE_StatusNot) referenced 2 times from app_ble.o(.text.APP_BLE_Init)
 <LI><a href="#[4d]">BLE_UserEvtRx</a> from app_ble.o(.text.BLE_UserEvtRx) referenced 2 times from app_ble.o(.text.APP_BLE_Init)
 <LI><a href="#[4]">BusFault_Handler</a> from stm32wbxx_it.o(.text.BusFault_Handler) referenced from startup_stm32wb55xx_cm4.o(RESET)
 <LI><a href="#[1f]">C2SEV_PWR_C2H_IRQHandler</a> from startup_stm32wb55xx_cm4.o(.text) referenced from startup_stm32wb55xx_cm4.o(RESET)
 <LI><a href="#[20]">COMP_IRQHandler</a> from startup_stm32wb55xx_cm4.o(.text) referenced from startup_stm32wb55xx_cm4.o(RESET)
 <LI><a href="#[34]">CRS_IRQHandler</a> from startup_stm32wb55xx_cm4.o(.text) referenced from startup_stm32wb55xx_cm4.o(RESET)
 <LI><a href="#[55]">Custom_STM_Event_Handler</a> from custom_stm.o(.text.Custom_STM_Event_Handler) referenced 2 times from custom_stm.o(.text.SVCCTL_InitCustomSvc)
 <LI><a href="#[15]">DMA1_Channel1_IRQHandler</a> from startup_stm32wb55xx_cm4.o(.text) referenced from startup_stm32wb55xx_cm4.o(RESET)
 <LI><a href="#[16]">DMA1_Channel2_IRQHandler</a> from startup_stm32wb55xx_cm4.o(.text) referenced from startup_stm32wb55xx_cm4.o(RESET)
 <LI><a href="#[17]">DMA1_Channel3_IRQHandler</a> from startup_stm32wb55xx_cm4.o(.text) referenced from startup_stm32wb55xx_cm4.o(RESET)
 <LI><a href="#[18]">DMA1_Channel4_IRQHandler</a> from startup_stm32wb55xx_cm4.o(.text) referenced from startup_stm32wb55xx_cm4.o(RESET)
 <LI><a href="#[19]">DMA1_Channel5_IRQHandler</a> from startup_stm32wb55xx_cm4.o(.text) referenced from startup_stm32wb55xx_cm4.o(RESET)
 <LI><a href="#[1a]">DMA1_Channel6_IRQHandler</a> from startup_stm32wb55xx_cm4.o(.text) referenced from startup_stm32wb55xx_cm4.o(RESET)
 <LI><a href="#[1b]">DMA1_Channel7_IRQHandler</a> from startup_stm32wb55xx_cm4.o(.text) referenced from startup_stm32wb55xx_cm4.o(RESET)
 <LI><a href="#[41]">DMA2_Channel1_IRQHandler</a> from startup_stm32wb55xx_cm4.o(.text) referenced from startup_stm32wb55xx_cm4.o(RESET)
 <LI><a href="#[42]">DMA2_Channel2_IRQHandler</a> from startup_stm32wb55xx_cm4.o(.text) referenced from startup_stm32wb55xx_cm4.o(RESET)
 <LI><a href="#[43]">DMA2_Channel3_IRQHandler</a> from startup_stm32wb55xx_cm4.o(.text) referenced from startup_stm32wb55xx_cm4.o(RESET)
 <LI><a href="#[44]">DMA2_Channel4_IRQHandler</a> from startup_stm32wb55xx_cm4.o(.text) referenced from startup_stm32wb55xx_cm4.o(RESET)
 <LI><a href="#[45]">DMA2_Channel5_IRQHandler</a> from startup_stm32wb55xx_cm4.o(.text) referenced from startup_stm32wb55xx_cm4.o(RESET)
 <LI><a href="#[46]">DMA2_Channel6_IRQHandler</a> from startup_stm32wb55xx_cm4.o(.text) referenced from startup_stm32wb55xx_cm4.o(RESET)
 <LI><a href="#[47]">DMA2_Channel7_IRQHandler</a> from startup_stm32wb55xx_cm4.o(.text) referenced from startup_stm32wb55xx_cm4.o(RESET)
 <LI><a href="#[48]">DMAMUX1_OVR_IRQHandler</a> from startup_stm32wb55xx_cm4.o(.text) referenced from startup_stm32wb55xx_cm4.o(RESET)
 <LI><a href="#[7]">DebugMon_Handler</a> from stm32wbxx_it.o(.text.DebugMon_Handler) referenced from startup_stm32wb55xx_cm4.o(RESET)
 <LI><a href="#[10]">EXTI0_IRQHandler</a> from startup_stm32wb55xx_cm4.o(.text) referenced from startup_stm32wb55xx_cm4.o(RESET)
 <LI><a href="#[32]">EXTI15_10_IRQHandler</a> from startup_stm32wb55xx_cm4.o(.text) referenced from startup_stm32wb55xx_cm4.o(RESET)
 <LI><a href="#[11]">EXTI1_IRQHandler</a> from startup_stm32wb55xx_cm4.o(.text) referenced from startup_stm32wb55xx_cm4.o(RESET)
 <LI><a href="#[12]">EXTI2_IRQHandler</a> from startup_stm32wb55xx_cm4.o(.text) referenced from startup_stm32wb55xx_cm4.o(RESET)
 <LI><a href="#[13]">EXTI3_IRQHandler</a> from startup_stm32wb55xx_cm4.o(.text) referenced from startup_stm32wb55xx_cm4.o(RESET)
 <LI><a href="#[14]">EXTI4_IRQHandler</a> from startup_stm32wb55xx_cm4.o(.text) referenced from startup_stm32wb55xx_cm4.o(RESET)
 <LI><a href="#[21]">EXTI9_5_IRQHandler</a> from startup_stm32wb55xx_cm4.o(.text) referenced from startup_stm32wb55xx_cm4.o(RESET)
 <LI><a href="#[e]">FLASH_IRQHandler</a> from startup_stm32wb55xx_cm4.o(.text) referenced from startup_stm32wb55xx_cm4.o(RESET)
 <LI><a href="#[40]">FPU_IRQHandler</a> from startup_stm32wb55xx_cm4.o(.text) referenced from startup_stm32wb55xx_cm4.o(RESET)
 <LI><a href="#[50]">HAL_IPCC_RxCallback</a> from stm32wbxx_hal_ipcc.o(.text.HAL_IPCC_RxCallback) referenced 2 times from stm32wbxx_hal_ipcc.o(.text.HAL_IPCC_Init)
 <LI><a href="#[51]">HAL_IPCC_TxCallback</a> from stm32wbxx_hal_ipcc.o(.text.HAL_IPCC_TxCallback) referenced 2 times from stm32wbxx_hal_ipcc.o(.text.HAL_IPCC_Init)
 <LI><a href="#[38]">HSEM_IRQHandler</a> from stm32wbxx_it.o(.text.HSEM_IRQHandler) referenced from startup_stm32wb55xx_cm4.o(RESET)
 <LI><a href="#[2]">HardFault_Handler</a> from stm32wbxx_it.o(.text.HardFault_Handler) referenced from startup_stm32wb55xx_cm4.o(RESET)
 <LI><a href="#[29]">I2C1_ER_IRQHandler</a> from startup_stm32wb55xx_cm4.o(.text) referenced from startup_stm32wb55xx_cm4.o(RESET)
 <LI><a href="#[28]">I2C1_EV_IRQHandler</a> from startup_stm32wb55xx_cm4.o(.text) referenced from startup_stm32wb55xx_cm4.o(RESET)
 <LI><a href="#[2b]">I2C3_ER_IRQHandler</a> from startup_stm32wb55xx_cm4.o(.text) referenced from startup_stm32wb55xx_cm4.o(RESET)
 <LI><a href="#[2a]">I2C3_EV_IRQHandler</a> from startup_stm32wb55xx_cm4.o(.text) referenced from startup_stm32wb55xx_cm4.o(RESET)
 <LI><a href="#[36]">IPCC_C1_RX_IRQHandler</a> from stm32wbxx_it.o(.text.IPCC_C1_RX_IRQHandler) referenced from startup_stm32wb55xx_cm4.o(RESET)
 <LI><a href="#[37]">IPCC_C1_TX_IRQHandler</a> from stm32wbxx_it.o(.text.IPCC_C1_TX_IRQHandler) referenced from startup_stm32wb55xx_cm4.o(RESET)
 <LI><a href="#[3b]">LCD_IRQHandler</a> from startup_stm32wb55xx_cm4.o(.text) referenced from startup_stm32wb55xx_cm4.o(RESET)
 <LI><a href="#[39]">LPTIM1_IRQHandler</a> from startup_stm32wb55xx_cm4.o(.text) referenced from startup_stm32wb55xx_cm4.o(RESET)
 <LI><a href="#[3a]">LPTIM2_IRQHandler</a> from startup_stm32wb55xx_cm4.o(.text) referenced from startup_stm32wb55xx_cm4.o(RESET)
 <LI><a href="#[2f]">LPUART1_IRQHandler</a> from startup_stm32wb55xx_cm4.o(.text) referenced from startup_stm32wb55xx_cm4.o(RESET)
 <LI><a href="#[3]">MemManage_Handler</a> from stm32wbxx_it.o(.text.MemManage_Handler) referenced from startup_stm32wb55xx_cm4.o(RESET)
 <LI><a href="#[1]">NMI_Handler</a> from stm32wbxx_it.o(.text.NMI_Handler) referenced from startup_stm32wb55xx_cm4.o(RESET)
 <LI><a href="#[27]">PKA_IRQHandler</a> from startup_stm32wb55xx_cm4.o(.text) referenced from startup_stm32wb55xx_cm4.o(RESET)
 <LI><a href="#[b]">PVD_PVM_IRQHandler</a> from startup_stm32wb55xx_cm4.o(.text) referenced from startup_stm32wb55xx_cm4.o(RESET)
 <LI><a href="#[35]">PWR_SOTF_BLEACT_802ACT_RFPHASE_IRQHandler</a> from startup_stm32wb55xx_cm4.o(.text) referenced from startup_stm32wb55xx_cm4.o(RESET)
 <LI><a href="#[8]">PendSV_Handler</a> from stm32wbxx_it.o(.text.PendSV_Handler) referenced from startup_stm32wb55xx_cm4.o(RESET)
 <LI><a href="#[3c]">QUADSPI_IRQHandler</a> from startup_stm32wb55xx_cm4.o(.text) referenced from startup_stm32wb55xx_cm4.o(RESET)
 <LI><a href="#[f]">RCC_IRQHandler</a> from startup_stm32wb55xx_cm4.o(.text) referenced from startup_stm32wb55xx_cm4.o(RESET)
 <LI><a href="#[3f]">RNG_IRQHandler</a> from startup_stm32wb55xx_cm4.o(.text) referenced from startup_stm32wb55xx_cm4.o(RESET)
 <LI><a href="#[33]">RTC_Alarm_IRQHandler</a> from startup_stm32wb55xx_cm4.o(.text) referenced from startup_stm32wb55xx_cm4.o(RESET)
 <LI><a href="#[d]">RTC_WKUP_IRQHandler</a> from startup_stm32wb55xx_cm4.o(.text) referenced from startup_stm32wb55xx_cm4.o(RESET)
 <LI><a href="#[0]">Reset_Handler</a> from startup_stm32wb55xx_cm4.o(.text) referenced from startup_stm32wb55xx_cm4.o(RESET)
 <LI><a href="#[30]">SAI1_IRQHandler</a> from startup_stm32wb55xx_cm4.o(.text) referenced from startup_stm32wb55xx_cm4.o(RESET)
 <LI><a href="#[2c]">SPI1_IRQHandler</a> from startup_stm32wb55xx_cm4.o(.text) referenced from startup_stm32wb55xx_cm4.o(RESET)
 <LI><a href="#[2d]">SPI2_IRQHandler</a> from startup_stm32wb55xx_cm4.o(.text) referenced from startup_stm32wb55xx_cm4.o(RESET)
 <LI><a href="#[6]">SVC_Handler</a> from stm32wbxx_it.o(.text.SVC_Handler) referenced from startup_stm32wb55xx_cm4.o(RESET)
 <LI><a href="#[56]">SendFreeBuf</a> from tl_mbox.o(.text.SendFreeBuf) referenced 2 times from tl_mbox.o(.text.TL_MM_EvtDone)
 <LI><a href="#[9]">SysTick_Handler</a> from stm32wbxx_it.o(.text.SysTick_Handler) referenced from startup_stm32wb55xx_cm4.o(RESET)
 <LI><a href="#[4a]">SystemInit</a> from system_stm32wbxx.o(.text.SystemInit) referenced from startup_stm32wb55xx_cm4.o(.text)
 <LI><a href="#[c]">TAMP_STAMP_LSECSS_IRQHandler</a> from startup_stm32wb55xx_cm4.o(.text) referenced from startup_stm32wb55xx_cm4.o(RESET)
 <LI><a href="#[22]">TIM1_BRK_IRQHandler</a> from startup_stm32wb55xx_cm4.o(.text) referenced from startup_stm32wb55xx_cm4.o(RESET)
 <LI><a href="#[25]">TIM1_CC_IRQHandler</a> from startup_stm32wb55xx_cm4.o(.text) referenced from startup_stm32wb55xx_cm4.o(RESET)
 <LI><a href="#[24]">TIM1_TRG_COM_TIM17_IRQHandler</a> from startup_stm32wb55xx_cm4.o(.text) referenced from startup_stm32wb55xx_cm4.o(RESET)
 <LI><a href="#[23]">TIM1_UP_TIM16_IRQHandler</a> from startup_stm32wb55xx_cm4.o(.text) referenced from startup_stm32wb55xx_cm4.o(RESET)
 <LI><a href="#[26]">TIM2_IRQHandler</a> from startup_stm32wb55xx_cm4.o(.text) referenced from startup_stm32wb55xx_cm4.o(RESET)
 <LI><a href="#[58]">TL_BLE_Init</a> from tl_mbox.o(.text.TL_BLE_Init) referenced 2 times from hci_tl_if.o(.text.hci_register_io_bus)
 <LI><a href="#[59]">TL_BLE_SendCmd</a> from tl_mbox.o(.text.TL_BLE_SendCmd) referenced 2 times from hci_tl_if.o(.text.hci_register_io_bus)
 <LI><a href="#[5c]">TL_SYS_Init</a> from tl_mbox.o(.text.TL_SYS_Init) referenced 2 times from shci_tl_if.o(.text.shci_register_io_bus)
 <LI><a href="#[5d]">TL_SYS_SendCmd</a> from tl_mbox.o(.text.TL_SYS_SendCmd) referenced 2 times from shci_tl_if.o(.text.shci_register_io_bus)
 <LI><a href="#[31]">TSC_IRQHandler</a> from startup_stm32wb55xx_cm4.o(.text) referenced from startup_stm32wb55xx_cm4.o(RESET)
 <LI><a href="#[5a]">TlCmdEvtReceived</a> from shci_tl.o(.text.TlCmdEvtReceived) referenced 2 times from shci_tl.o(.text.shci_init)
 <LI><a href="#[57]">TlEvtReceived</a> from hci_tl.o(.text.TlEvtReceived) referenced 2 times from hci_tl.o(.text.hci_init)
 <LI><a href="#[5b]">TlUserEvtReceived</a> from shci_tl.o(.text.TlUserEvtReceived) referenced 2 times from shci_tl.o(.text.shci_init)
 <LI><a href="#[2e]">USART1_IRQHandler</a> from startup_stm32wb55xx_cm4.o(.text) referenced from startup_stm32wb55xx_cm4.o(RESET)
 <LI><a href="#[1d]">USB_HP_IRQHandler</a> from startup_stm32wb55xx_cm4.o(.text) referenced from startup_stm32wb55xx_cm4.o(RESET)
 <LI><a href="#[1e]">USB_LP_IRQHandler</a> from startup_stm32wb55xx_cm4.o(.text) referenced from startup_stm32wb55xx_cm4.o(RESET)
 <LI><a href="#[5]">UsageFault_Handler</a> from stm32wbxx_it.o(.text.UsageFault_Handler) referenced from startup_stm32wb55xx_cm4.o(RESET)
 <LI><a href="#[a]">WWDG_IRQHandler</a> from startup_stm32wb55xx_cm4.o(.text) referenced from startup_stm32wb55xx_cm4.o(RESET)
 <LI><a href="#[4b]">__main</a> from entry.o(.ARM.Collect$$$$00000000) referenced from startup_stm32wb55xx_cm4.o(.text)
 <LI><a href="#[4e]">hci_user_evt_proc</a> from hci_tl.o(.text.hci_user_evt_proc) referenced 2 times from app_ble.o(.text.APP_BLE_Init)
 <LI><a href="#[49]">main</a> from main.o(.text.main) referenced from entry9a.o(.ARM.Collect$$$$0000000B)
 <LI><a href="#[52]">shci_user_evt_proc</a> from shci_tl.o(.text.shci_user_evt_proc) referenced 2 times from app_entry.o(.text.MX_APPE_Init)
</UL>
<P>
<H3>
Global Symbols
</H3>
<P><STRONG><a name="[4b]"></a>__main</STRONG> (Thumb, 0 bytes, Stack size unknown bytes, entry.o(.ARM.Collect$$$$00000000))
<BR>[Address Reference Count : 1]<UL><LI> startup_stm32wb55xx_cm4.o(.text)
</UL>
<P><STRONG><a name="[f1]"></a>_main_stk</STRONG> (Thumb, 0 bytes, Stack size unknown bytes, entry2.o(.ARM.Collect$$$$00000001))

<P><STRONG><a name="[5e]"></a>_main_scatterload</STRONG> (Thumb, 0 bytes, Stack size unknown bytes, entry5.o(.ARM.Collect$$$$00000004))
<BR><BR>[Calls]<UL><LI><a href="#[5f]">&gt;&gt;</a>&nbsp;&nbsp;&nbsp;__scatterload
</UL>

<P><STRONG><a name="[63]"></a>__main_after_scatterload</STRONG> (Thumb, 0 bytes, Stack size unknown bytes, entry5.o(.ARM.Collect$$$$00000004))
<BR><BR>[Called By]<UL><LI><a href="#[5f]">&gt;&gt;</a>&nbsp;&nbsp;&nbsp;__scatterload
</UL>

<P><STRONG><a name="[f2]"></a>_main_clock</STRONG> (Thumb, 0 bytes, Stack size unknown bytes, entry7b.o(.ARM.Collect$$$$00000008))

<P><STRONG><a name="[f3]"></a>_main_cpp_init</STRONG> (Thumb, 0 bytes, Stack size unknown bytes, entry8b.o(.ARM.Collect$$$$0000000A))

<P><STRONG><a name="[f4]"></a>_main_init</STRONG> (Thumb, 0 bytes, Stack size unknown bytes, entry9a.o(.ARM.Collect$$$$0000000B))

<P><STRONG><a name="[f5]"></a>__rt_final_cpp</STRONG> (Thumb, 0 bytes, Stack size unknown bytes, entry10a.o(.ARM.Collect$$$$0000000D))

<P><STRONG><a name="[f6]"></a>__rt_final_exit</STRONG> (Thumb, 0 bytes, Stack size unknown bytes, entry11a.o(.ARM.Collect$$$$0000000F))

<P><STRONG><a name="[0]"></a>Reset_Handler</STRONG> (Thumb, 8 bytes, Stack size 0 bytes, startup_stm32wb55xx_cm4.o(.text))
<BR>[Address Reference Count : 1]<UL><LI> startup_stm32wb55xx_cm4.o(RESET)
</UL>
<P><STRONG><a name="[1c]"></a>ADC1_IRQHandler</STRONG> (Thumb, 0 bytes, Stack size 0 bytes, startup_stm32wb55xx_cm4.o(.text))
<BR><BR>[Calls]<UL><LI><a href="#[1c]">&gt;&gt;</a>&nbsp;&nbsp;&nbsp;ADC1_IRQHandler
</UL>
<BR>[Called By]<UL><LI><a href="#[1c]">&gt;&gt;</a>&nbsp;&nbsp;&nbsp;ADC1_IRQHandler
</UL>
<BR>[Address Reference Count : 1]<UL><LI> startup_stm32wb55xx_cm4.o(RESET)
</UL>
<P><STRONG><a name="[3d]"></a>AES1_IRQHandler</STRONG> (Thumb, 0 bytes, Stack size 0 bytes, startup_stm32wb55xx_cm4.o(.text))
<BR>[Address Reference Count : 1]<UL><LI> startup_stm32wb55xx_cm4.o(RESET)
</UL>
<P><STRONG><a name="[3e]"></a>AES2_IRQHandler</STRONG> (Thumb, 0 bytes, Stack size 0 bytes, startup_stm32wb55xx_cm4.o(.text))
<BR>[Address Reference Count : 1]<UL><LI> startup_stm32wb55xx_cm4.o(RESET)
</UL>
<P><STRONG><a name="[1f]"></a>C2SEV_PWR_C2H_IRQHandler</STRONG> (Thumb, 0 bytes, Stack size 0 bytes, startup_stm32wb55xx_cm4.o(.text))
<BR>[Address Reference Count : 1]<UL><LI> startup_stm32wb55xx_cm4.o(RESET)
</UL>
<P><STRONG><a name="[20]"></a>COMP_IRQHandler</STRONG> (Thumb, 0 bytes, Stack size 0 bytes, startup_stm32wb55xx_cm4.o(.text))
<BR>[Address Reference Count : 1]<UL><LI> startup_stm32wb55xx_cm4.o(RESET)
</UL>
<P><STRONG><a name="[34]"></a>CRS_IRQHandler</STRONG> (Thumb, 0 bytes, Stack size 0 bytes, startup_stm32wb55xx_cm4.o(.text))
<BR>[Address Reference Count : 1]<UL><LI> startup_stm32wb55xx_cm4.o(RESET)
</UL>
<P><STRONG><a name="[15]"></a>DMA1_Channel1_IRQHandler</STRONG> (Thumb, 0 bytes, Stack size 0 bytes, startup_stm32wb55xx_cm4.o(.text))
<BR>[Address Reference Count : 1]<UL><LI> startup_stm32wb55xx_cm4.o(RESET)
</UL>
<P><STRONG><a name="[16]"></a>DMA1_Channel2_IRQHandler</STRONG> (Thumb, 0 bytes, Stack size 0 bytes, startup_stm32wb55xx_cm4.o(.text))
<BR>[Address Reference Count : 1]<UL><LI> startup_stm32wb55xx_cm4.o(RESET)
</UL>
<P><STRONG><a name="[17]"></a>DMA1_Channel3_IRQHandler</STRONG> (Thumb, 0 bytes, Stack size 0 bytes, startup_stm32wb55xx_cm4.o(.text))
<BR>[Address Reference Count : 1]<UL><LI> startup_stm32wb55xx_cm4.o(RESET)
</UL>
<P><STRONG><a name="[18]"></a>DMA1_Channel4_IRQHandler</STRONG> (Thumb, 0 bytes, Stack size 0 bytes, startup_stm32wb55xx_cm4.o(.text))
<BR>[Address Reference Count : 1]<UL><LI> startup_stm32wb55xx_cm4.o(RESET)
</UL>
<P><STRONG><a name="[19]"></a>DMA1_Channel5_IRQHandler</STRONG> (Thumb, 0 bytes, Stack size 0 bytes, startup_stm32wb55xx_cm4.o(.text))
<BR>[Address Reference Count : 1]<UL><LI> startup_stm32wb55xx_cm4.o(RESET)
</UL>
<P><STRONG><a name="[1a]"></a>DMA1_Channel6_IRQHandler</STRONG> (Thumb, 0 bytes, Stack size 0 bytes, startup_stm32wb55xx_cm4.o(.text))
<BR>[Address Reference Count : 1]<UL><LI> startup_stm32wb55xx_cm4.o(RESET)
</UL>
<P><STRONG><a name="[1b]"></a>DMA1_Channel7_IRQHandler</STRONG> (Thumb, 0 bytes, Stack size 0 bytes, startup_stm32wb55xx_cm4.o(.text))
<BR>[Address Reference Count : 1]<UL><LI> startup_stm32wb55xx_cm4.o(RESET)
</UL>
<P><STRONG><a name="[41]"></a>DMA2_Channel1_IRQHandler</STRONG> (Thumb, 0 bytes, Stack size 0 bytes, startup_stm32wb55xx_cm4.o(.text))
<BR>[Address Reference Count : 1]<UL><LI> startup_stm32wb55xx_cm4.o(RESET)
</UL>
<P><STRONG><a name="[42]"></a>DMA2_Channel2_IRQHandler</STRONG> (Thumb, 0 bytes, Stack size 0 bytes, startup_stm32wb55xx_cm4.o(.text))
<BR>[Address Reference Count : 1]<UL><LI> startup_stm32wb55xx_cm4.o(RESET)
</UL>
<P><STRONG><a name="[43]"></a>DMA2_Channel3_IRQHandler</STRONG> (Thumb, 0 bytes, Stack size 0 bytes, startup_stm32wb55xx_cm4.o(.text))
<BR>[Address Reference Count : 1]<UL><LI> startup_stm32wb55xx_cm4.o(RESET)
</UL>
<P><STRONG><a name="[44]"></a>DMA2_Channel4_IRQHandler</STRONG> (Thumb, 0 bytes, Stack size 0 bytes, startup_stm32wb55xx_cm4.o(.text))
<BR>[Address Reference Count : 1]<UL><LI> startup_stm32wb55xx_cm4.o(RESET)
</UL>
<P><STRONG><a name="[45]"></a>DMA2_Channel5_IRQHandler</STRONG> (Thumb, 0 bytes, Stack size 0 bytes, startup_stm32wb55xx_cm4.o(.text))
<BR>[Address Reference Count : 1]<UL><LI> startup_stm32wb55xx_cm4.o(RESET)
</UL>
<P><STRONG><a name="[46]"></a>DMA2_Channel6_IRQHandler</STRONG> (Thumb, 0 bytes, Stack size 0 bytes, startup_stm32wb55xx_cm4.o(.text))
<BR>[Address Reference Count : 1]<UL><LI> startup_stm32wb55xx_cm4.o(RESET)
</UL>
<P><STRONG><a name="[47]"></a>DMA2_Channel7_IRQHandler</STRONG> (Thumb, 0 bytes, Stack size 0 bytes, startup_stm32wb55xx_cm4.o(.text))
<BR>[Address Reference Count : 1]<UL><LI> startup_stm32wb55xx_cm4.o(RESET)
</UL>
<P><STRONG><a name="[48]"></a>DMAMUX1_OVR_IRQHandler</STRONG> (Thumb, 0 bytes, Stack size 0 bytes, startup_stm32wb55xx_cm4.o(.text))
<BR>[Address Reference Count : 1]<UL><LI> startup_stm32wb55xx_cm4.o(RESET)
</UL>
<P><STRONG><a name="[10]"></a>EXTI0_IRQHandler</STRONG> (Thumb, 0 bytes, Stack size 0 bytes, startup_stm32wb55xx_cm4.o(.text))
<BR>[Address Reference Count : 1]<UL><LI> startup_stm32wb55xx_cm4.o(RESET)
</UL>
<P><STRONG><a name="[32]"></a>EXTI15_10_IRQHandler</STRONG> (Thumb, 0 bytes, Stack size 0 bytes, startup_stm32wb55xx_cm4.o(.text))
<BR>[Address Reference Count : 1]<UL><LI> startup_stm32wb55xx_cm4.o(RESET)
</UL>
<P><STRONG><a name="[11]"></a>EXTI1_IRQHandler</STRONG> (Thumb, 0 bytes, Stack size 0 bytes, startup_stm32wb55xx_cm4.o(.text))
<BR>[Address Reference Count : 1]<UL><LI> startup_stm32wb55xx_cm4.o(RESET)
</UL>
<P><STRONG><a name="[12]"></a>EXTI2_IRQHandler</STRONG> (Thumb, 0 bytes, Stack size 0 bytes, startup_stm32wb55xx_cm4.o(.text))
<BR>[Address Reference Count : 1]<UL><LI> startup_stm32wb55xx_cm4.o(RESET)
</UL>
<P><STRONG><a name="[13]"></a>EXTI3_IRQHandler</STRONG> (Thumb, 0 bytes, Stack size 0 bytes, startup_stm32wb55xx_cm4.o(.text))
<BR>[Address Reference Count : 1]<UL><LI> startup_stm32wb55xx_cm4.o(RESET)
</UL>
<P><STRONG><a name="[14]"></a>EXTI4_IRQHandler</STRONG> (Thumb, 0 bytes, Stack size 0 bytes, startup_stm32wb55xx_cm4.o(.text))
<BR>[Address Reference Count : 1]<UL><LI> startup_stm32wb55xx_cm4.o(RESET)
</UL>
<P><STRONG><a name="[21]"></a>EXTI9_5_IRQHandler</STRONG> (Thumb, 0 bytes, Stack size 0 bytes, startup_stm32wb55xx_cm4.o(.text))
<BR>[Address Reference Count : 1]<UL><LI> startup_stm32wb55xx_cm4.o(RESET)
</UL>
<P><STRONG><a name="[e]"></a>FLASH_IRQHandler</STRONG> (Thumb, 0 bytes, Stack size 0 bytes, startup_stm32wb55xx_cm4.o(.text))
<BR>[Address Reference Count : 1]<UL><LI> startup_stm32wb55xx_cm4.o(RESET)
</UL>
<P><STRONG><a name="[40]"></a>FPU_IRQHandler</STRONG> (Thumb, 0 bytes, Stack size 0 bytes, startup_stm32wb55xx_cm4.o(.text))
<BR>[Address Reference Count : 1]<UL><LI> startup_stm32wb55xx_cm4.o(RESET)
</UL>
<P><STRONG><a name="[29]"></a>I2C1_ER_IRQHandler</STRONG> (Thumb, 0 bytes, Stack size 0 bytes, startup_stm32wb55xx_cm4.o(.text))
<BR>[Address Reference Count : 1]<UL><LI> startup_stm32wb55xx_cm4.o(RESET)
</UL>
<P><STRONG><a name="[28]"></a>I2C1_EV_IRQHandler</STRONG> (Thumb, 0 bytes, Stack size 0 bytes, startup_stm32wb55xx_cm4.o(.text))
<BR>[Address Reference Count : 1]<UL><LI> startup_stm32wb55xx_cm4.o(RESET)
</UL>
<P><STRONG><a name="[2b]"></a>I2C3_ER_IRQHandler</STRONG> (Thumb, 0 bytes, Stack size 0 bytes, startup_stm32wb55xx_cm4.o(.text))
<BR>[Address Reference Count : 1]<UL><LI> startup_stm32wb55xx_cm4.o(RESET)
</UL>
<P><STRONG><a name="[2a]"></a>I2C3_EV_IRQHandler</STRONG> (Thumb, 0 bytes, Stack size 0 bytes, startup_stm32wb55xx_cm4.o(.text))
<BR>[Address Reference Count : 1]<UL><LI> startup_stm32wb55xx_cm4.o(RESET)
</UL>
<P><STRONG><a name="[3b]"></a>LCD_IRQHandler</STRONG> (Thumb, 0 bytes, Stack size 0 bytes, startup_stm32wb55xx_cm4.o(.text))
<BR>[Address Reference Count : 1]<UL><LI> startup_stm32wb55xx_cm4.o(RESET)
</UL>
<P><STRONG><a name="[39]"></a>LPTIM1_IRQHandler</STRONG> (Thumb, 0 bytes, Stack size 0 bytes, startup_stm32wb55xx_cm4.o(.text))
<BR>[Address Reference Count : 1]<UL><LI> startup_stm32wb55xx_cm4.o(RESET)
</UL>
<P><STRONG><a name="[3a]"></a>LPTIM2_IRQHandler</STRONG> (Thumb, 0 bytes, Stack size 0 bytes, startup_stm32wb55xx_cm4.o(.text))
<BR>[Address Reference Count : 1]<UL><LI> startup_stm32wb55xx_cm4.o(RESET)
</UL>
<P><STRONG><a name="[2f]"></a>LPUART1_IRQHandler</STRONG> (Thumb, 0 bytes, Stack size 0 bytes, startup_stm32wb55xx_cm4.o(.text))
<BR>[Address Reference Count : 1]<UL><LI> startup_stm32wb55xx_cm4.o(RESET)
</UL>
<P><STRONG><a name="[27]"></a>PKA_IRQHandler</STRONG> (Thumb, 0 bytes, Stack size 0 bytes, startup_stm32wb55xx_cm4.o(.text))
<BR>[Address Reference Count : 1]<UL><LI> startup_stm32wb55xx_cm4.o(RESET)
</UL>
<P><STRONG><a name="[b]"></a>PVD_PVM_IRQHandler</STRONG> (Thumb, 0 bytes, Stack size 0 bytes, startup_stm32wb55xx_cm4.o(.text))
<BR>[Address Reference Count : 1]<UL><LI> startup_stm32wb55xx_cm4.o(RESET)
</UL>
<P><STRONG><a name="[35]"></a>PWR_SOTF_BLEACT_802ACT_RFPHASE_IRQHandler</STRONG> (Thumb, 0 bytes, Stack size 0 bytes, startup_stm32wb55xx_cm4.o(.text))
<BR>[Address Reference Count : 1]<UL><LI> startup_stm32wb55xx_cm4.o(RESET)
</UL>
<P><STRONG><a name="[3c]"></a>QUADSPI_IRQHandler</STRONG> (Thumb, 0 bytes, Stack size 0 bytes, startup_stm32wb55xx_cm4.o(.text))
<BR>[Address Reference Count : 1]<UL><LI> startup_stm32wb55xx_cm4.o(RESET)
</UL>
<P><STRONG><a name="[f]"></a>RCC_IRQHandler</STRONG> (Thumb, 0 bytes, Stack size 0 bytes, startup_stm32wb55xx_cm4.o(.text))
<BR>[Address Reference Count : 1]<UL><LI> startup_stm32wb55xx_cm4.o(RESET)
</UL>
<P><STRONG><a name="[3f]"></a>RNG_IRQHandler</STRONG> (Thumb, 0 bytes, Stack size 0 bytes, startup_stm32wb55xx_cm4.o(.text))
<BR>[Address Reference Count : 1]<UL><LI> startup_stm32wb55xx_cm4.o(RESET)
</UL>
<P><STRONG><a name="[33]"></a>RTC_Alarm_IRQHandler</STRONG> (Thumb, 0 bytes, Stack size 0 bytes, startup_stm32wb55xx_cm4.o(.text))
<BR>[Address Reference Count : 1]<UL><LI> startup_stm32wb55xx_cm4.o(RESET)
</UL>
<P><STRONG><a name="[d]"></a>RTC_WKUP_IRQHandler</STRONG> (Thumb, 0 bytes, Stack size 0 bytes, startup_stm32wb55xx_cm4.o(.text))
<BR>[Address Reference Count : 1]<UL><LI> startup_stm32wb55xx_cm4.o(RESET)
</UL>
<P><STRONG><a name="[30]"></a>SAI1_IRQHandler</STRONG> (Thumb, 0 bytes, Stack size 0 bytes, startup_stm32wb55xx_cm4.o(.text))
<BR>[Address Reference Count : 1]<UL><LI> startup_stm32wb55xx_cm4.o(RESET)
</UL>
<P><STRONG><a name="[2c]"></a>SPI1_IRQHandler</STRONG> (Thumb, 0 bytes, Stack size 0 bytes, startup_stm32wb55xx_cm4.o(.text))
<BR>[Address Reference Count : 1]<UL><LI> startup_stm32wb55xx_cm4.o(RESET)
</UL>
<P><STRONG><a name="[2d]"></a>SPI2_IRQHandler</STRONG> (Thumb, 0 bytes, Stack size 0 bytes, startup_stm32wb55xx_cm4.o(.text))
<BR>[Address Reference Count : 1]<UL><LI> startup_stm32wb55xx_cm4.o(RESET)
</UL>
<P><STRONG><a name="[c]"></a>TAMP_STAMP_LSECSS_IRQHandler</STRONG> (Thumb, 0 bytes, Stack size 0 bytes, startup_stm32wb55xx_cm4.o(.text))
<BR>[Address Reference Count : 1]<UL><LI> startup_stm32wb55xx_cm4.o(RESET)
</UL>
<P><STRONG><a name="[22]"></a>TIM1_BRK_IRQHandler</STRONG> (Thumb, 0 bytes, Stack size 0 bytes, startup_stm32wb55xx_cm4.o(.text))
<BR>[Address Reference Count : 1]<UL><LI> startup_stm32wb55xx_cm4.o(RESET)
</UL>
<P><STRONG><a name="[25]"></a>TIM1_CC_IRQHandler</STRONG> (Thumb, 0 bytes, Stack size 0 bytes, startup_stm32wb55xx_cm4.o(.text))
<BR>[Address Reference Count : 1]<UL><LI> startup_stm32wb55xx_cm4.o(RESET)
</UL>
<P><STRONG><a name="[24]"></a>TIM1_TRG_COM_TIM17_IRQHandler</STRONG> (Thumb, 0 bytes, Stack size 0 bytes, startup_stm32wb55xx_cm4.o(.text))
<BR>[Address Reference Count : 1]<UL><LI> startup_stm32wb55xx_cm4.o(RESET)
</UL>
<P><STRONG><a name="[23]"></a>TIM1_UP_TIM16_IRQHandler</STRONG> (Thumb, 0 bytes, Stack size 0 bytes, startup_stm32wb55xx_cm4.o(.text))
<BR>[Address Reference Count : 1]<UL><LI> startup_stm32wb55xx_cm4.o(RESET)
</UL>
<P><STRONG><a name="[26]"></a>TIM2_IRQHandler</STRONG> (Thumb, 0 bytes, Stack size 0 bytes, startup_stm32wb55xx_cm4.o(.text))
<BR>[Address Reference Count : 1]<UL><LI> startup_stm32wb55xx_cm4.o(RESET)
</UL>
<P><STRONG><a name="[31]"></a>TSC_IRQHandler</STRONG> (Thumb, 0 bytes, Stack size 0 bytes, startup_stm32wb55xx_cm4.o(.text))
<BR>[Address Reference Count : 1]<UL><LI> startup_stm32wb55xx_cm4.o(RESET)
</UL>
<P><STRONG><a name="[2e]"></a>USART1_IRQHandler</STRONG> (Thumb, 0 bytes, Stack size 0 bytes, startup_stm32wb55xx_cm4.o(.text))
<BR>[Address Reference Count : 1]<UL><LI> startup_stm32wb55xx_cm4.o(RESET)
</UL>
<P><STRONG><a name="[1d]"></a>USB_HP_IRQHandler</STRONG> (Thumb, 0 bytes, Stack size 0 bytes, startup_stm32wb55xx_cm4.o(.text))
<BR>[Address Reference Count : 1]<UL><LI> startup_stm32wb55xx_cm4.o(RESET)
</UL>
<P><STRONG><a name="[1e]"></a>USB_LP_IRQHandler</STRONG> (Thumb, 0 bytes, Stack size 0 bytes, startup_stm32wb55xx_cm4.o(.text))
<BR>[Address Reference Count : 1]<UL><LI> startup_stm32wb55xx_cm4.o(RESET)
</UL>
<P><STRONG><a name="[a]"></a>WWDG_IRQHandler</STRONG> (Thumb, 0 bytes, Stack size 0 bytes, startup_stm32wb55xx_cm4.o(.text))
<BR>[Address Reference Count : 1]<UL><LI> startup_stm32wb55xx_cm4.o(RESET)
</UL>
<P><STRONG><a name="[b4]"></a>__aeabi_memcpy</STRONG> (Thumb, 36 bytes, Stack size 0 bytes, memcpya.o(.text))
<BR><BR>[Called By]<UL><LI><a href="#[e7]">&gt;&gt;</a>&nbsp;&nbsp;&nbsp;hci_send_req
<LI><a href="#[b3]">&gt;&gt;</a>&nbsp;&nbsp;&nbsp;Osal_MemCpy
<LI><a href="#[b7]">&gt;&gt;</a>&nbsp;&nbsp;&nbsp;shci_send
</UL>

<P><STRONG><a name="[f7]"></a>__aeabi_memcpy4</STRONG> (Thumb, 0 bytes, Stack size 0 bytes, memcpya.o(.text), UNUSED)

<P><STRONG><a name="[f8]"></a>__aeabi_memcpy8</STRONG> (Thumb, 0 bytes, Stack size 0 bytes, memcpya.o(.text), UNUSED)

<P><STRONG><a name="[61]"></a>__aeabi_memset</STRONG> (Thumb, 14 bytes, Stack size 0 bytes, memseta.o(.text))
<BR><BR>[Called By]<UL><LI><a href="#[b5]">&gt;&gt;</a>&nbsp;&nbsp;&nbsp;Osal_MemSet
<LI><a href="#[62]">&gt;&gt;</a>&nbsp;&nbsp;&nbsp;_memset$wrapper
<LI><a href="#[60]">&gt;&gt;</a>&nbsp;&nbsp;&nbsp;__aeabi_memclr
</UL>

<P><STRONG><a name="[f9]"></a>__aeabi_memset4</STRONG> (Thumb, 0 bytes, Stack size 0 bytes, memseta.o(.text), UNUSED)

<P><STRONG><a name="[fa]"></a>__aeabi_memset8</STRONG> (Thumb, 0 bytes, Stack size 0 bytes, memseta.o(.text), UNUSED)

<P><STRONG><a name="[60]"></a>__aeabi_memclr</STRONG> (Thumb, 4 bytes, Stack size 0 bytes, memseta.o(.text), UNUSED)
<BR><BR>[Calls]<UL><LI><a href="#[61]">&gt;&gt;</a>&nbsp;&nbsp;&nbsp;__aeabi_memset
</UL>

<P><STRONG><a name="[99]"></a>__aeabi_memclr4</STRONG> (Thumb, 0 bytes, Stack size 0 bytes, memseta.o(.text))
<BR><BR>[Called By]<UL><LI><a href="#[98]">&gt;&gt;</a>&nbsp;&nbsp;&nbsp;HAL_RTC_MspInit
<LI><a href="#[49]">&gt;&gt;</a>&nbsp;&nbsp;&nbsp;main
</UL>

<P><STRONG><a name="[fb]"></a>__aeabi_memclr8</STRONG> (Thumb, 0 bytes, Stack size 0 bytes, memseta.o(.text), UNUSED)

<P><STRONG><a name="[62]"></a>_memset$wrapper</STRONG> (Thumb, 18 bytes, Stack size 8 bytes, memseta.o(.text), UNUSED)
<BR><BR>[Calls]<UL><LI><a href="#[61]">&gt;&gt;</a>&nbsp;&nbsp;&nbsp;__aeabi_memset
</UL>

<P><STRONG><a name="[5f]"></a>__scatterload</STRONG> (Thumb, 28 bytes, Stack size 0 bytes, init.o(.text))
<BR><BR>[Calls]<UL><LI><a href="#[63]">&gt;&gt;</a>&nbsp;&nbsp;&nbsp;__main_after_scatterload
</UL>
<BR>[Called By]<UL><LI><a href="#[5e]">&gt;&gt;</a>&nbsp;&nbsp;&nbsp;_main_scatterload
</UL>

<P><STRONG><a name="[fc]"></a>__scatterload_rt2</STRONG> (Thumb, 0 bytes, Stack size 0 bytes, init.o(.text), UNUSED)

<P><STRONG><a name="[fd]"></a>__decompress</STRONG> (Thumb, 0 bytes, Stack size unknown bytes, __dczerorl.o(.text), UNUSED)

<P><STRONG><a name="[fe]"></a>__decompress0</STRONG> (Thumb, 58 bytes, Stack size unknown bytes, __dczerorl.o(.text), UNUSED)

<P><STRONG><a name="[64]"></a>APPD_EnableCPU2</STRONG> (Thumb, 60 bytes, Stack size 40 bytes, app_debug.o(.text.APPD_EnableCPU2))
<BR><BR>[Stack]<UL><LI>Max Depth = 160<LI>Call Chain = APPD_EnableCPU2 &rArr; SHCI_C2_DEBUG_Init &rArr; shci_send &rArr; shci_cmd_resp_wait &rArr; UTIL_SEQ_WaitEvt &rArr; UTIL_SEQ_EvtIdle &rArr; UTIL_SEQ_Run
</UL>
<BR>[Calls]<UL><LI><a href="#[66]">&gt;&gt;</a>&nbsp;&nbsp;&nbsp;SHCI_C2_DEBUG_Init
<LI><a href="#[65]">&gt;&gt;</a>&nbsp;&nbsp;&nbsp;TL_TRACES_Init
</UL>
<BR>[Called By]<UL><LI><a href="#[54]">&gt;&gt;</a>&nbsp;&nbsp;&nbsp;APPE_SysUserEvtRx
</UL>

<P><STRONG><a name="[69]"></a>APP_BLE_Init</STRONG> (Thumb, 488 bytes, Stack size 136 bytes, app_ble.o(.text.APP_BLE_Init))
<BR><BR>[Stack]<UL><LI>Max Depth = 624<LI>Call Chain = APP_BLE_Init &rArr; SVCCTL_Init &rArr; SVCCTL_SvcInit &rArr; SVCCTL_InitCustomSvc &rArr; aci_gatt_add_char &rArr; hci_send_req &rArr; hci_cmd_resp_wait &rArr; UTIL_SEQ_WaitEvt &rArr; UTIL_SEQ_EvtIdle &rArr; UTIL_SEQ_Run
</UL>
<BR>[Calls]<UL><LI><a href="#[7d]">&gt;&gt;</a>&nbsp;&nbsp;&nbsp;aci_gap_update_adv_data
<LI><a href="#[7c]">&gt;&gt;</a>&nbsp;&nbsp;&nbsp;aci_gap_set_discoverable
<LI><a href="#[7b]">&gt;&gt;</a>&nbsp;&nbsp;&nbsp;Custom_APP_Init
<LI><a href="#[7a]">&gt;&gt;</a>&nbsp;&nbsp;&nbsp;aci_hal_set_radio_activity_mask
<LI><a href="#[79]">&gt;&gt;</a>&nbsp;&nbsp;&nbsp;SVCCTL_Init
<LI><a href="#[78]">&gt;&gt;</a>&nbsp;&nbsp;&nbsp;aci_gap_set_authentication_requirement
<LI><a href="#[77]">&gt;&gt;</a>&nbsp;&nbsp;&nbsp;aci_gap_set_io_capability
<LI><a href="#[76]">&gt;&gt;</a>&nbsp;&nbsp;&nbsp;hci_le_set_default_phy
<LI><a href="#[75]">&gt;&gt;</a>&nbsp;&nbsp;&nbsp;aci_gatt_update_char_value
<LI><a href="#[74]">&gt;&gt;</a>&nbsp;&nbsp;&nbsp;aci_gap_init
<LI><a href="#[73]">&gt;&gt;</a>&nbsp;&nbsp;&nbsp;aci_gatt_init
<LI><a href="#[72]">&gt;&gt;</a>&nbsp;&nbsp;&nbsp;aci_hal_set_tx_power_level
<LI><a href="#[71]">&gt;&gt;</a>&nbsp;&nbsp;&nbsp;aci_hal_write_config_data
<LI><a href="#[6f]">&gt;&gt;</a>&nbsp;&nbsp;&nbsp;hci_reset
<LI><a href="#[6d]">&gt;&gt;</a>&nbsp;&nbsp;&nbsp;SHCI_C2_BLE_Init
<LI><a href="#[6b]">&gt;&gt;</a>&nbsp;&nbsp;&nbsp;hci_init
<LI><a href="#[6a]">&gt;&gt;</a>&nbsp;&nbsp;&nbsp;UTIL_LPM_SetOffMode
<LI><a href="#[6c]">&gt;&gt;</a>&nbsp;&nbsp;&nbsp;UTIL_SEQ_RegTask
<LI><a href="#[70]">&gt;&gt;</a>&nbsp;&nbsp;&nbsp;OTP_Read
<LI><a href="#[6e]">&gt;&gt;</a>&nbsp;&nbsp;&nbsp;Error_Handler
</UL>
<BR>[Called By]<UL><LI><a href="#[54]">&gt;&gt;</a>&nbsp;&nbsp;&nbsp;APPE_SysUserEvtRx
</UL>

<P><STRONG><a name="[c2]"></a>BAS_Init</STRONG> (Thumb, 2 bytes, Stack size 0 bytes, svc_ctl.o(.text.BAS_Init))
<BR><BR>[Called By]<UL><LI><a href="#[bd]">&gt;&gt;</a>&nbsp;&nbsp;&nbsp;SVCCTL_SvcInit
</UL>

<P><STRONG><a name="[c3]"></a>BLS_Init</STRONG> (Thumb, 2 bytes, Stack size 0 bytes, svc_ctl.o(.text.BLS_Init))
<BR><BR>[Called By]<UL><LI><a href="#[bd]">&gt;&gt;</a>&nbsp;&nbsp;&nbsp;SVCCTL_SvcInit
</UL>

<P><STRONG><a name="[d1]"></a>BVOPUS_STM_Init</STRONG> (Thumb, 2 bytes, Stack size 0 bytes, svc_ctl.o(.text.BVOPUS_STM_Init))
<BR><BR>[Called By]<UL><LI><a href="#[bd]">&gt;&gt;</a>&nbsp;&nbsp;&nbsp;SVCCTL_SvcInit
</UL>

<P><STRONG><a name="[4]"></a>BusFault_Handler</STRONG> (Thumb, 2 bytes, Stack size 0 bytes, stm32wbxx_it.o(.text.BusFault_Handler))
<BR><BR>[Calls]<UL><LI><a href="#[4]">&gt;&gt;</a>&nbsp;&nbsp;&nbsp;BusFault_Handler
</UL>
<BR>[Called By]<UL><LI><a href="#[4]">&gt;&gt;</a>&nbsp;&nbsp;&nbsp;BusFault_Handler
</UL>
<BR>[Address Reference Count : 1]<UL><LI> startup_stm32wb55xx_cm4.o(RESET)
</UL>
<P><STRONG><a name="[c4]"></a>CRS_STM_Init</STRONG> (Thumb, 2 bytes, Stack size 0 bytes, svc_ctl.o(.text.CRS_STM_Init))
<BR><BR>[Called By]<UL><LI><a href="#[bd]">&gt;&gt;</a>&nbsp;&nbsp;&nbsp;SVCCTL_SvcInit
</UL>

<P><STRONG><a name="[7b]"></a>Custom_APP_Init</STRONG> (Thumb, 2 bytes, Stack size 0 bytes, custom_app.o(.text.Custom_APP_Init))
<BR><BR>[Called By]<UL><LI><a href="#[69]">&gt;&gt;</a>&nbsp;&nbsp;&nbsp;APP_BLE_Init
</UL>

<P><STRONG><a name="[b9]"></a>Custom_APP_Notification</STRONG> (Thumb, 2 bytes, Stack size 0 bytes, custom_app.o(.text.Custom_APP_Notification))
<BR><BR>[Called By]<UL><LI><a href="#[b8]">&gt;&gt;</a>&nbsp;&nbsp;&nbsp;SVCCTL_App_Notification
</UL>

<P><STRONG><a name="[82]"></a>Custom_STM_App_Notification</STRONG> (Thumb, 2 bytes, Stack size 0 bytes, custom_app.o(.text.Custom_STM_App_Notification))
<BR><BR>[Called By]<UL><LI><a href="#[55]">&gt;&gt;</a>&nbsp;&nbsp;&nbsp;Custom_STM_Event_Handler
</UL>

<P><STRONG><a name="[c5]"></a>DIS_Init</STRONG> (Thumb, 2 bytes, Stack size 0 bytes, svc_ctl.o(.text.DIS_Init))
<BR><BR>[Called By]<UL><LI><a href="#[bd]">&gt;&gt;</a>&nbsp;&nbsp;&nbsp;SVCCTL_SvcInit
</UL>

<P><STRONG><a name="[7]"></a>DebugMon_Handler</STRONG> (Thumb, 2 bytes, Stack size 0 bytes, stm32wbxx_it.o(.text.DebugMon_Handler))
<BR>[Address Reference Count : 1]<UL><LI> startup_stm32wb55xx_cm4.o(RESET)
</UL>
<P><STRONG><a name="[c6]"></a>EDS_STM_Init</STRONG> (Thumb, 2 bytes, Stack size 0 bytes, svc_ctl.o(.text.EDS_STM_Init))
<BR><BR>[Called By]<UL><LI><a href="#[bd]">&gt;&gt;</a>&nbsp;&nbsp;&nbsp;SVCCTL_SvcInit
</UL>

<P><STRONG><a name="[6e]"></a>Error_Handler</STRONG> (Thumb, 10 bytes, Stack size 0 bytes, main.o(.text.Error_Handler))
<BR><BR>[Called By]<UL><LI><a href="#[69]">&gt;&gt;</a>&nbsp;&nbsp;&nbsp;APP_BLE_Init
<LI><a href="#[98]">&gt;&gt;</a>&nbsp;&nbsp;&nbsp;HAL_RTC_MspInit
<LI><a href="#[b2]">&gt;&gt;</a>&nbsp;&nbsp;&nbsp;MX_RTC_Init
<LI><a href="#[b1]">&gt;&gt;</a>&nbsp;&nbsp;&nbsp;MX_IPCC_Init
</UL>

<P><STRONG><a name="[91]"></a>HAL_GetTick</STRONG> (Thumb, 12 bytes, Stack size 0 bytes, stm32wbxx_hal.o(.text.HAL_GetTick))
<BR><BR>[Called By]<UL><LI><a href="#[95]">&gt;&gt;</a>&nbsp;&nbsp;&nbsp;RCC_SetFlashLatencyFromMSIRange
<LI><a href="#[96]">&gt;&gt;</a>&nbsp;&nbsp;&nbsp;HAL_RTCEx_SetWakeUpTimer
<LI><a href="#[97]">&gt;&gt;</a>&nbsp;&nbsp;&nbsp;HAL_RTC_Init
<LI><a href="#[8f]">&gt;&gt;</a>&nbsp;&nbsp;&nbsp;HAL_RCCEx_PeriphCLKConfig
<LI><a href="#[92]">&gt;&gt;</a>&nbsp;&nbsp;&nbsp;HAL_RCC_ClockConfig
<LI><a href="#[94]">&gt;&gt;</a>&nbsp;&nbsp;&nbsp;HAL_RCC_OscConfig
</UL>

<P><STRONG><a name="[93]"></a>HAL_GetTickPrio</STRONG> (Thumb, 12 bytes, Stack size 0 bytes, stm32wbxx_hal.o(.text.HAL_GetTickPrio))
<BR><BR>[Called By]<UL><LI><a href="#[92]">&gt;&gt;</a>&nbsp;&nbsp;&nbsp;HAL_RCC_ClockConfig
</UL>

<P><STRONG><a name="[84]"></a>HAL_HSEM_FreeCallback</STRONG> (Thumb, 2 bytes, Stack size 0 bytes, stm32wbxx_hal_hsem.o(.text.HAL_HSEM_FreeCallback))
<BR><BR>[Called By]<UL><LI><a href="#[83]">&gt;&gt;</a>&nbsp;&nbsp;&nbsp;HAL_HSEM_IRQHandler
</UL>

<P><STRONG><a name="[83]"></a>HAL_HSEM_IRQHandler</STRONG> (Thumb, 22 bytes, Stack size 0 bytes, stm32wbxx_hal_hsem.o(.text.HAL_HSEM_IRQHandler))
<BR><BR>[Calls]<UL><LI><a href="#[84]">&gt;&gt;</a>&nbsp;&nbsp;&nbsp;HAL_HSEM_FreeCallback
</UL>
<BR>[Called By]<UL><LI><a href="#[38]">&gt;&gt;</a>&nbsp;&nbsp;&nbsp;HSEM_IRQHandler
</UL>

<P><STRONG><a name="[85]"></a>HAL_IPCC_Init</STRONG> (Thumb, 104 bytes, Stack size 8 bytes, stm32wbxx_hal_ipcc.o(.text.HAL_IPCC_Init))
<BR><BR>[Stack]<UL><LI>Max Depth = 32<LI>Call Chain = HAL_IPCC_Init &rArr; HAL_IPCC_MspInit &rArr; HAL_NVIC_SetPriority
</UL>
<BR>[Calls]<UL><LI><a href="#[86]">&gt;&gt;</a>&nbsp;&nbsp;&nbsp;HAL_IPCC_MspInit
</UL>
<BR>[Called By]<UL><LI><a href="#[b1]">&gt;&gt;</a>&nbsp;&nbsp;&nbsp;MX_IPCC_Init
</UL>

<P><STRONG><a name="[86]"></a>HAL_IPCC_MspInit</STRONG> (Thumb, 80 bytes, Stack size 16 bytes, ipcc.o(.text.HAL_IPCC_MspInit))
<BR><BR>[Stack]<UL><LI>Max Depth = 24<LI>Call Chain = HAL_IPCC_MspInit &rArr; HAL_NVIC_SetPriority
</UL>
<BR>[Calls]<UL><LI><a href="#[88]">&gt;&gt;</a>&nbsp;&nbsp;&nbsp;HAL_NVIC_EnableIRQ
<LI><a href="#[87]">&gt;&gt;</a>&nbsp;&nbsp;&nbsp;HAL_NVIC_SetPriority
</UL>
<BR>[Called By]<UL><LI><a href="#[85]">&gt;&gt;</a>&nbsp;&nbsp;&nbsp;HAL_IPCC_Init
</UL>

<P><STRONG><a name="[50]"></a>HAL_IPCC_RxCallback</STRONG> (Thumb, 2 bytes, Stack size 0 bytes, stm32wbxx_hal_ipcc.o(.text.HAL_IPCC_RxCallback))
<BR>[Address Reference Count : 1]<UL><LI> stm32wbxx_hal_ipcc.o(.text.HAL_IPCC_Init)
</UL>
<P><STRONG><a name="[51]"></a>HAL_IPCC_TxCallback</STRONG> (Thumb, 2 bytes, Stack size 0 bytes, stm32wbxx_hal_ipcc.o(.text.HAL_IPCC_TxCallback))
<BR>[Address Reference Count : 1]<UL><LI> stm32wbxx_hal_ipcc.o(.text.HAL_IPCC_Init)
</UL>
<P><STRONG><a name="[d4]"></a>HAL_IncTick</STRONG> (Thumb, 26 bytes, Stack size 0 bytes, stm32wbxx_hal.o(.text.HAL_IncTick))
<BR><BR>[Called By]<UL><LI><a href="#[9]">&gt;&gt;</a>&nbsp;&nbsp;&nbsp;SysTick_Handler
</UL>

<P><STRONG><a name="[89]"></a>HAL_Init</STRONG> (Thumb, 46 bytes, Stack size 8 bytes, stm32wbxx_hal.o(.text.HAL_Init))
<BR><BR>[Stack]<UL><LI>Max Depth = 32<LI>Call Chain = HAL_Init &rArr; HAL_InitTick &rArr; HAL_NVIC_SetPriority
</UL>
<BR>[Calls]<UL><LI><a href="#[8a]">&gt;&gt;</a>&nbsp;&nbsp;&nbsp;HAL_NVIC_SetPriorityGrouping
<LI><a href="#[8b]">&gt;&gt;</a>&nbsp;&nbsp;&nbsp;HAL_InitTick
<LI><a href="#[8c]">&gt;&gt;</a>&nbsp;&nbsp;&nbsp;HAL_MspInit
</UL>
<BR>[Called By]<UL><LI><a href="#[49]">&gt;&gt;</a>&nbsp;&nbsp;&nbsp;main
</UL>

<P><STRONG><a name="[8b]"></a>HAL_InitTick</STRONG> (Thumb, 72 bytes, Stack size 16 bytes, stm32wbxx_hal.o(.text.HAL_InitTick))
<BR><BR>[Stack]<UL><LI>Max Depth = 24<LI>Call Chain = HAL_InitTick &rArr; HAL_NVIC_SetPriority
</UL>
<BR>[Calls]<UL><LI><a href="#[8e]">&gt;&gt;</a>&nbsp;&nbsp;&nbsp;HAL_SYSTICK_Config
<LI><a href="#[8d]">&gt;&gt;</a>&nbsp;&nbsp;&nbsp;HAL_RCC_GetHCLKFreq
<LI><a href="#[87]">&gt;&gt;</a>&nbsp;&nbsp;&nbsp;HAL_NVIC_SetPriority
</UL>
<BR>[Called By]<UL><LI><a href="#[92]">&gt;&gt;</a>&nbsp;&nbsp;&nbsp;HAL_RCC_ClockConfig
<LI><a href="#[94]">&gt;&gt;</a>&nbsp;&nbsp;&nbsp;HAL_RCC_OscConfig
<LI><a href="#[89]">&gt;&gt;</a>&nbsp;&nbsp;&nbsp;HAL_Init
</UL>

<P><STRONG><a name="[8c]"></a>HAL_MspInit</STRONG> (Thumb, 50 bytes, Stack size 16 bytes, stm32wbxx_hal_msp.o(.text.HAL_MspInit))
<BR><BR>[Stack]<UL><LI>Max Depth = 24<LI>Call Chain = HAL_MspInit &rArr; HAL_NVIC_SetPriority
</UL>
<BR>[Calls]<UL><LI><a href="#[88]">&gt;&gt;</a>&nbsp;&nbsp;&nbsp;HAL_NVIC_EnableIRQ
<LI><a href="#[87]">&gt;&gt;</a>&nbsp;&nbsp;&nbsp;HAL_NVIC_SetPriority
</UL>
<BR>[Called By]<UL><LI><a href="#[89]">&gt;&gt;</a>&nbsp;&nbsp;&nbsp;HAL_Init
</UL>

<P><STRONG><a name="[a7]"></a>HAL_NVIC_ClearPendingIRQ</STRONG> (Thumb, 32 bytes, Stack size 0 bytes, stm32wbxx_hal_cortex.o(.text.HAL_NVIC_ClearPendingIRQ))
<BR><BR>[Called By]<UL><LI><a href="#[a5]">&gt;&gt;</a>&nbsp;&nbsp;&nbsp;HW_TS_Init
</UL>

<P><STRONG><a name="[88]"></a>HAL_NVIC_EnableIRQ</STRONG> (Thumb, 32 bytes, Stack size 0 bytes, stm32wbxx_hal_cortex.o(.text.HAL_NVIC_EnableIRQ))
<BR><BR>[Called By]<UL><LI><a href="#[9d]">&gt;&gt;</a>&nbsp;&nbsp;&nbsp;HW_IPCC_Init
<LI><a href="#[8c]">&gt;&gt;</a>&nbsp;&nbsp;&nbsp;HAL_MspInit
<LI><a href="#[a5]">&gt;&gt;</a>&nbsp;&nbsp;&nbsp;HW_TS_Init
<LI><a href="#[86]">&gt;&gt;</a>&nbsp;&nbsp;&nbsp;HAL_IPCC_MspInit
</UL>

<P><STRONG><a name="[a6]"></a>HAL_NVIC_SetPendingIRQ</STRONG> (Thumb, 32 bytes, Stack size 0 bytes, stm32wbxx_hal_cortex.o(.text.HAL_NVIC_SetPendingIRQ))
<BR><BR>[Called By]<UL><LI><a href="#[a5]">&gt;&gt;</a>&nbsp;&nbsp;&nbsp;HW_TS_Init
</UL>

<P><STRONG><a name="[87]"></a>HAL_NVIC_SetPriority</STRONG> (Thumb, 86 bytes, Stack size 8 bytes, stm32wbxx_hal_cortex.o(.text.HAL_NVIC_SetPriority))
<BR><BR>[Stack]<UL><LI>Max Depth = 8<LI>Call Chain = HAL_NVIC_SetPriority
</UL>
<BR>[Called By]<UL><LI><a href="#[8b]">&gt;&gt;</a>&nbsp;&nbsp;&nbsp;HAL_InitTick
<LI><a href="#[8c]">&gt;&gt;</a>&nbsp;&nbsp;&nbsp;HAL_MspInit
<LI><a href="#[a5]">&gt;&gt;</a>&nbsp;&nbsp;&nbsp;HW_TS_Init
<LI><a href="#[86]">&gt;&gt;</a>&nbsp;&nbsp;&nbsp;HAL_IPCC_MspInit
</UL>

<P><STRONG><a name="[8a]"></a>HAL_NVIC_SetPriorityGrouping</STRONG> (Thumb, 32 bytes, Stack size 0 bytes, stm32wbxx_hal_cortex.o(.text.HAL_NVIC_SetPriorityGrouping))
<BR><BR>[Called By]<UL><LI><a href="#[89]">&gt;&gt;</a>&nbsp;&nbsp;&nbsp;HAL_Init
</UL>

<P><STRONG><a name="[b6]"></a>HAL_PWREx_GetVoltageRange</STRONG> (Thumb, 16 bytes, Stack size 0 bytes, stm32wbxx_hal_pwr_ex.o(.text.HAL_PWREx_GetVoltageRange))
<BR><BR>[Called By]<UL><LI><a href="#[95]">&gt;&gt;</a>&nbsp;&nbsp;&nbsp;RCC_SetFlashLatencyFromMSIRange
</UL>

<P><STRONG><a name="[90]"></a>HAL_PWR_EnableBkUpAccess</STRONG> (Thumb, 18 bytes, Stack size 0 bytes, stm32wbxx_hal_pwr.o(.text.HAL_PWR_EnableBkUpAccess))
<BR><BR>[Called By]<UL><LI><a href="#[8f]">&gt;&gt;</a>&nbsp;&nbsp;&nbsp;HAL_RCCEx_PeriphCLKConfig
<LI><a href="#[94]">&gt;&gt;</a>&nbsp;&nbsp;&nbsp;HAL_RCC_OscConfig
<LI><a href="#[49]">&gt;&gt;</a>&nbsp;&nbsp;&nbsp;main
</UL>

<P><STRONG><a name="[8f]"></a>HAL_RCCEx_PeriphCLKConfig</STRONG> (Thumb, 1020 bytes, Stack size 32 bytes, stm32wbxx_hal_rcc_ex.o(.text.HAL_RCCEx_PeriphCLKConfig))
<BR><BR>[Stack]<UL><LI>Max Depth = 32<LI>Call Chain = HAL_RCCEx_PeriphCLKConfig
</UL>
<BR>[Calls]<UL><LI><a href="#[91]">&gt;&gt;</a>&nbsp;&nbsp;&nbsp;HAL_GetTick
<LI><a href="#[90]">&gt;&gt;</a>&nbsp;&nbsp;&nbsp;HAL_PWR_EnableBkUpAccess
</UL>
<BR>[Called By]<UL><LI><a href="#[98]">&gt;&gt;</a>&nbsp;&nbsp;&nbsp;HAL_RTC_MspInit
<LI><a href="#[49]">&gt;&gt;</a>&nbsp;&nbsp;&nbsp;main
</UL>

<P><STRONG><a name="[92]"></a>HAL_RCC_ClockConfig</STRONG> (Thumb, 536 bytes, Stack size 32 bytes, stm32wbxx_hal_rcc.o(.text.HAL_RCC_ClockConfig))
<BR><BR>[Stack]<UL><LI>Max Depth = 56<LI>Call Chain = HAL_RCC_ClockConfig &rArr; HAL_InitTick &rArr; HAL_NVIC_SetPriority
</UL>
<BR>[Calls]<UL><LI><a href="#[93]">&gt;&gt;</a>&nbsp;&nbsp;&nbsp;HAL_GetTickPrio
<LI><a href="#[8d]">&gt;&gt;</a>&nbsp;&nbsp;&nbsp;HAL_RCC_GetHCLKFreq
<LI><a href="#[8b]">&gt;&gt;</a>&nbsp;&nbsp;&nbsp;HAL_InitTick
<LI><a href="#[91]">&gt;&gt;</a>&nbsp;&nbsp;&nbsp;HAL_GetTick
</UL>
<BR>[Called By]<UL><LI><a href="#[49]">&gt;&gt;</a>&nbsp;&nbsp;&nbsp;main
</UL>

<P><STRONG><a name="[8d]"></a>HAL_RCC_GetHCLKFreq</STRONG> (Thumb, 206 bytes, Stack size 0 bytes, stm32wbxx_hal_rcc.o(.text.HAL_RCC_GetHCLKFreq))
<BR><BR>[Called By]<UL><LI><a href="#[8b]">&gt;&gt;</a>&nbsp;&nbsp;&nbsp;HAL_InitTick
<LI><a href="#[92]">&gt;&gt;</a>&nbsp;&nbsp;&nbsp;HAL_RCC_ClockConfig
<LI><a href="#[94]">&gt;&gt;</a>&nbsp;&nbsp;&nbsp;HAL_RCC_OscConfig
</UL>

<P><STRONG><a name="[94]"></a>HAL_RCC_OscConfig</STRONG> (Thumb, 1610 bytes, Stack size 24 bytes, stm32wbxx_hal_rcc.o(.text.HAL_RCC_OscConfig))
<BR><BR>[Stack]<UL><LI>Max Depth = 48<LI>Call Chain = HAL_RCC_OscConfig &rArr; HAL_InitTick &rArr; HAL_NVIC_SetPriority
</UL>
<BR>[Calls]<UL><LI><a href="#[8d]">&gt;&gt;</a>&nbsp;&nbsp;&nbsp;HAL_RCC_GetHCLKFreq
<LI><a href="#[8b]">&gt;&gt;</a>&nbsp;&nbsp;&nbsp;HAL_InitTick
<LI><a href="#[95]">&gt;&gt;</a>&nbsp;&nbsp;&nbsp;RCC_SetFlashLatencyFromMSIRange
<LI><a href="#[91]">&gt;&gt;</a>&nbsp;&nbsp;&nbsp;HAL_GetTick
<LI><a href="#[90]">&gt;&gt;</a>&nbsp;&nbsp;&nbsp;HAL_PWR_EnableBkUpAccess
</UL>
<BR>[Called By]<UL><LI><a href="#[49]">&gt;&gt;</a>&nbsp;&nbsp;&nbsp;main
</UL>

<P><STRONG><a name="[96]"></a>HAL_RTCEx_SetWakeUpTimer</STRONG> (Thumb, 170 bytes, Stack size 24 bytes, stm32wbxx_hal_rtc_ex.o(.text.HAL_RTCEx_SetWakeUpTimer))
<BR><BR>[Stack]<UL><LI>Max Depth = 24<LI>Call Chain = HAL_RTCEx_SetWakeUpTimer
</UL>
<BR>[Calls]<UL><LI><a href="#[91]">&gt;&gt;</a>&nbsp;&nbsp;&nbsp;HAL_GetTick
</UL>
<BR>[Called By]<UL><LI><a href="#[b2]">&gt;&gt;</a>&nbsp;&nbsp;&nbsp;MX_RTC_Init
</UL>

<P><STRONG><a name="[97]"></a>HAL_RTC_Init</STRONG> (Thumb, 258 bytes, Stack size 16 bytes, stm32wbxx_hal_rtc.o(.text.HAL_RTC_Init))
<BR><BR>[Stack]<UL><LI>Max Depth = 144<LI>Call Chain = HAL_RTC_Init &rArr; HAL_RTC_MspInit &rArr; HAL_RCCEx_PeriphCLKConfig
</UL>
<BR>[Calls]<UL><LI><a href="#[91]">&gt;&gt;</a>&nbsp;&nbsp;&nbsp;HAL_GetTick
<LI><a href="#[98]">&gt;&gt;</a>&nbsp;&nbsp;&nbsp;HAL_RTC_MspInit
</UL>
<BR>[Called By]<UL><LI><a href="#[b2]">&gt;&gt;</a>&nbsp;&nbsp;&nbsp;MX_RTC_Init
</UL>

<P><STRONG><a name="[98]"></a>HAL_RTC_MspInit</STRONG> (Thumb, 98 bytes, Stack size 96 bytes, rtc.o(.text.HAL_RTC_MspInit))
<BR><BR>[Stack]<UL><LI>Max Depth = 128<LI>Call Chain = HAL_RTC_MspInit &rArr; HAL_RCCEx_PeriphCLKConfig
</UL>
<BR>[Calls]<UL><LI><a href="#[6e]">&gt;&gt;</a>&nbsp;&nbsp;&nbsp;Error_Handler
<LI><a href="#[8f]">&gt;&gt;</a>&nbsp;&nbsp;&nbsp;HAL_RCCEx_PeriphCLKConfig
<LI><a href="#[99]">&gt;&gt;</a>&nbsp;&nbsp;&nbsp;__aeabi_memclr4
</UL>
<BR>[Called By]<UL><LI><a href="#[97]">&gt;&gt;</a>&nbsp;&nbsp;&nbsp;HAL_RTC_Init
</UL>

<P><STRONG><a name="[8e]"></a>HAL_SYSTICK_Config</STRONG> (Thumb, 44 bytes, Stack size 0 bytes, stm32wbxx_hal_cortex.o(.text.HAL_SYSTICK_Config))
<BR><BR>[Called By]<UL><LI><a href="#[8b]">&gt;&gt;</a>&nbsp;&nbsp;&nbsp;HAL_InitTick
</UL>

<P><STRONG><a name="[c7]"></a>HIDS_Init</STRONG> (Thumb, 2 bytes, Stack size 0 bytes, svc_ctl.o(.text.HIDS_Init))
<BR><BR>[Called By]<UL><LI><a href="#[bd]">&gt;&gt;</a>&nbsp;&nbsp;&nbsp;SVCCTL_SvcInit
</UL>

<P><STRONG><a name="[c8]"></a>HRS_Init</STRONG> (Thumb, 2 bytes, Stack size 0 bytes, svc_ctl.o(.text.HRS_Init))
<BR><BR>[Called By]<UL><LI><a href="#[bd]">&gt;&gt;</a>&nbsp;&nbsp;&nbsp;SVCCTL_SvcInit
</UL>

<P><STRONG><a name="[38]"></a>HSEM_IRQHandler</STRONG> (Thumb, 4 bytes, Stack size 0 bytes, stm32wbxx_it.o(.text.HSEM_IRQHandler))
<BR><BR>[Calls]<UL><LI><a href="#[83]">&gt;&gt;</a>&nbsp;&nbsp;&nbsp;HAL_HSEM_IRQHandler
</UL>
<BR>[Address Reference Count : 1]<UL><LI> startup_stm32wb55xx_cm4.o(RESET)
</UL>
<P><STRONG><a name="[c9]"></a>HTS_Init</STRONG> (Thumb, 2 bytes, Stack size 0 bytes, svc_ctl.o(.text.HTS_Init))
<BR><BR>[Called By]<UL><LI><a href="#[bd]">&gt;&gt;</a>&nbsp;&nbsp;&nbsp;SVCCTL_SvcInit
</UL>

<P><STRONG><a name="[a3]"></a>HW_IPCC_BLE_AclDataAckNot</STRONG> (Thumb, 12 bytes, Stack size 0 bytes, tl_mbox.o(.text.HW_IPCC_BLE_AclDataAckNot))
<BR><BR>[Called By]<UL><LI><a href="#[a2]">&gt;&gt;</a>&nbsp;&nbsp;&nbsp;HW_IPCC_Tx_Handler
</UL>

<P><STRONG><a name="[d6]"></a>HW_IPCC_BLE_Init</STRONG> (Thumb, 18 bytes, Stack size 0 bytes, hw_ipcc.o(.text.HW_IPCC_BLE_Init))
<BR><BR>[Called By]<UL><LI><a href="#[58]">&gt;&gt;</a>&nbsp;&nbsp;&nbsp;TL_BLE_Init
</UL>

<P><STRONG><a name="[9a]"></a>HW_IPCC_BLE_RxEvtNot</STRONG> (Thumb, 64 bytes, Stack size 24 bytes, tl_mbox.o(.text.HW_IPCC_BLE_RxEvtNot))
<BR><BR>[Stack]<UL><LI>Max Depth = 24<LI>Call Chain = HW_IPCC_BLE_RxEvtNot
</UL>
<BR>[Calls]<UL><LI><a href="#[9c]">&gt;&gt;</a>&nbsp;&nbsp;&nbsp;LST_remove_head
<LI><a href="#[9b]">&gt;&gt;</a>&nbsp;&nbsp;&nbsp;LST_is_empty
</UL>
<BR>[Called By]<UL><LI><a href="#[9e]">&gt;&gt;</a>&nbsp;&nbsp;&nbsp;HW_IPCC_Rx_Handler
</UL>

<P><STRONG><a name="[d7]"></a>HW_IPCC_BLE_SendCmd</STRONG> (Thumb, 16 bytes, Stack size 0 bytes, hw_ipcc.o(.text.HW_IPCC_BLE_SendCmd))
<BR><BR>[Called By]<UL><LI><a href="#[59]">&gt;&gt;</a>&nbsp;&nbsp;&nbsp;TL_BLE_SendCmd
</UL>

<P><STRONG><a name="[d8]"></a>HW_IPCC_Enable</STRONG> (Thumb, 76 bytes, Stack size 4 bytes, hw_ipcc.o(.text.HW_IPCC_Enable))
<BR><BR>[Stack]<UL><LI>Max Depth = 4<LI>Call Chain = HW_IPCC_Enable
</UL>
<BR>[Called By]<UL><LI><a href="#[ae]">&gt;&gt;</a>&nbsp;&nbsp;&nbsp;TL_Enable
</UL>

<P><STRONG><a name="[9d]"></a>HW_IPCC_Init</STRONG> (Thumb, 72 bytes, Stack size 16 bytes, hw_ipcc.o(.text.HW_IPCC_Init))
<BR><BR>[Stack]<UL><LI>Max Depth = 16<LI>Call Chain = HW_IPCC_Init
</UL>
<BR>[Calls]<UL><LI><a href="#[88]">&gt;&gt;</a>&nbsp;&nbsp;&nbsp;HAL_NVIC_EnableIRQ
</UL>
<BR>[Called By]<UL><LI><a href="#[ab]">&gt;&gt;</a>&nbsp;&nbsp;&nbsp;TL_Init
</UL>

<P><STRONG><a name="[da]"></a>HW_IPCC_MM_SendFreeBuf</STRONG> (Thumb, 48 bytes, Stack size 8 bytes, hw_ipcc.o(.text.HW_IPCC_MM_SendFreeBuf))
<BR><BR>[Stack]<UL><LI>Max Depth = 8<LI>Call Chain = HW_IPCC_MM_SendFreeBuf
</UL>
<BR>[Called By]<UL><LI><a href="#[d9]">&gt;&gt;</a>&nbsp;&nbsp;&nbsp;TL_MM_EvtDone
</UL>

<P><STRONG><a name="[9e]"></a>HW_IPCC_Rx_Handler</STRONG> (Thumb, 76 bytes, Stack size 8 bytes, hw_ipcc.o(.text.HW_IPCC_Rx_Handler))
<BR><BR>[Stack]<UL><LI>Max Depth = 32<LI>Call Chain = HW_IPCC_Rx_Handler &rArr; HW_IPCC_TRACES_EvtNot
</UL>
<BR>[Calls]<UL><LI><a href="#[a0]">&gt;&gt;</a>&nbsp;&nbsp;&nbsp;HW_IPCC_TRACES_EvtNot
<LI><a href="#[9f]">&gt;&gt;</a>&nbsp;&nbsp;&nbsp;HW_IPCC_SYS_EvtNot
<LI><a href="#[9a]">&gt;&gt;</a>&nbsp;&nbsp;&nbsp;HW_IPCC_BLE_RxEvtNot
</UL>
<BR>[Called By]<UL><LI><a href="#[36]">&gt;&gt;</a>&nbsp;&nbsp;&nbsp;IPCC_C1_RX_IRQHandler
</UL>

<P><STRONG><a name="[a4]"></a>HW_IPCC_SYS_CmdEvtNot</STRONG> (Thumb, 26 bytes, Stack size 0 bytes, tl_mbox.o(.text.HW_IPCC_SYS_CmdEvtNot))
<BR><BR>[Called By]<UL><LI><a href="#[a2]">&gt;&gt;</a>&nbsp;&nbsp;&nbsp;HW_IPCC_Tx_Handler
</UL>

<P><STRONG><a name="[9f]"></a>HW_IPCC_SYS_EvtNot</STRONG> (Thumb, 64 bytes, Stack size 24 bytes, tl_mbox.o(.text.HW_IPCC_SYS_EvtNot))
<BR><BR>[Stack]<UL><LI>Max Depth = 24<LI>Call Chain = HW_IPCC_SYS_EvtNot
</UL>
<BR>[Calls]<UL><LI><a href="#[9c]">&gt;&gt;</a>&nbsp;&nbsp;&nbsp;LST_remove_head
<LI><a href="#[9b]">&gt;&gt;</a>&nbsp;&nbsp;&nbsp;LST_is_empty
</UL>
<BR>[Called By]<UL><LI><a href="#[9e]">&gt;&gt;</a>&nbsp;&nbsp;&nbsp;HW_IPCC_Rx_Handler
</UL>

<P><STRONG><a name="[db]"></a>HW_IPCC_SYS_Init</STRONG> (Thumb, 18 bytes, Stack size 0 bytes, hw_ipcc.o(.text.HW_IPCC_SYS_Init))
<BR><BR>[Called By]<UL><LI><a href="#[5c]">&gt;&gt;</a>&nbsp;&nbsp;&nbsp;TL_SYS_Init
</UL>

<P><STRONG><a name="[dc]"></a>HW_IPCC_SYS_SendCmd</STRONG> (Thumb, 24 bytes, Stack size 0 bytes, hw_ipcc.o(.text.HW_IPCC_SYS_SendCmd))
<BR><BR>[Called By]<UL><LI><a href="#[5d]">&gt;&gt;</a>&nbsp;&nbsp;&nbsp;TL_SYS_SendCmd
</UL>

<P><STRONG><a name="[a0]"></a>HW_IPCC_TRACES_EvtNot</STRONG> (Thumb, 56 bytes, Stack size 24 bytes, tl_mbox.o(.text.HW_IPCC_TRACES_EvtNot))
<BR><BR>[Stack]<UL><LI>Max Depth = 24<LI>Call Chain = HW_IPCC_TRACES_EvtNot
</UL>
<BR>[Calls]<UL><LI><a href="#[a1]">&gt;&gt;</a>&nbsp;&nbsp;&nbsp;TL_TRACES_EvtReceived
<LI><a href="#[9c]">&gt;&gt;</a>&nbsp;&nbsp;&nbsp;LST_remove_head
<LI><a href="#[9b]">&gt;&gt;</a>&nbsp;&nbsp;&nbsp;LST_is_empty
</UL>
<BR>[Called By]<UL><LI><a href="#[9e]">&gt;&gt;</a>&nbsp;&nbsp;&nbsp;HW_IPCC_Rx_Handler
</UL>

<P><STRONG><a name="[dd]"></a>HW_IPCC_TRACES_Init</STRONG> (Thumb, 18 bytes, Stack size 0 bytes, hw_ipcc.o(.text.HW_IPCC_TRACES_Init))
<BR><BR>[Called By]<UL><LI><a href="#[65]">&gt;&gt;</a>&nbsp;&nbsp;&nbsp;TL_TRACES_Init
</UL>

<P><STRONG><a name="[a2]"></a>HW_IPCC_Tx_Handler</STRONG> (Thumb, 112 bytes, Stack size 8 bytes, hw_ipcc.o(.text.HW_IPCC_Tx_Handler))
<BR><BR>[Stack]<UL><LI>Max Depth = 8<LI>Call Chain = HW_IPCC_Tx_Handler
</UL>
<BR>[Calls]<UL><LI><a href="#[a4]">&gt;&gt;</a>&nbsp;&nbsp;&nbsp;HW_IPCC_SYS_CmdEvtNot
<LI><a href="#[a3]">&gt;&gt;</a>&nbsp;&nbsp;&nbsp;HW_IPCC_BLE_AclDataAckNot
</UL>
<BR>[Called By]<UL><LI><a href="#[37]">&gt;&gt;</a>&nbsp;&nbsp;&nbsp;IPCC_C1_TX_IRQHandler
</UL>

<P><STRONG><a name="[a5]"></a>HW_TS_Init</STRONG> (Thumb, 274 bytes, Stack size 24 bytes, hw_timerserver.o(.text.HW_TS_Init))
<BR><BR>[Stack]<UL><LI>Max Depth = 32<LI>Call Chain = HW_TS_Init &rArr; HAL_NVIC_SetPriority
</UL>
<BR>[Calls]<UL><LI><a href="#[a6]">&gt;&gt;</a>&nbsp;&nbsp;&nbsp;HAL_NVIC_SetPendingIRQ
<LI><a href="#[a7]">&gt;&gt;</a>&nbsp;&nbsp;&nbsp;HAL_NVIC_ClearPendingIRQ
<LI><a href="#[88]">&gt;&gt;</a>&nbsp;&nbsp;&nbsp;HAL_NVIC_EnableIRQ
<LI><a href="#[87]">&gt;&gt;</a>&nbsp;&nbsp;&nbsp;HAL_NVIC_SetPriority
</UL>
<BR>[Called By]<UL><LI><a href="#[a9]">&gt;&gt;</a>&nbsp;&nbsp;&nbsp;MX_APPE_Init
</UL>

<P><STRONG><a name="[2]"></a>HardFault_Handler</STRONG> (Thumb, 2 bytes, Stack size 0 bytes, stm32wbxx_it.o(.text.HardFault_Handler))
<BR><BR>[Calls]<UL><LI><a href="#[2]">&gt;&gt;</a>&nbsp;&nbsp;&nbsp;HardFault_Handler
</UL>
<BR>[Called By]<UL><LI><a href="#[2]">&gt;&gt;</a>&nbsp;&nbsp;&nbsp;HardFault_Handler
</UL>
<BR>[Address Reference Count : 1]<UL><LI> startup_stm32wb55xx_cm4.o(RESET)
</UL>
<P><STRONG><a name="[ca]"></a>IAS_Init</STRONG> (Thumb, 2 bytes, Stack size 0 bytes, svc_ctl.o(.text.IAS_Init))
<BR><BR>[Called By]<UL><LI><a href="#[bd]">&gt;&gt;</a>&nbsp;&nbsp;&nbsp;SVCCTL_SvcInit
</UL>

<P><STRONG><a name="[36]"></a>IPCC_C1_RX_IRQHandler</STRONG> (Thumb, 4 bytes, Stack size 0 bytes, stm32wbxx_it.o(.text.IPCC_C1_RX_IRQHandler))
<BR><BR>[Stack]<UL><LI>Max Depth = 32<LI>Call Chain = IPCC_C1_RX_IRQHandler &rArr; HW_IPCC_Rx_Handler &rArr; HW_IPCC_TRACES_EvtNot
</UL>
<BR>[Calls]<UL><LI><a href="#[9e]">&gt;&gt;</a>&nbsp;&nbsp;&nbsp;HW_IPCC_Rx_Handler
</UL>
<BR>[Address Reference Count : 1]<UL><LI> startup_stm32wb55xx_cm4.o(RESET)
</UL>
<P><STRONG><a name="[37]"></a>IPCC_C1_TX_IRQHandler</STRONG> (Thumb, 4 bytes, Stack size 0 bytes, stm32wbxx_it.o(.text.IPCC_C1_TX_IRQHandler))
<BR><BR>[Stack]<UL><LI>Max Depth = 8<LI>Call Chain = IPCC_C1_TX_IRQHandler &rArr; HW_IPCC_Tx_Handler
</UL>
<BR>[Calls]<UL><LI><a href="#[a2]">&gt;&gt;</a>&nbsp;&nbsp;&nbsp;HW_IPCC_Tx_Handler
</UL>
<BR>[Address Reference Count : 1]<UL><LI> startup_stm32wb55xx_cm4.o(RESET)
</UL>
<P><STRONG><a name="[cb]"></a>LLS_Init</STRONG> (Thumb, 2 bytes, Stack size 0 bytes, svc_ctl.o(.text.LLS_Init))
<BR><BR>[Called By]<UL><LI><a href="#[bd]">&gt;&gt;</a>&nbsp;&nbsp;&nbsp;SVCCTL_SvcInit
</UL>

<P><STRONG><a name="[d5]"></a>LST_init_head</STRONG> (Thumb, 6 bytes, Stack size 0 bytes, stm_list.o(.text.LST_init_head))
<BR><BR>[Called By]<UL><LI><a href="#[6b]">&gt;&gt;</a>&nbsp;&nbsp;&nbsp;hci_init
<LI><a href="#[65]">&gt;&gt;</a>&nbsp;&nbsp;&nbsp;TL_TRACES_Init
<LI><a href="#[ad]">&gt;&gt;</a>&nbsp;&nbsp;&nbsp;TL_MM_Init
<LI><a href="#[ac]">&gt;&gt;</a>&nbsp;&nbsp;&nbsp;shci_init
<LI><a href="#[5c]">&gt;&gt;</a>&nbsp;&nbsp;&nbsp;TL_SYS_Init
<LI><a href="#[58]">&gt;&gt;</a>&nbsp;&nbsp;&nbsp;TL_BLE_Init
</UL>

<P><STRONG><a name="[ec]"></a>LST_insert_head</STRONG> (Thumb, 28 bytes, Stack size 0 bytes, stm_list.o(.text.LST_insert_head))
<BR><BR>[Called By]<UL><LI><a href="#[4e]">&gt;&gt;</a>&nbsp;&nbsp;&nbsp;hci_user_evt_proc
<LI><a href="#[52]">&gt;&gt;</a>&nbsp;&nbsp;&nbsp;shci_user_evt_proc
</UL>

<P><STRONG><a name="[d3]"></a>LST_insert_tail</STRONG> (Thumb, 28 bytes, Stack size 0 bytes, stm_list.o(.text.LST_insert_tail))
<BR><BR>[Called By]<UL><LI><a href="#[d9]">&gt;&gt;</a>&nbsp;&nbsp;&nbsp;TL_MM_EvtDone
<LI><a href="#[56]">&gt;&gt;</a>&nbsp;&nbsp;&nbsp;SendFreeBuf
<LI><a href="#[5b]">&gt;&gt;</a>&nbsp;&nbsp;&nbsp;TlUserEvtReceived
<LI><a href="#[57]">&gt;&gt;</a>&nbsp;&nbsp;&nbsp;TlEvtReceived
</UL>

<P><STRONG><a name="[9b]"></a>LST_is_empty</STRONG> (Thumb, 26 bytes, Stack size 0 bytes, stm_list.o(.text.LST_is_empty))
<BR><BR>[Called By]<UL><LI><a href="#[4e]">&gt;&gt;</a>&nbsp;&nbsp;&nbsp;hci_user_evt_proc
<LI><a href="#[52]">&gt;&gt;</a>&nbsp;&nbsp;&nbsp;shci_user_evt_proc
<LI><a href="#[e7]">&gt;&gt;</a>&nbsp;&nbsp;&nbsp;hci_send_req
<LI><a href="#[a0]">&gt;&gt;</a>&nbsp;&nbsp;&nbsp;HW_IPCC_TRACES_EvtNot
<LI><a href="#[9f]">&gt;&gt;</a>&nbsp;&nbsp;&nbsp;HW_IPCC_SYS_EvtNot
<LI><a href="#[9a]">&gt;&gt;</a>&nbsp;&nbsp;&nbsp;HW_IPCC_BLE_RxEvtNot
<LI><a href="#[56]">&gt;&gt;</a>&nbsp;&nbsp;&nbsp;SendFreeBuf
</UL>

<P><STRONG><a name="[9c]"></a>LST_remove_head</STRONG> (Thumb, 46 bytes, Stack size 0 bytes, stm_list.o(.text.LST_remove_head))
<BR><BR>[Called By]<UL><LI><a href="#[4e]">&gt;&gt;</a>&nbsp;&nbsp;&nbsp;hci_user_evt_proc
<LI><a href="#[52]">&gt;&gt;</a>&nbsp;&nbsp;&nbsp;shci_user_evt_proc
<LI><a href="#[e7]">&gt;&gt;</a>&nbsp;&nbsp;&nbsp;hci_send_req
<LI><a href="#[a0]">&gt;&gt;</a>&nbsp;&nbsp;&nbsp;HW_IPCC_TRACES_EvtNot
<LI><a href="#[9f]">&gt;&gt;</a>&nbsp;&nbsp;&nbsp;HW_IPCC_SYS_EvtNot
<LI><a href="#[9a]">&gt;&gt;</a>&nbsp;&nbsp;&nbsp;HW_IPCC_BLE_RxEvtNot
<LI><a href="#[56]">&gt;&gt;</a>&nbsp;&nbsp;&nbsp;SendFreeBuf
</UL>

<P><STRONG><a name="[d2]"></a>MESH_Init</STRONG> (Thumb, 2 bytes, Stack size 0 bytes, svc_ctl.o(.text.MESH_Init))
<BR><BR>[Called By]<UL><LI><a href="#[bd]">&gt;&gt;</a>&nbsp;&nbsp;&nbsp;SVCCTL_SvcInit
</UL>

<P><STRONG><a name="[cd]"></a>MOTENV_STM_Init</STRONG> (Thumb, 2 bytes, Stack size 0 bytes, svc_ctl.o(.text.MOTENV_STM_Init))
<BR><BR>[Called By]<UL><LI><a href="#[bd]">&gt;&gt;</a>&nbsp;&nbsp;&nbsp;SVCCTL_SvcInit
</UL>

<P><STRONG><a name="[a8]"></a>MX_APPE_Config</STRONG> (Thumb, 60 bytes, Stack size 8 bytes, app_entry.o(.text.MX_APPE_Config))
<BR><BR>[Stack]<UL><LI>Max Depth = 8<LI>Call Chain = MX_APPE_Config
</UL>
<BR>[Calls]<UL><LI><a href="#[70]">&gt;&gt;</a>&nbsp;&nbsp;&nbsp;OTP_Read
</UL>
<BR>[Called By]<UL><LI><a href="#[49]">&gt;&gt;</a>&nbsp;&nbsp;&nbsp;main
</UL>

<P><STRONG><a name="[a9]"></a>MX_APPE_Init</STRONG> (Thumb, 202 bytes, Stack size 40 bytes, app_entry.o(.text.MX_APPE_Init))
<BR><BR>[Stack]<UL><LI>Max Depth = 72<LI>Call Chain = MX_APPE_Init &rArr; shci_init
</UL>
<BR>[Calls]<UL><LI><a href="#[ae]">&gt;&gt;</a>&nbsp;&nbsp;&nbsp;TL_Enable
<LI><a href="#[ad]">&gt;&gt;</a>&nbsp;&nbsp;&nbsp;TL_MM_Init
<LI><a href="#[ac]">&gt;&gt;</a>&nbsp;&nbsp;&nbsp;shci_init
<LI><a href="#[6c]">&gt;&gt;</a>&nbsp;&nbsp;&nbsp;UTIL_SEQ_RegTask
<LI><a href="#[ab]">&gt;&gt;</a>&nbsp;&nbsp;&nbsp;TL_Init
<LI><a href="#[a5]">&gt;&gt;</a>&nbsp;&nbsp;&nbsp;HW_TS_Init
<LI><a href="#[aa]">&gt;&gt;</a>&nbsp;&nbsp;&nbsp;UTIL_LPM_Init
</UL>
<BR>[Called By]<UL><LI><a href="#[49]">&gt;&gt;</a>&nbsp;&nbsp;&nbsp;main
</UL>

<P><STRONG><a name="[af]"></a>MX_APPE_Process</STRONG> (Thumb, 8 bytes, Stack size 0 bytes, app_entry.o(.text.MX_APPE_Process))
<BR><BR>[Stack]<UL><LI>Max Depth = 40<LI>Call Chain = MX_APPE_Process &rArr; UTIL_SEQ_Run
</UL>
<BR>[Calls]<UL><LI><a href="#[b0]">&gt;&gt;</a>&nbsp;&nbsp;&nbsp;UTIL_SEQ_Run
</UL>
<BR>[Called By]<UL><LI><a href="#[49]">&gt;&gt;</a>&nbsp;&nbsp;&nbsp;main
</UL>

<P><STRONG><a name="[ed]"></a>MX_GPIO_Init</STRONG> (Thumb, 30 bytes, Stack size 4 bytes, gpio.o(.text.MX_GPIO_Init))
<BR><BR>[Stack]<UL><LI>Max Depth = 4<LI>Call Chain = MX_GPIO_Init
</UL>
<BR>[Called By]<UL><LI><a href="#[49]">&gt;&gt;</a>&nbsp;&nbsp;&nbsp;main
</UL>

<P><STRONG><a name="[b1]"></a>MX_IPCC_Init</STRONG> (Thumb, 38 bytes, Stack size 8 bytes, ipcc.o(.text.MX_IPCC_Init))
<BR><BR>[Stack]<UL><LI>Max Depth = 40<LI>Call Chain = MX_IPCC_Init &rArr; HAL_IPCC_Init &rArr; HAL_IPCC_MspInit &rArr; HAL_NVIC_SetPriority
</UL>
<BR>[Calls]<UL><LI><a href="#[85]">&gt;&gt;</a>&nbsp;&nbsp;&nbsp;HAL_IPCC_Init
<LI><a href="#[6e]">&gt;&gt;</a>&nbsp;&nbsp;&nbsp;Error_Handler
</UL>
<BR>[Called By]<UL><LI><a href="#[49]">&gt;&gt;</a>&nbsp;&nbsp;&nbsp;main
</UL>

<P><STRONG><a name="[ee]"></a>MX_RF_Init</STRONG> (Thumb, 2 bytes, Stack size 0 bytes, rf.o(.text.MX_RF_Init))
<BR><BR>[Called By]<UL><LI><a href="#[49]">&gt;&gt;</a>&nbsp;&nbsp;&nbsp;main
</UL>

<P><STRONG><a name="[b2]"></a>MX_RTC_Init</STRONG> (Thumb, 80 bytes, Stack size 8 bytes, rtc.o(.text.MX_RTC_Init))
<BR><BR>[Stack]<UL><LI>Max Depth = 152<LI>Call Chain = MX_RTC_Init &rArr; HAL_RTC_Init &rArr; HAL_RTC_MspInit &rArr; HAL_RCCEx_PeriphCLKConfig
</UL>
<BR>[Calls]<UL><LI><a href="#[96]">&gt;&gt;</a>&nbsp;&nbsp;&nbsp;HAL_RTCEx_SetWakeUpTimer
<LI><a href="#[97]">&gt;&gt;</a>&nbsp;&nbsp;&nbsp;HAL_RTC_Init
<LI><a href="#[6e]">&gt;&gt;</a>&nbsp;&nbsp;&nbsp;Error_Handler
</UL>
<BR>[Called By]<UL><LI><a href="#[49]">&gt;&gt;</a>&nbsp;&nbsp;&nbsp;main
</UL>

<P><STRONG><a name="[3]"></a>MemManage_Handler</STRONG> (Thumb, 2 bytes, Stack size 0 bytes, stm32wbxx_it.o(.text.MemManage_Handler))
<BR><BR>[Calls]<UL><LI><a href="#[3]">&gt;&gt;</a>&nbsp;&nbsp;&nbsp;MemManage_Handler
</UL>
<BR>[Called By]<UL><LI><a href="#[3]">&gt;&gt;</a>&nbsp;&nbsp;&nbsp;MemManage_Handler
</UL>
<BR>[Address Reference Count : 1]<UL><LI> startup_stm32wb55xx_cm4.o(RESET)
</UL>
<P><STRONG><a name="[1]"></a>NMI_Handler</STRONG> (Thumb, 2 bytes, Stack size 0 bytes, stm32wbxx_it.o(.text.NMI_Handler))
<BR><BR>[Calls]<UL><LI><a href="#[1]">&gt;&gt;</a>&nbsp;&nbsp;&nbsp;NMI_Handler
</UL>
<BR>[Called By]<UL><LI><a href="#[1]">&gt;&gt;</a>&nbsp;&nbsp;&nbsp;NMI_Handler
</UL>
<BR>[Address Reference Count : 1]<UL><LI> startup_stm32wb55xx_cm4.o(RESET)
</UL>
<P><STRONG><a name="[d0]"></a>OTAS_STM_Init</STRONG> (Thumb, 2 bytes, Stack size 0 bytes, svc_ctl.o(.text.OTAS_STM_Init))
<BR><BR>[Called By]<UL><LI><a href="#[bd]">&gt;&gt;</a>&nbsp;&nbsp;&nbsp;SVCCTL_SvcInit
</UL>

<P><STRONG><a name="[70]"></a>OTP_Read</STRONG> (Thumb, 112 bytes, Stack size 0 bytes, otp.o(.text.OTP_Read))
<BR><BR>[Called By]<UL><LI><a href="#[69]">&gt;&gt;</a>&nbsp;&nbsp;&nbsp;APP_BLE_Init
<LI><a href="#[a8]">&gt;&gt;</a>&nbsp;&nbsp;&nbsp;MX_APPE_Config
</UL>

<P><STRONG><a name="[b3]"></a>Osal_MemCpy</STRONG> (Thumb, 12 bytes, Stack size 8 bytes, osal.o(.text.Osal_MemCpy))
<BR><BR>[Stack]<UL><LI>Max Depth = 8<LI>Call Chain = Osal_MemCpy
</UL>
<BR>[Calls]<UL><LI><a href="#[b4]">&gt;&gt;</a>&nbsp;&nbsp;&nbsp;__aeabi_memcpy
</UL>
<BR>[Called By]<UL><LI><a href="#[c1]">&gt;&gt;</a>&nbsp;&nbsp;&nbsp;aci_gatt_add_char
<LI><a href="#[c0]">&gt;&gt;</a>&nbsp;&nbsp;&nbsp;aci_gatt_add_service
<LI><a href="#[7d]">&gt;&gt;</a>&nbsp;&nbsp;&nbsp;aci_gap_update_adv_data
<LI><a href="#[7c]">&gt;&gt;</a>&nbsp;&nbsp;&nbsp;aci_gap_set_discoverable
<LI><a href="#[75]">&gt;&gt;</a>&nbsp;&nbsp;&nbsp;aci_gatt_update_char_value
<LI><a href="#[71]">&gt;&gt;</a>&nbsp;&nbsp;&nbsp;aci_hal_write_config_data
</UL>

<P><STRONG><a name="[b5]"></a>Osal_MemSet</STRONG> (Thumb, 18 bytes, Stack size 8 bytes, osal.o(.text.Osal_MemSet))
<BR><BR>[Stack]<UL><LI>Max Depth = 8<LI>Call Chain = Osal_MemSet
</UL>
<BR>[Calls]<UL><LI><a href="#[61]">&gt;&gt;</a>&nbsp;&nbsp;&nbsp;__aeabi_memset
</UL>
<BR>[Called By]<UL><LI><a href="#[c1]">&gt;&gt;</a>&nbsp;&nbsp;&nbsp;aci_gatt_add_char
<LI><a href="#[c0]">&gt;&gt;</a>&nbsp;&nbsp;&nbsp;aci_gatt_add_service
<LI><a href="#[bc]">&gt;&gt;</a>&nbsp;&nbsp;&nbsp;aci_gap_numeric_comparison_value_confirm_yesno
<LI><a href="#[bb]">&gt;&gt;</a>&nbsp;&nbsp;&nbsp;aci_gatt_confirm_indication
<LI><a href="#[ba]">&gt;&gt;</a>&nbsp;&nbsp;&nbsp;aci_gap_pass_key_resp
<LI><a href="#[7e]">&gt;&gt;</a>&nbsp;&nbsp;&nbsp;aci_gap_set_non_discoverable
<LI><a href="#[7d]">&gt;&gt;</a>&nbsp;&nbsp;&nbsp;aci_gap_update_adv_data
<LI><a href="#[7c]">&gt;&gt;</a>&nbsp;&nbsp;&nbsp;aci_gap_set_discoverable
<LI><a href="#[7a]">&gt;&gt;</a>&nbsp;&nbsp;&nbsp;aci_hal_set_radio_activity_mask
<LI><a href="#[78]">&gt;&gt;</a>&nbsp;&nbsp;&nbsp;aci_gap_set_authentication_requirement
<LI><a href="#[77]">&gt;&gt;</a>&nbsp;&nbsp;&nbsp;aci_gap_set_io_capability
<LI><a href="#[76]">&gt;&gt;</a>&nbsp;&nbsp;&nbsp;hci_le_set_default_phy
<LI><a href="#[75]">&gt;&gt;</a>&nbsp;&nbsp;&nbsp;aci_gatt_update_char_value
<LI><a href="#[74]">&gt;&gt;</a>&nbsp;&nbsp;&nbsp;aci_gap_init
<LI><a href="#[73]">&gt;&gt;</a>&nbsp;&nbsp;&nbsp;aci_gatt_init
<LI><a href="#[72]">&gt;&gt;</a>&nbsp;&nbsp;&nbsp;aci_hal_set_tx_power_level
<LI><a href="#[71]">&gt;&gt;</a>&nbsp;&nbsp;&nbsp;aci_hal_write_config_data
<LI><a href="#[6f]">&gt;&gt;</a>&nbsp;&nbsp;&nbsp;hci_reset
</UL>

<P><STRONG><a name="[ce]"></a>P2PS_STM_Init</STRONG> (Thumb, 2 bytes, Stack size 0 bytes, svc_ctl.o(.text.P2PS_STM_Init))
<BR><BR>[Called By]<UL><LI><a href="#[bd]">&gt;&gt;</a>&nbsp;&nbsp;&nbsp;SVCCTL_SvcInit
</UL>

<P><STRONG><a name="[8]"></a>PendSV_Handler</STRONG> (Thumb, 2 bytes, Stack size 0 bytes, stm32wbxx_it.o(.text.PendSV_Handler))
<BR>[Address Reference Count : 1]<UL><LI> startup_stm32wb55xx_cm4.o(RESET)
</UL>
<P><STRONG><a name="[6d]"></a>SHCI_C2_BLE_Init</STRONG> (Thumb, 28 bytes, Stack size 24 bytes, shci.o(.text.SHCI_C2_BLE_Init))
<BR><BR>[Stack]<UL><LI>Max Depth = 120<LI>Call Chain = SHCI_C2_BLE_Init &rArr; shci_send &rArr; shci_cmd_resp_wait &rArr; UTIL_SEQ_WaitEvt &rArr; UTIL_SEQ_EvtIdle &rArr; UTIL_SEQ_Run
</UL>
<BR>[Calls]<UL><LI><a href="#[b7]">&gt;&gt;</a>&nbsp;&nbsp;&nbsp;shci_send
</UL>
<BR>[Called By]<UL><LI><a href="#[69]">&gt;&gt;</a>&nbsp;&nbsp;&nbsp;APP_BLE_Init
</UL>

<P><STRONG><a name="[68]"></a>SHCI_C2_Config</STRONG> (Thumb, 26 bytes, Stack size 24 bytes, shci.o(.text.SHCI_C2_Config))
<BR><BR>[Stack]<UL><LI>Max Depth = 120<LI>Call Chain = SHCI_C2_Config &rArr; shci_send &rArr; shci_cmd_resp_wait &rArr; UTIL_SEQ_WaitEvt &rArr; UTIL_SEQ_EvtIdle &rArr; UTIL_SEQ_Run
</UL>
<BR>[Calls]<UL><LI><a href="#[b7]">&gt;&gt;</a>&nbsp;&nbsp;&nbsp;shci_send
</UL>
<BR>[Called By]<UL><LI><a href="#[54]">&gt;&gt;</a>&nbsp;&nbsp;&nbsp;APPE_SysUserEvtRx
</UL>

<P><STRONG><a name="[66]"></a>SHCI_C2_DEBUG_Init</STRONG> (Thumb, 28 bytes, Stack size 24 bytes, shci.o(.text.SHCI_C2_DEBUG_Init))
<BR><BR>[Stack]<UL><LI>Max Depth = 120<LI>Call Chain = SHCI_C2_DEBUG_Init &rArr; shci_send &rArr; shci_cmd_resp_wait &rArr; UTIL_SEQ_WaitEvt &rArr; UTIL_SEQ_EvtIdle &rArr; UTIL_SEQ_Run
</UL>
<BR>[Calls]<UL><LI><a href="#[b7]">&gt;&gt;</a>&nbsp;&nbsp;&nbsp;shci_send
</UL>
<BR>[Called By]<UL><LI><a href="#[64]">&gt;&gt;</a>&nbsp;&nbsp;&nbsp;APPD_EnableCPU2
</UL>

<P><STRONG><a name="[67]"></a>SHCI_GetWirelessFwInfo</STRONG> (Thumb, 162 bytes, Stack size 16 bytes, shci.o(.text.SHCI_GetWirelessFwInfo))
<BR><BR>[Stack]<UL><LI>Max Depth = 16<LI>Call Chain = SHCI_GetWirelessFwInfo
</UL>
<BR>[Called By]<UL><LI><a href="#[54]">&gt;&gt;</a>&nbsp;&nbsp;&nbsp;APPE_SysUserEvtRx
</UL>

<P><STRONG><a name="[b8]"></a>SVCCTL_App_Notification</STRONG> (Thumb, 258 bytes, Stack size 48 bytes, app_ble.o(.text.SVCCTL_App_Notification))
<BR><BR>[Stack]<UL><LI>Max Depth = 472<LI>Call Chain = SVCCTL_App_Notification &rArr; aci_gap_set_discoverable &rArr; hci_send_req &rArr; hci_cmd_resp_wait &rArr; UTIL_SEQ_WaitEvt &rArr; UTIL_SEQ_EvtIdle &rArr; UTIL_SEQ_Run
</UL>
<BR>[Calls]<UL><LI><a href="#[bc]">&gt;&gt;</a>&nbsp;&nbsp;&nbsp;aci_gap_numeric_comparison_value_confirm_yesno
<LI><a href="#[bb]">&gt;&gt;</a>&nbsp;&nbsp;&nbsp;aci_gatt_confirm_indication
<LI><a href="#[ba]">&gt;&gt;</a>&nbsp;&nbsp;&nbsp;aci_gap_pass_key_resp
<LI><a href="#[b9]">&gt;&gt;</a>&nbsp;&nbsp;&nbsp;Custom_APP_Notification
<LI><a href="#[7d]">&gt;&gt;</a>&nbsp;&nbsp;&nbsp;aci_gap_update_adv_data
<LI><a href="#[7c]">&gt;&gt;</a>&nbsp;&nbsp;&nbsp;aci_gap_set_discoverable
</UL>
<BR>[Called By]<UL><LI><a href="#[81]">&gt;&gt;</a>&nbsp;&nbsp;&nbsp;SVCCTL_UserEvtRx
</UL>

<P><STRONG><a name="[79]"></a>SVCCTL_Init</STRONG> (Thumb, 20 bytes, Stack size 0 bytes, svc_ctl.o(.text.SVCCTL_Init))
<BR><BR>[Stack]<UL><LI>Max Depth = 488<LI>Call Chain = SVCCTL_Init &rArr; SVCCTL_SvcInit &rArr; SVCCTL_InitCustomSvc &rArr; aci_gatt_add_char &rArr; hci_send_req &rArr; hci_cmd_resp_wait &rArr; UTIL_SEQ_WaitEvt &rArr; UTIL_SEQ_EvtIdle &rArr; UTIL_SEQ_Run
</UL>
<BR>[Calls]<UL><LI><a href="#[bd]">&gt;&gt;</a>&nbsp;&nbsp;&nbsp;SVCCTL_SvcInit
</UL>
<BR>[Called By]<UL><LI><a href="#[69]">&gt;&gt;</a>&nbsp;&nbsp;&nbsp;APP_BLE_Init
</UL>

<P><STRONG><a name="[be]"></a>SVCCTL_InitCustomSvc</STRONG> (Thumb, 148 bytes, Stack size 56 bytes, custom_stm.o(.text.SVCCTL_InitCustomSvc))
<BR><BR>[Stack]<UL><LI>Max Depth = 480<LI>Call Chain = SVCCTL_InitCustomSvc &rArr; aci_gatt_add_char &rArr; hci_send_req &rArr; hci_cmd_resp_wait &rArr; UTIL_SEQ_WaitEvt &rArr; UTIL_SEQ_EvtIdle &rArr; UTIL_SEQ_Run
</UL>
<BR>[Calls]<UL><LI><a href="#[c1]">&gt;&gt;</a>&nbsp;&nbsp;&nbsp;aci_gatt_add_char
<LI><a href="#[c0]">&gt;&gt;</a>&nbsp;&nbsp;&nbsp;aci_gatt_add_service
<LI><a href="#[bf]">&gt;&gt;</a>&nbsp;&nbsp;&nbsp;SVCCTL_RegisterSvcHandler
</UL>
<BR>[Called By]<UL><LI><a href="#[bd]">&gt;&gt;</a>&nbsp;&nbsp;&nbsp;SVCCTL_SvcInit
</UL>

<P><STRONG><a name="[bf]"></a>SVCCTL_RegisterSvcHandler</STRONG> (Thumb, 26 bytes, Stack size 0 bytes, svc_ctl.o(.text.SVCCTL_RegisterSvcHandler))
<BR><BR>[Called By]<UL><LI><a href="#[be]">&gt;&gt;</a>&nbsp;&nbsp;&nbsp;SVCCTL_InitCustomSvc
</UL>

<P><STRONG><a name="[bd]"></a>SVCCTL_SvcInit</STRONG> (Thumb, 78 bytes, Stack size 8 bytes, svc_ctl.o(.text.SVCCTL_SvcInit))
<BR><BR>[Stack]<UL><LI>Max Depth = 488<LI>Call Chain = SVCCTL_SvcInit &rArr; SVCCTL_InitCustomSvc &rArr; aci_gatt_add_char &rArr; hci_send_req &rArr; hci_cmd_resp_wait &rArr; UTIL_SEQ_WaitEvt &rArr; UTIL_SEQ_EvtIdle &rArr; UTIL_SEQ_Run
</UL>
<BR>[Calls]<UL><LI><a href="#[be]">&gt;&gt;</a>&nbsp;&nbsp;&nbsp;SVCCTL_InitCustomSvc
<LI><a href="#[d1]">&gt;&gt;</a>&nbsp;&nbsp;&nbsp;BVOPUS_STM_Init
<LI><a href="#[d2]">&gt;&gt;</a>&nbsp;&nbsp;&nbsp;MESH_Init
<LI><a href="#[d0]">&gt;&gt;</a>&nbsp;&nbsp;&nbsp;OTAS_STM_Init
<LI><a href="#[cf]">&gt;&gt;</a>&nbsp;&nbsp;&nbsp;ZDD_STM_Init
<LI><a href="#[ce]">&gt;&gt;</a>&nbsp;&nbsp;&nbsp;P2PS_STM_Init
<LI><a href="#[cd]">&gt;&gt;</a>&nbsp;&nbsp;&nbsp;MOTENV_STM_Init
<LI><a href="#[cc]">&gt;&gt;</a>&nbsp;&nbsp;&nbsp;TPS_Init
<LI><a href="#[cb]">&gt;&gt;</a>&nbsp;&nbsp;&nbsp;LLS_Init
<LI><a href="#[ca]">&gt;&gt;</a>&nbsp;&nbsp;&nbsp;IAS_Init
<LI><a href="#[c9]">&gt;&gt;</a>&nbsp;&nbsp;&nbsp;HTS_Init
<LI><a href="#[c8]">&gt;&gt;</a>&nbsp;&nbsp;&nbsp;HRS_Init
<LI><a href="#[c7]">&gt;&gt;</a>&nbsp;&nbsp;&nbsp;HIDS_Init
<LI><a href="#[c6]">&gt;&gt;</a>&nbsp;&nbsp;&nbsp;EDS_STM_Init
<LI><a href="#[c5]">&gt;&gt;</a>&nbsp;&nbsp;&nbsp;DIS_Init
<LI><a href="#[c4]">&gt;&gt;</a>&nbsp;&nbsp;&nbsp;CRS_STM_Init
<LI><a href="#[c3]">&gt;&gt;</a>&nbsp;&nbsp;&nbsp;BLS_Init
<LI><a href="#[c2]">&gt;&gt;</a>&nbsp;&nbsp;&nbsp;BAS_Init
</UL>
<BR>[Called By]<UL><LI><a href="#[79]">&gt;&gt;</a>&nbsp;&nbsp;&nbsp;SVCCTL_Init
</UL>

<P><STRONG><a name="[81]"></a>SVCCTL_UserEvtRx</STRONG> (Thumb, 86 bytes, Stack size 16 bytes, svc_ctl.o(.text.SVCCTL_UserEvtRx))
<BR><BR>[Stack]<UL><LI>Max Depth = 488<LI>Call Chain = SVCCTL_UserEvtRx &rArr; SVCCTL_App_Notification &rArr; aci_gap_set_discoverable &rArr; hci_send_req &rArr; hci_cmd_resp_wait &rArr; UTIL_SEQ_WaitEvt &rArr; UTIL_SEQ_EvtIdle &rArr; UTIL_SEQ_Run
</UL>
<BR>[Calls]<UL><LI><a href="#[b8]">&gt;&gt;</a>&nbsp;&nbsp;&nbsp;SVCCTL_App_Notification
</UL>
<BR>[Called By]<UL><LI><a href="#[4d]">&gt;&gt;</a>&nbsp;&nbsp;&nbsp;BLE_UserEvtRx
</UL>

<P><STRONG><a name="[6]"></a>SVC_Handler</STRONG> (Thumb, 2 bytes, Stack size 0 bytes, stm32wbxx_it.o(.text.SVC_Handler))
<BR>[Address Reference Count : 1]<UL><LI> startup_stm32wb55xx_cm4.o(RESET)
</UL>
<P><STRONG><a name="[9]"></a>SysTick_Handler</STRONG> (Thumb, 4 bytes, Stack size 0 bytes, stm32wbxx_it.o(.text.SysTick_Handler))
<BR><BR>[Calls]<UL><LI><a href="#[d4]">&gt;&gt;</a>&nbsp;&nbsp;&nbsp;HAL_IncTick
</UL>
<BR>[Address Reference Count : 1]<UL><LI> startup_stm32wb55xx_cm4.o(RESET)
</UL>
<P><STRONG><a name="[4a]"></a>SystemInit</STRONG> (Thumb, 104 bytes, Stack size 0 bytes, system_stm32wbxx.o(.text.SystemInit))
<BR>[Address Reference Count : 1]<UL><LI> startup_stm32wb55xx_cm4.o(.text)
</UL>
<P><STRONG><a name="[58]"></a>TL_BLE_Init</STRONG> (Thumb, 70 bytes, Stack size 16 bytes, tl_mbox.o(.text.TL_BLE_Init))
<BR><BR>[Stack]<UL><LI>Max Depth = 16<LI>Call Chain = TL_BLE_Init
</UL>
<BR>[Calls]<UL><LI><a href="#[d6]">&gt;&gt;</a>&nbsp;&nbsp;&nbsp;HW_IPCC_BLE_Init
<LI><a href="#[d5]">&gt;&gt;</a>&nbsp;&nbsp;&nbsp;LST_init_head
</UL>
<BR>[Address Reference Count : 1]<UL><LI> hci_tl_if.o(.text.hci_register_io_bus)
</UL>
<P><STRONG><a name="[59]"></a>TL_BLE_SendCmd</STRONG> (Thumb, 28 bytes, Stack size 8 bytes, tl_mbox.o(.text.TL_BLE_SendCmd))
<BR><BR>[Stack]<UL><LI>Max Depth = 8<LI>Call Chain = TL_BLE_SendCmd
</UL>
<BR>[Calls]<UL><LI><a href="#[d7]">&gt;&gt;</a>&nbsp;&nbsp;&nbsp;HW_IPCC_BLE_SendCmd
</UL>
<BR>[Address Reference Count : 1]<UL><LI> hci_tl_if.o(.text.hci_register_io_bus)
</UL>
<P><STRONG><a name="[ae]"></a>TL_Enable</STRONG> (Thumb, 4 bytes, Stack size 0 bytes, tl_mbox.o(.text.TL_Enable))
<BR><BR>[Stack]<UL><LI>Max Depth = 4<LI>Call Chain = TL_Enable &rArr; HW_IPCC_Enable
</UL>
<BR>[Calls]<UL><LI><a href="#[d8]">&gt;&gt;</a>&nbsp;&nbsp;&nbsp;HW_IPCC_Enable
</UL>
<BR>[Called By]<UL><LI><a href="#[a9]">&gt;&gt;</a>&nbsp;&nbsp;&nbsp;MX_APPE_Init
</UL>

<P><STRONG><a name="[ab]"></a>TL_Init</STRONG> (Thumb, 76 bytes, Stack size 0 bytes, tl_mbox.o(.text.TL_Init))
<BR><BR>[Stack]<UL><LI>Max Depth = 16<LI>Call Chain = TL_Init &rArr; HW_IPCC_Init
</UL>
<BR>[Calls]<UL><LI><a href="#[9d]">&gt;&gt;</a>&nbsp;&nbsp;&nbsp;HW_IPCC_Init
</UL>
<BR>[Called By]<UL><LI><a href="#[a9]">&gt;&gt;</a>&nbsp;&nbsp;&nbsp;MX_APPE_Init
</UL>

<P><STRONG><a name="[d9]"></a>TL_MM_EvtDone</STRONG> (Thumb, 34 bytes, Stack size 8 bytes, tl_mbox.o(.text.TL_MM_EvtDone))
<BR><BR>[Stack]<UL><LI>Max Depth = 16<LI>Call Chain = TL_MM_EvtDone &rArr; HW_IPCC_MM_SendFreeBuf
</UL>
<BR>[Calls]<UL><LI><a href="#[da]">&gt;&gt;</a>&nbsp;&nbsp;&nbsp;HW_IPCC_MM_SendFreeBuf
<LI><a href="#[d3]">&gt;&gt;</a>&nbsp;&nbsp;&nbsp;LST_insert_tail
</UL>
<BR>[Called By]<UL><LI><a href="#[4e]">&gt;&gt;</a>&nbsp;&nbsp;&nbsp;hci_user_evt_proc
<LI><a href="#[52]">&gt;&gt;</a>&nbsp;&nbsp;&nbsp;shci_user_evt_proc
</UL>

<P><STRONG><a name="[ad]"></a>TL_MM_Init</STRONG> (Thumb, 72 bytes, Stack size 16 bytes, tl_mbox.o(.text.TL_MM_Init))
<BR><BR>[Stack]<UL><LI>Max Depth = 16<LI>Call Chain = TL_MM_Init
</UL>
<BR>[Calls]<UL><LI><a href="#[d5]">&gt;&gt;</a>&nbsp;&nbsp;&nbsp;LST_init_head
</UL>
<BR>[Called By]<UL><LI><a href="#[a9]">&gt;&gt;</a>&nbsp;&nbsp;&nbsp;MX_APPE_Init
</UL>

<P><STRONG><a name="[5c]"></a>TL_SYS_Init</STRONG> (Thumb, 58 bytes, Stack size 16 bytes, tl_mbox.o(.text.TL_SYS_Init))
<BR><BR>[Stack]<UL><LI>Max Depth = 16<LI>Call Chain = TL_SYS_Init
</UL>
<BR>[Calls]<UL><LI><a href="#[db]">&gt;&gt;</a>&nbsp;&nbsp;&nbsp;HW_IPCC_SYS_Init
<LI><a href="#[d5]">&gt;&gt;</a>&nbsp;&nbsp;&nbsp;LST_init_head
</UL>
<BR>[Address Reference Count : 1]<UL><LI> shci_tl_if.o(.text.shci_register_io_bus)
</UL>
<P><STRONG><a name="[5d]"></a>TL_SYS_SendCmd</STRONG> (Thumb, 28 bytes, Stack size 8 bytes, tl_mbox.o(.text.TL_SYS_SendCmd))
<BR><BR>[Stack]<UL><LI>Max Depth = 8<LI>Call Chain = TL_SYS_SendCmd
</UL>
<BR>[Calls]<UL><LI><a href="#[dc]">&gt;&gt;</a>&nbsp;&nbsp;&nbsp;HW_IPCC_SYS_SendCmd
</UL>
<BR>[Address Reference Count : 1]<UL><LI> shci_tl_if.o(.text.shci_register_io_bus)
</UL>
<P><STRONG><a name="[a1]"></a>TL_TRACES_EvtReceived</STRONG> (Thumb, 2 bytes, Stack size 0 bytes, tl_mbox.o(.text.TL_TRACES_EvtReceived))
<BR><BR>[Called By]<UL><LI><a href="#[a0]">&gt;&gt;</a>&nbsp;&nbsp;&nbsp;HW_IPCC_TRACES_EvtNot
</UL>

<P><STRONG><a name="[65]"></a>TL_TRACES_Init</STRONG> (Thumb, 36 bytes, Stack size 8 bytes, tl_mbox.o(.text.TL_TRACES_Init))
<BR><BR>[Stack]<UL><LI>Max Depth = 8<LI>Call Chain = TL_TRACES_Init
</UL>
<BR>[Calls]<UL><LI><a href="#[dd]">&gt;&gt;</a>&nbsp;&nbsp;&nbsp;HW_IPCC_TRACES_Init
<LI><a href="#[d5]">&gt;&gt;</a>&nbsp;&nbsp;&nbsp;LST_init_head
</UL>
<BR>[Called By]<UL><LI><a href="#[64]">&gt;&gt;</a>&nbsp;&nbsp;&nbsp;APPD_EnableCPU2
</UL>

<P><STRONG><a name="[cc]"></a>TPS_Init</STRONG> (Thumb, 2 bytes, Stack size 0 bytes, svc_ctl.o(.text.TPS_Init))
<BR><BR>[Called By]<UL><LI><a href="#[bd]">&gt;&gt;</a>&nbsp;&nbsp;&nbsp;SVCCTL_SvcInit
</UL>

<P><STRONG><a name="[aa]"></a>UTIL_LPM_Init</STRONG> (Thumb, 16 bytes, Stack size 0 bytes, stm32_lpm.o(.text.UTIL_LPM_Init))
<BR><BR>[Called By]<UL><LI><a href="#[a9]">&gt;&gt;</a>&nbsp;&nbsp;&nbsp;MX_APPE_Init
</UL>

<P><STRONG><a name="[6a]"></a>UTIL_LPM_SetOffMode</STRONG> (Thumb, 46 bytes, Stack size 0 bytes, stm32_lpm.o(.text.UTIL_LPM_SetOffMode))
<BR><BR>[Called By]<UL><LI><a href="#[69]">&gt;&gt;</a>&nbsp;&nbsp;&nbsp;APP_BLE_Init
<LI><a href="#[54]">&gt;&gt;</a>&nbsp;&nbsp;&nbsp;APPE_SysUserEvtRx
</UL>

<P><STRONG><a name="[e2]"></a>UTIL_SEQ_EvtIdle</STRONG> (Thumb, 8 bytes, Stack size 0 bytes, app_entry.o(.text.UTIL_SEQ_EvtIdle))
<BR><BR>[Stack]<UL><LI>Max Depth = 40<LI>Call Chain = UTIL_SEQ_EvtIdle &rArr; UTIL_SEQ_Run
</UL>
<BR>[Calls]<UL><LI><a href="#[b0]">&gt;&gt;</a>&nbsp;&nbsp;&nbsp;UTIL_SEQ_Run
</UL>
<BR>[Called By]<UL><LI><a href="#[e6]">&gt;&gt;</a>&nbsp;&nbsp;&nbsp;UTIL_SEQ_WaitEvt
</UL>

<P><STRONG><a name="[e4]"></a>UTIL_SEQ_Idle</STRONG> (Thumb, 2 bytes, Stack size 0 bytes, app_entry.o(.text.UTIL_SEQ_Idle))
<BR><BR>[Called By]<UL><LI><a href="#[b0]">&gt;&gt;</a>&nbsp;&nbsp;&nbsp;UTIL_SEQ_Run
</UL>

<P><STRONG><a name="[7f]"></a>UTIL_SEQ_PauseTask</STRONG> (Thumb, 32 bytes, Stack size 0 bytes, stm32_seq.o(.text.UTIL_SEQ_PauseTask))
<BR><BR>[Called By]<UL><LI><a href="#[4c]">&gt;&gt;</a>&nbsp;&nbsp;&nbsp;BLE_StatusNot
</UL>

<P><STRONG><a name="[e5]"></a>UTIL_SEQ_PostIdle</STRONG> (Thumb, 2 bytes, Stack size 0 bytes, stm32_seq.o(.text.UTIL_SEQ_PostIdle))
<BR><BR>[Called By]<UL><LI><a href="#[b0]">&gt;&gt;</a>&nbsp;&nbsp;&nbsp;UTIL_SEQ_Run
</UL>

<P><STRONG><a name="[e3]"></a>UTIL_SEQ_PreIdle</STRONG> (Thumb, 2 bytes, Stack size 0 bytes, stm32_seq.o(.text.UTIL_SEQ_PreIdle))
<BR><BR>[Called By]<UL><LI><a href="#[b0]">&gt;&gt;</a>&nbsp;&nbsp;&nbsp;UTIL_SEQ_Run
</UL>

<P><STRONG><a name="[6c]"></a>UTIL_SEQ_RegTask</STRONG> (Thumb, 86 bytes, Stack size 0 bytes, stm32_seq.o(.text.UTIL_SEQ_RegTask))
<BR><BR>[Called By]<UL><LI><a href="#[69]">&gt;&gt;</a>&nbsp;&nbsp;&nbsp;APP_BLE_Init
<LI><a href="#[a9]">&gt;&gt;</a>&nbsp;&nbsp;&nbsp;MX_APPE_Init
</UL>

<P><STRONG><a name="[80]"></a>UTIL_SEQ_ResumeTask</STRONG> (Thumb, 30 bytes, Stack size 0 bytes, stm32_seq.o(.text.UTIL_SEQ_ResumeTask))
<BR><BR>[Called By]<UL><LI><a href="#[4c]">&gt;&gt;</a>&nbsp;&nbsp;&nbsp;BLE_StatusNot
</UL>

<P><STRONG><a name="[b0]"></a>UTIL_SEQ_Run</STRONG> (Thumb, 386 bytes, Stack size 40 bytes, stm32_seq.o(.text.UTIL_SEQ_Run))
<BR><BR>[Stack]<UL><LI>Max Depth = 40<LI>Call Chain = UTIL_SEQ_Run
</UL>
[...]
<BR><BR>[Stack]<UL><LI>Max Depth = 424<LI>Call Chain = aci_gatt_add_service &rArr; hci_send_req &rArr; hci_cmd_resp_wait &rArr; UTIL_SEQ_WaitEvt &rArr; UTIL_SEQ_EvtIdle &rArr; UTIL_SEQ_Run
</UL>
<BR>[Calls]<UL><LI><a href="#[e7]">&gt;&gt;</a>&nbsp;&nbsp;&nbsp;hci_send_req
<LI><a href="#[b5]">&gt;&gt;</a>&nbsp;&nbsp;&nbsp;Osal_MemSet
<LI><a href="#[b3]">&gt;&gt;</a>&nbsp;&nbsp;&nbsp;Osal_MemCpy
</UL>
<BR>[Called By]<UL><LI><a href="#[be]">&gt;&gt;</a>&nbsp;&nbsp;&nbsp;SVCCTL_InitCustomSvc
</UL>

<P><STRONG><a name="[bb]"></a>aci_gatt_confirm_indication</STRONG> (Thumb, 76 bytes, Stack size 296 bytes, ble_gatt_aci.o(.text.aci_gatt_confirm_indication))
<BR><BR>[Stack]<UL><LI>Max Depth = 400<LI>Call Chain = aci_gatt_confirm_indication &rArr; hci_send_req &rArr; hci_cmd_resp_wait &rArr; UTIL_SEQ_WaitEvt &rArr; UTIL_SEQ_EvtIdle &rArr; UTIL_SEQ_Run
</UL>
<BR>[Calls]<UL><LI><a href="#[e7]">&gt;&gt;</a>&nbsp;&nbsp;&nbsp;hci_send_req
<LI><a href="#[b5]">&gt;&gt;</a>&nbsp;&nbsp;&nbsp;Osal_MemSet
</UL>
<BR>[Called By]<UL><LI><a href="#[b8]">&gt;&gt;</a>&nbsp;&nbsp;&nbsp;SVCCTL_App_Notification
</UL>

<P><STRONG><a name="[73]"></a>aci_gatt_init</STRONG> (Thumb, 64 bytes, Stack size 40 bytes, ble_gatt_aci.o(.text.aci_gatt_init))
<BR><BR>[Stack]<UL><LI>Max Depth = 144<LI>Call Chain = aci_gatt_init &rArr; hci_send_req &rArr; hci_cmd_resp_wait &rArr; UTIL_SEQ_WaitEvt &rArr; UTIL_SEQ_EvtIdle &rArr; UTIL_SEQ_Run
</UL>
<BR>[Calls]<UL><LI><a href="#[e7]">&gt;&gt;</a>&nbsp;&nbsp;&nbsp;hci_send_req
<LI><a href="#[b5]">&gt;&gt;</a>&nbsp;&nbsp;&nbsp;Osal_MemSet
</UL>
<BR>[Called By]<UL><LI><a href="#[69]">&gt;&gt;</a>&nbsp;&nbsp;&nbsp;APP_BLE_Init
</UL>

<P><STRONG><a name="[75]"></a>aci_gatt_update_char_value</STRONG> (Thumb, 104 bytes, Stack size 304 bytes, ble_gatt_aci.o(.text.aci_gatt_update_char_value))
<BR><BR>[Stack]<UL><LI>Max Depth = 408<LI>Call Chain = aci_gatt_update_char_value &rArr; hci_send_req &rArr; hci_cmd_resp_wait &rArr; UTIL_SEQ_WaitEvt &rArr; UTIL_SEQ_EvtIdle &rArr; UTIL_SEQ_Run
</UL>
<BR>[Calls]<UL><LI><a href="#[e7]">&gt;&gt;</a>&nbsp;&nbsp;&nbsp;hci_send_req
<LI><a href="#[b5]">&gt;&gt;</a>&nbsp;&nbsp;&nbsp;Osal_MemSet
<LI><a href="#[b3]">&gt;&gt;</a>&nbsp;&nbsp;&nbsp;Osal_MemCpy
</UL>
<BR>[Called By]<UL><LI><a href="#[69]">&gt;&gt;</a>&nbsp;&nbsp;&nbsp;APP_BLE_Init
</UL>

<P><STRONG><a name="[7a]"></a>aci_hal_set_radio_activity_mask</STRONG> (Thumb, 76 bytes, Stack size 296 bytes, ble_hal_aci.o(.text.aci_hal_set_radio_activity_mask))
<BR><BR>[Stack]<UL><LI>Max Depth = 400<LI>Call Chain = aci_hal_set_radio_activity_mask &rArr; hci_send_req &rArr; hci_cmd_resp_wait &rArr; UTIL_SEQ_WaitEvt &rArr; UTIL_SEQ_EvtIdle &rArr; UTIL_SEQ_Run
</UL>
<BR>[Calls]<UL><LI><a href="#[e7]">&gt;&gt;</a>&nbsp;&nbsp;&nbsp;hci_send_req
<LI><a href="#[b5]">&gt;&gt;</a>&nbsp;&nbsp;&nbsp;Osal_MemSet
</UL>
<BR>[Called By]<UL><LI><a href="#[69]">&gt;&gt;</a>&nbsp;&nbsp;&nbsp;APP_BLE_Init
</UL>

<P><STRONG><a name="[72]"></a>aci_hal_set_tx_power_level</STRONG> (Thumb, 80 bytes, Stack size 288 bytes, ble_hal_aci.o(.text.aci_hal_set_tx_power_level))
<BR><BR>[Stack]<UL><LI>Max Depth = 392<LI>Call Chain = aci_hal_set_tx_power_level &rArr; hci_send_req &rArr; hci_cmd_resp_wait &rArr; UTIL_SEQ_WaitEvt &rArr; UTIL_SEQ_EvtIdle &rArr; UTIL_SEQ_Run
</UL>
<BR>[Calls]<UL><LI><a href="#[e7]">&gt;&gt;</a>&nbsp;&nbsp;&nbsp;hci_send_req
<LI><a href="#[b5]">&gt;&gt;</a>&nbsp;&nbsp;&nbsp;Osal_MemSet
</UL>
<BR>[Called By]<UL><LI><a href="#[69]">&gt;&gt;</a>&nbsp;&nbsp;&nbsp;APP_BLE_Init
</UL>

<P><STRONG><a name="[71]"></a>aci_hal_write_config_data</STRONG> (Thumb, 92 bytes, Stack size 296 bytes, ble_hal_aci.o(.text.aci_hal_write_config_data))
<BR><BR>[Stack]<UL><LI>Max Depth = 400<LI>Call Chain = aci_hal_write_config_data &rArr; hci_send_req &rArr; hci_cmd_resp_wait &rArr; UTIL_SEQ_WaitEvt &rArr; UTIL_SEQ_EvtIdle &rArr; UTIL_SEQ_Run
</UL>
<BR>[Calls]<UL><LI><a href="#[e7]">&gt;&gt;</a>&nbsp;&nbsp;&nbsp;hci_send_req
<LI><a href="#[b5]">&gt;&gt;</a>&nbsp;&nbsp;&nbsp;Osal_MemSet
<LI><a href="#[b3]">&gt;&gt;</a>&nbsp;&nbsp;&nbsp;Osal_MemCpy
</UL>
<BR>[Called By]<UL><LI><a href="#[69]">&gt;&gt;</a>&nbsp;&nbsp;&nbsp;APP_BLE_Init
</UL>

<P><STRONG><a name="[df]"></a>hci_cmd_resp_release</STRONG> (Thumb, 6 bytes, Stack size 0 bytes, app_ble.o(.text.hci_cmd_resp_release))
<BR><BR>[Calls]<UL><LI><a href="#[e8]">&gt;&gt;</a>&nbsp;&nbsp;&nbsp;UTIL_SEQ_SetEvt
</UL>
<BR>[Called By]<UL><LI><a href="#[57]">&gt;&gt;</a>&nbsp;&nbsp;&nbsp;TlEvtReceived
</UL>

<P><STRONG><a name="[e9]"></a>hci_cmd_resp_wait</STRONG> (Thumb, 6 bytes, Stack size 0 bytes, app_ble.o(.text.hci_cmd_resp_wait))
<BR><BR>[Stack]<UL><LI>Max Depth = 64<LI>Call Chain = hci_cmd_resp_wait &rArr; UTIL_SEQ_WaitEvt &rArr; UTIL_SEQ_EvtIdle &rArr; UTIL_SEQ_Run
</UL>
<BR>[Calls]<UL><LI><a href="#[e6]">&gt;&gt;</a>&nbsp;&nbsp;&nbsp;UTIL_SEQ_WaitEvt
</UL>
<BR>[Called By]<UL><LI><a href="#[e7]">&gt;&gt;</a>&nbsp;&nbsp;&nbsp;hci_send_req
</UL>

<P><STRONG><a name="[6b]"></a>hci_init</STRONG> (Thumb, 84 bytes, Stack size 32 bytes, hci_tl.o(.text.hci_init))
<BR><BR>[Stack]<UL><LI>Max Depth = 32<LI>Call Chain = hci_init
</UL>
<BR>[Calls]<UL><LI><a href="#[d5]">&gt;&gt;</a>&nbsp;&nbsp;&nbsp;LST_init_head
<LI><a href="#[ea]">&gt;&gt;</a>&nbsp;&nbsp;&nbsp;hci_register_io_bus
</UL>
<BR>[Called By]<UL><LI><a href="#[69]">&gt;&gt;</a>&nbsp;&nbsp;&nbsp;APP_BLE_Init
</UL>

<P><STRONG><a name="[76]"></a>hci_le_set_default_phy</STRONG> (Thumb, 84 bytes, Stack size 288 bytes, ble_hci_le.o(.text.hci_le_set_default_phy))
<BR><BR>[Stack]<UL><LI>Max Depth = 392<LI>Call Chain = hci_le_set_default_phy &rArr; hci_send_req &rArr; hci_cmd_resp_wait &rArr; UTIL_SEQ_WaitEvt &rArr; UTIL_SEQ_EvtIdle &rArr; UTIL_SEQ_Run
</UL>
<BR>[Calls]<UL><LI><a href="#[e7]">&gt;&gt;</a>&nbsp;&nbsp;&nbsp;hci_send_req
<LI><a href="#[b5]">&gt;&gt;</a>&nbsp;&nbsp;&nbsp;Osal_MemSet
</UL>
<BR>[Called By]<UL><LI><a href="#[69]">&gt;&gt;</a>&nbsp;&nbsp;&nbsp;APP_BLE_Init
</UL>

<P><STRONG><a name="[e0]"></a>hci_notify_asynch_evt</STRONG> (Thumb, 8 bytes, Stack size 0 bytes, app_ble.o(.text.hci_notify_asynch_evt))
<BR><BR>[Calls]<UL><LI><a href="#[eb]">&gt;&gt;</a>&nbsp;&nbsp;&nbsp;UTIL_SEQ_SetTask
</UL>
<BR>[Called By]<UL><LI><a href="#[4e]">&gt;&gt;</a>&nbsp;&nbsp;&nbsp;hci_user_evt_proc
<LI><a href="#[57]">&gt;&gt;</a>&nbsp;&nbsp;&nbsp;TlEvtReceived
</UL>

<P><STRONG><a name="[ea]"></a>hci_register_io_bus</STRONG> (Thumb, 22 bytes, Stack size 0 bytes, hci_tl_if.o(.text.hci_register_io_bus))
<BR><BR>[Called By]<UL><LI><a href="#[6b]">&gt;&gt;</a>&nbsp;&nbsp;&nbsp;hci_init
</UL>

<P><STRONG><a name="[6f]"></a>hci_reset</STRONG> (Thumb, 62 bytes, Stack size 40 bytes, ble_hci_le.o(.text.hci_reset))
<BR><BR>[Stack]<UL><LI>Max Depth = 144<LI>Call Chain = hci_reset &rArr; hci_send_req &rArr; hci_cmd_resp_wait &rArr; UTIL_SEQ_WaitEvt &rArr; UTIL_SEQ_EvtIdle &rArr; UTIL_SEQ_Run
</UL>
<BR>[Calls]<UL><LI><a href="#[e7]">&gt;&gt;</a>&nbsp;&nbsp;&nbsp;hci_send_req
<LI><a href="#[b5]">&gt;&gt;</a>&nbsp;&nbsp;&nbsp;Osal_MemSet
</UL>
<BR>[Called By]<UL><LI><a href="#[69]">&gt;&gt;</a>&nbsp;&nbsp;&nbsp;APP_BLE_Init
</UL>

<P><STRONG><a name="[e7]"></a>hci_send_req</STRONG> (Thumb, 234 bytes, Stack size 40 bytes, hci_tl.o(.text.hci_send_req))
<BR><BR>[Stack]<UL><LI>Max Depth = 104<LI>Call Chain = hci_send_req &rArr; hci_cmd_resp_wait &rArr; UTIL_SEQ_WaitEvt &rArr; UTIL_SEQ_EvtIdle &rArr; UTIL_SEQ_Run
</UL>
<BR>[Calls]<UL><LI><a href="#[e9]">&gt;&gt;</a>&nbsp;&nbsp;&nbsp;hci_cmd_resp_wait
<LI><a href="#[9c]">&gt;&gt;</a>&nbsp;&nbsp;&nbsp;LST_remove_head
<LI><a href="#[9b]">&gt;&gt;</a>&nbsp;&nbsp;&nbsp;LST_is_empty
<LI><a href="#[b4]">&gt;&gt;</a>&nbsp;&nbsp;&nbsp;__aeabi_memcpy
</UL>
<BR>[Called By]<UL><LI><a href="#[c1]">&gt;&gt;</a>&nbsp;&nbsp;&nbsp;aci_gatt_add_char
<LI><a href="#[c0]">&gt;&gt;</a>&nbsp;&nbsp;&nbsp;aci_gatt_add_service
<LI><a href="#[bc]">&gt;&gt;</a>&nbsp;&nbsp;&nbsp;aci_gap_numeric_comparison_value_confirm_yesno
<LI><a href="#[bb]">&gt;&gt;</a>&nbsp;&nbsp;&nbsp;aci_gatt_confirm_indication
<LI><a href="#[ba]">&gt;&gt;</a>&nbsp;&nbsp;&nbsp;aci_gap_pass_key_resp
<LI><a href="#[7e]">&gt;&gt;</a>&nbsp;&nbsp;&nbsp;aci_gap_set_non_discoverable
<LI><a href="#[7d]">&gt;&gt;</a>&nbsp;&nbsp;&nbsp;aci_gap_update_adv_data
<LI><a href="#[7c]">&gt;&gt;</a>&nbsp;&nbsp;&nbsp;aci_gap_set_discoverable
<LI><a href="#[7a]">&gt;&gt;</a>&nbsp;&nbsp;&nbsp;aci_hal_set_radio_activity_mask
<LI><a href="#[78]">&gt;&gt;</a>&nbsp;&nbsp;&nbsp;aci_gap_set_authentication_requirement
<LI><a href="#[77]">&gt;&gt;</a>&nbsp;&nbsp;&nbsp;aci_gap_set_io_capability
<LI><a href="#[76]">&gt;&gt;</a>&nbsp;&nbsp;&nbsp;hci_le_set_default_phy
<LI><a href="#[75]">&gt;&gt;</a>&nbsp;&nbsp;&nbsp;aci_gatt_update_char_value
<LI><a href="#[74]">&gt;&gt;</a>&nbsp;&nbsp;&nbsp;aci_gap_init
<LI><a href="#[73]">&gt;&gt;</a>&nbsp;&nbsp;&nbsp;aci_gatt_init
<LI><a href="#[72]">&gt;&gt;</a>&nbsp;&nbsp;&nbsp;aci_hal_set_tx_power_level
<LI><a href="#[71]">&gt;&gt;</a>&nbsp;&nbsp;&nbsp;aci_hal_write_config_data
<LI><a href="#[6f]">&gt;&gt;</a>&nbsp;&nbsp;&nbsp;hci_reset
</UL>

<P><STRONG><a name="[4e]"></a>hci_user_evt_proc</STRONG> (Thumb, 112 bytes, Stack size 32 bytes, hci_tl.o(.text.hci_user_evt_proc))
<BR><BR>[Stack]<UL><LI>Max Depth = 48<LI>Call Chain = hci_user_evt_proc &rArr; TL_MM_EvtDone &rArr; HW_IPCC_MM_SendFreeBuf
</UL>
<BR>[Calls]<UL><LI><a href="#[e0]">&gt;&gt;</a>&nbsp;&nbsp;&nbsp;hci_notify_asynch_evt
<LI><a href="#[ec]">&gt;&gt;</a>&nbsp;&nbsp;&nbsp;LST_insert_head
<LI><a href="#[d9]">&gt;&gt;</a>&nbsp;&nbsp;&nbsp;TL_MM_EvtDone
<LI><a href="#[9c]">&gt;&gt;</a>&nbsp;&nbsp;&nbsp;LST_remove_head
<LI><a href="#[9b]">&gt;&gt;</a>&nbsp;&nbsp;&nbsp;LST_is_empty
</UL>
<BR>[Address Reference Count : 1]<UL><LI> app_ble.o(.text.APP_BLE_Init)
</UL>
<P><STRONG><a name="[49]"></a>main</STRONG> (Thumb, 242 bytes, Stack size 112 bytes, main.o(.text.main))
<BR><BR>[Stack]<UL><LI>Max Depth = 264<LI>Call Chain = main &rArr; MX_RTC_Init &rArr; HAL_RTC_Init &rArr; HAL_RTC_MspInit &rArr; HAL_RCCEx_PeriphCLKConfig
</UL>
<BR>[Calls]<UL><LI><a href="#[af]">&gt;&gt;</a>&nbsp;&nbsp;&nbsp;MX_APPE_Process
<LI><a href="#[a9]">&gt;&gt;</a>&nbsp;&nbsp;&nbsp;MX_APPE_Init
<LI><a href="#[ee]">&gt;&gt;</a>&nbsp;&nbsp;&nbsp;MX_RF_Init
<LI><a href="#[b2]">&gt;&gt;</a>&nbsp;&nbsp;&nbsp;MX_RTC_Init
<LI><a href="#[ed]">&gt;&gt;</a>&nbsp;&nbsp;&nbsp;MX_GPIO_Init
<LI><a href="#[b1]">&gt;&gt;</a>&nbsp;&nbsp;&nbsp;MX_IPCC_Init
<LI><a href="#[8f]">&gt;&gt;</a>&nbsp;&nbsp;&nbsp;HAL_RCCEx_PeriphCLKConfig
<LI><a href="#[92]">&gt;&gt;</a>&nbsp;&nbsp;&nbsp;HAL_RCC_ClockConfig
<LI><a href="#[94]">&gt;&gt;</a>&nbsp;&nbsp;&nbsp;HAL_RCC_OscConfig
<LI><a href="#[90]">&gt;&gt;</a>&nbsp;&nbsp;&nbsp;HAL_PWR_EnableBkUpAccess
<LI><a href="#[a8]">&gt;&gt;</a>&nbsp;&nbsp;&nbsp;MX_APPE_Config
<LI><a href="#[89]">&gt;&gt;</a>&nbsp;&nbsp;&nbsp;HAL_Init
<LI><a href="#[99]">&gt;&gt;</a>&nbsp;&nbsp;&nbsp;__aeabi_memclr4
</UL>
<BR>[Address Reference Count : 1]<UL><LI> entry9a.o(.ARM.Collect$$$$0000000B)
</UL>
<P><STRONG><a name="[de]"></a>shci_cmd_resp_release</STRONG> (Thumb, 6 bytes, Stack size 0 bytes, app_entry.o(.text.shci_cmd_resp_release))
<BR><BR>[Calls]<UL><LI><a href="#[e8]">&gt;&gt;</a>&nbsp;&nbsp;&nbsp;UTIL_SEQ_SetEvt
</UL>
<BR>[Called By]<UL><LI><a href="#[5a]">&gt;&gt;</a>&nbsp;&nbsp;&nbsp;TlCmdEvtReceived
</UL>

<P><STRONG><a name="[ef]"></a>shci_cmd_resp_wait</STRONG> (Thumb, 6 bytes, Stack size 0 bytes, app_entry.o(.text.shci_cmd_resp_wait))
<BR><BR>[Stack]<UL><LI>Max Depth = 64<LI>Call Chain = shci_cmd_resp_wait &rArr; UTIL_SEQ_WaitEvt &rArr; UTIL_SEQ_EvtIdle &rArr; UTIL_SEQ_Run
</UL>
<BR>[Calls]<UL><LI><a href="#[e6]">&gt;&gt;</a>&nbsp;&nbsp;&nbsp;UTIL_SEQ_WaitEvt
</UL>
<BR>[Called By]<UL><LI><a href="#[b7]">&gt;&gt;</a>&nbsp;&nbsp;&nbsp;shci_send
</UL>

<P><STRONG><a name="[ac]"></a>shci_init</STRONG> (Thumb, 96 bytes, Stack size 32 bytes, shci_tl.o(.text.shci_init))
<BR><BR>[Stack]<UL><LI>Max Depth = 32<LI>Call Chain = shci_init
</UL>
<BR>[Calls]<UL><LI><a href="#[d5]">&gt;&gt;</a>&nbsp;&nbsp;&nbsp;LST_init_head
<LI><a href="#[f0]">&gt;&gt;</a>&nbsp;&nbsp;&nbsp;shci_register_io_bus
</UL>
<BR>[Called By]<UL><LI><a href="#[a9]">&gt;&gt;</a>&nbsp;&nbsp;&nbsp;MX_APPE_Init
</UL>

<P><STRONG><a name="[e1]"></a>shci_notify_asynch_evt</STRONG> (Thumb, 8 bytes, Stack size 0 bytes, app_entry.o(.text.shci_notify_asynch_evt))
<BR><BR>[Calls]<UL><LI><a href="#[eb]">&gt;&gt;</a>&nbsp;&nbsp;&nbsp;UTIL_SEQ_SetTask
</UL>
<BR>[Called By]<UL><LI><a href="#[52]">&gt;&gt;</a>&nbsp;&nbsp;&nbsp;shci_user_evt_proc
<LI><a href="#[5b]">&gt;&gt;</a>&nbsp;&nbsp;&nbsp;TlUserEvtReceived
</UL>

<P><STRONG><a name="[f0]"></a>shci_register_io_bus</STRONG> (Thumb, 22 bytes, Stack size 0 bytes, shci_tl_if.o(.text.shci_register_io_bus))
<BR><BR>[Called By]<UL><LI><a href="#[ac]">&gt;&gt;</a>&nbsp;&nbsp;&nbsp;shci_init
</UL>

<P><STRONG><a name="[b7]"></a>shci_send</STRONG> (Thumb, 126 bytes, Stack size 32 bytes, shci_tl.o(.text.shci_send))
<BR><BR>[Stack]<UL><LI>Max Depth = 96<LI>Call Chain = shci_send &rArr; shci_cmd_resp_wait &rArr; UTIL_SEQ_WaitEvt &rArr; UTIL_SEQ_EvtIdle &rArr; UTIL_SEQ_Run
</UL>
<BR>[Calls]<UL><LI><a href="#[ef]">&gt;&gt;</a>&nbsp;&nbsp;&nbsp;shci_cmd_resp_wait
<LI><a href="#[b4]">&gt;&gt;</a>&nbsp;&nbsp;&nbsp;__aeabi_memcpy
</UL>
<BR>[Called By]<UL><LI><a href="#[6d]">&gt;&gt;</a>&nbsp;&nbsp;&nbsp;SHCI_C2_BLE_Init
<LI><a href="#[66]">&gt;&gt;</a>&nbsp;&nbsp;&nbsp;SHCI_C2_DEBUG_Init
<LI><a href="#[68]">&gt;&gt;</a>&nbsp;&nbsp;&nbsp;SHCI_C2_Config
</UL>

<P><STRONG><a name="[52]"></a>shci_user_evt_proc</STRONG> (Thumb, 112 bytes, Stack size 32 bytes, shci_tl.o(.text.shci_user_evt_proc))
<BR><BR>[Stack]<UL><LI>Max Depth = 48<LI>Call Chain = shci_user_evt_proc &rArr; TL_MM_EvtDone &rArr; HW_IPCC_MM_SendFreeBuf
</UL>
<BR>[Calls]<UL><LI><a href="#[e1]">&gt;&gt;</a>&nbsp;&nbsp;&nbsp;shci_notify_asynch_evt
<LI><a href="#[ec]">&gt;&gt;</a>&nbsp;&nbsp;&nbsp;LST_insert_head
<LI><a href="#[d9]">&gt;&gt;</a>&nbsp;&nbsp;&nbsp;TL_MM_EvtDone
<LI><a href="#[9c]">&gt;&gt;</a>&nbsp;&nbsp;&nbsp;LST_remove_head
<LI><a href="#[9b]">&gt;&gt;</a>&nbsp;&nbsp;&nbsp;LST_is_empty
</UL>
<BR>[Address Reference Count : 1]<UL><LI> app_entry.o(.text.MX_APPE_Init)
</UL>
<P><STRONG><a name="[ff]"></a>__scatterload_copy</STRONG> (Thumb, 14 bytes, Stack size unknown bytes, handlers.o(i.__scatterload_copy), UNUSED)

<P><STRONG><a name="[100]"></a>__scatterload_null</STRONG> (Thumb, 2 bytes, Stack size unknown bytes, handlers.o(i.__scatterload_null), UNUSED)

<P><STRONG><a name="[101]"></a>__scatterload_zeroinit</STRONG> (Thumb, 14 bytes, Stack size unknown bytes, handlers.o(i.__scatterload_zeroinit), UNUSED)
<P>
<H3>
Local Symbols
</H3>
<P><STRONG><a name="[53]"></a>APPE_SysStatusNot</STRONG> (Thumb, 2 bytes, Stack size 0 bytes, app_entry.o(.text.APPE_SysStatusNot))
<BR>[Address Reference Count : 1]<UL><LI> app_entry.o(.text.MX_APPE_Init)
</UL>
<P><STRONG><a name="[54]"></a>APPE_SysUserEvtRx</STRONG> (Thumb, 118 bytes, Stack size 40 bytes, app_entry.o(.text.APPE_SysUserEvtRx))
<BR><BR>[Stack]<UL><LI>Max Depth = 664<LI>Call Chain = APPE_SysUserEvtRx &rArr; APP_BLE_Init &rArr; SVCCTL_Init &rArr; SVCCTL_SvcInit &rArr; SVCCTL_InitCustomSvc &rArr; aci_gatt_add_char &rArr; hci_send_req &rArr; hci_cmd_resp_wait &rArr; UTIL_SEQ_WaitEvt &rArr; UTIL_SEQ_EvtIdle &rArr; UTIL_SEQ_Run
</UL>
<BR>[Calls]<UL><LI><a href="#[6a]">&gt;&gt;</a>&nbsp;&nbsp;&nbsp;UTIL_LPM_SetOffMode
<LI><a href="#[69]">&gt;&gt;</a>&nbsp;&nbsp;&nbsp;APP_BLE_Init
<LI><a href="#[68]">&gt;&gt;</a>&nbsp;&nbsp;&nbsp;SHCI_C2_Config
<LI><a href="#[64]">&gt;&gt;</a>&nbsp;&nbsp;&nbsp;APPD_EnableCPU2
<LI><a href="#[67]">&gt;&gt;</a>&nbsp;&nbsp;&nbsp;SHCI_GetWirelessFwInfo
</UL>
<BR>[Address Reference Count : 1]<UL><LI> app_entry.o(.text.MX_APPE_Init)
</UL>
<P><STRONG><a name="[4c]"></a>BLE_StatusNot</STRONG> (Thumb, 22 bytes, Stack size 0 bytes, app_ble.o(.text.BLE_StatusNot))
<BR><BR>[Calls]<UL><LI><a href="#[80]">&gt;&gt;</a>&nbsp;&nbsp;&nbsp;UTIL_SEQ_ResumeTask
<LI><a href="#[7f]">&gt;&gt;</a>&nbsp;&nbsp;&nbsp;UTIL_SEQ_PauseTask
</UL>
<BR>[Address Reference Count : 1]<UL><LI> app_ble.o(.text.APP_BLE_Init)
</UL>
<P><STRONG><a name="[4d]"></a>BLE_UserEvtRx</STRONG> (Thumb, 22 bytes, Stack size 8 bytes, app_ble.o(.text.BLE_UserEvtRx))
<BR><BR>[Stack]<UL><LI>Max Depth = 496<LI>Call Chain = BLE_UserEvtRx &rArr; SVCCTL_UserEvtRx &rArr; SVCCTL_App_Notification &rArr; aci_gap_set_discoverable &rArr; hci_send_req &rArr; hci_cmd_resp_wait &rArr; UTIL_SEQ_WaitEvt &rArr; UTIL_SEQ_EvtIdle &rArr; UTIL_SEQ_Run
</UL>
<BR>[Calls]<UL><LI><a href="#[81]">&gt;&gt;</a>&nbsp;&nbsp;&nbsp;SVCCTL_UserEvtRx
</UL>
<BR>[Address Reference Count : 1]<UL><LI> app_ble.o(.text.APP_BLE_Init)
</UL>
<P><STRONG><a name="[4f]"></a>Adv_Cancel</STRONG> (Thumb, 28 bytes, Stack size 8 bytes, app_ble.o(.text.Adv_Cancel))
<BR><BR>[Stack]<UL><LI>Max Depth = 152<LI>Call Chain = Adv_Cancel &rArr; aci_gap_set_non_discoverable &rArr; hci_send_req &rArr; hci_cmd_resp_wait &rArr; UTIL_SEQ_WaitEvt &rArr; UTIL_SEQ_EvtIdle &rArr; UTIL_SEQ_Run
</UL>
<BR>[Calls]<UL><LI><a href="#[7e]">&gt;&gt;</a>&nbsp;&nbsp;&nbsp;aci_gap_set_non_discoverable
</UL>
<BR>[Address Reference Count : 1]<UL><LI> app_ble.o(.text.APP_BLE_Init)
</UL>
<P><STRONG><a name="[55]"></a>Custom_STM_Event_Handler</STRONG> (Thumb, 54 bytes, Stack size 32 bytes, custom_stm.o(.text.Custom_STM_Event_Handler))
<BR><BR>[Stack]<UL><LI>Max Depth = 32<LI>Call Chain = Custom_STM_Event_Handler
</UL>
<BR>[Calls]<UL><LI><a href="#[82]">&gt;&gt;</a>&nbsp;&nbsp;&nbsp;Custom_STM_App_Notification
</UL>
<BR>[Address Reference Count : 1]<UL><LI> custom_stm.o(.text.SVCCTL_InitCustomSvc)
</UL>
<P><STRONG><a name="[95]"></a>RCC_SetFlashLatencyFromMSIRange</STRONG> (Thumb, 228 bytes, Stack size 16 bytes, stm32wbxx_hal_rcc.o(.text.RCC_SetFlashLatencyFromMSIRange))
<BR><BR>[Stack]<UL><LI>Max Depth = 16<LI>Call Chain = RCC_SetFlashLatencyFromMSIRange
</UL>
<BR>[Calls]<UL><LI><a href="#[b6]">&gt;&gt;</a>&nbsp;&nbsp;&nbsp;HAL_PWREx_GetVoltageRange
<LI><a href="#[91]">&gt;&gt;</a>&nbsp;&nbsp;&nbsp;HAL_GetTick
</UL>
<BR>[Called By]<UL><LI><a href="#[94]">&gt;&gt;</a>&nbsp;&nbsp;&nbsp;HAL_RCC_OscConfig
</UL>

<P><STRONG><a name="[56]"></a>SendFreeBuf</STRONG> (Thumb, 68 bytes, Stack size 24 bytes, tl_mbox.o(.text.SendFreeBuf))
<BR><BR>[Stack]<UL><LI>Max Depth = 24<LI>Call Chain = SendFreeBuf
</UL>
<BR>[Calls]<UL><LI><a href="#[d3]">&gt;&gt;</a>&nbsp;&nbsp;&nbsp;LST_insert_tail
<LI><a href="#[9c]">&gt;&gt;</a>&nbsp;&nbsp;&nbsp;LST_remove_head
<LI><a href="#[9b]">&gt;&gt;</a>&nbsp;&nbsp;&nbsp;LST_is_empty
</UL>
<BR>[Address Reference Count : 1]<UL><LI> tl_mbox.o(.text.TL_MM_EvtDone)
</UL>
<P><STRONG><a name="[57]"></a>TlEvtReceived</STRONG> (Thumb, 68 bytes, Stack size 8 bytes, hci_tl.o(.text.TlEvtReceived))
<BR><BR>[Stack]<UL><LI>Max Depth = 8<LI>Call Chain = TlEvtReceived
</UL>
<BR>[Calls]<UL><LI><a href="#[df]">&gt;&gt;</a>&nbsp;&nbsp;&nbsp;hci_cmd_resp_release
<LI><a href="#[e0]">&gt;&gt;</a>&nbsp;&nbsp;&nbsp;hci_notify_asynch_evt
<LI><a href="#[d3]">&gt;&gt;</a>&nbsp;&nbsp;&nbsp;LST_insert_tail
</UL>
<BR>[Address Reference Count : 1]<UL><LI> hci_tl.o(.text.hci_init)
</UL>
<P><STRONG><a name="[5a]"></a>TlCmdEvtReceived</STRONG> (Thumb, 6 bytes, Stack size 0 bytes, shci_tl.o(.text.TlCmdEvtReceived))
<BR><BR>[Calls]<UL><LI><a href="#[de]">&gt;&gt;</a>&nbsp;&nbsp;&nbsp;shci_cmd_resp_release
</UL>
<BR>[Address Reference Count : 1]<UL><LI> shci_tl.o(.text.shci_init)
</UL>
<P><STRONG><a name="[5b]"></a>TlUserEvtReceived</STRONG> (Thumb, 32 bytes, Stack size 8 bytes, shci_tl.o(.text.TlUserEvtReceived))
<BR><BR>[Stack]<UL><LI>Max Depth = 8<LI>Call Chain = TlUserEvtReceived
</UL>
<BR>[Calls]<UL><LI><a href="#[e1]">&gt;&gt;</a>&nbsp;&nbsp;&nbsp;shci_notify_asynch_evt
<LI><a href="#[d3]">&gt;&gt;</a>&nbsp;&nbsp;&nbsp;LST_insert_tail
</UL>
<BR>[Address Reference Count : 1]<UL><LI> shci_tl.o(.text.shci_init)
</UL><P>
<H3>
Undefined Global Symbols
</H3><HR></body></html>
